Component: ARM Compiler 5.05 update 1 (build 106) Tool: armlink [4d0efa]

==============================================================================

Section Cross References

    stm32f1xx_hal_flash_ex.o(i.FLASH_MassErase) refers to stm32f1xx_hal_flash.o(.bss) for pFlash
    stm32f1xx_hal_flash_ex.o(i.FLASH_OB_DisableWRP) refers to stm32f1xx_hal_flash.o(i.FLASH_WaitForLastOperation) for FLASH_WaitForLastOperation
    stm32f1xx_hal_flash_ex.o(i.FLASH_OB_DisableWRP) refers to stm32f1xx_hal_flash_ex.o(i.HAL_FLASHEx_OBErase) for HAL_FLASHEx_OBErase
    stm32f1xx_hal_flash_ex.o(i.FLASH_OB_DisableWRP) refers to stm32f1xx_hal_flash.o(.bss) for pFlash
    stm32f1xx_hal_flash_ex.o(i.FLASH_OB_EnableWRP) refers to stm32f1xx_hal_flash.o(i.FLASH_WaitForLastOperation) for FLASH_WaitForLastOperation
    stm32f1xx_hal_flash_ex.o(i.FLASH_OB_EnableWRP) refers to stm32f1xx_hal_flash_ex.o(i.HAL_FLASHEx_OBErase) for HAL_FLASHEx_OBErase
    stm32f1xx_hal_flash_ex.o(i.FLASH_OB_EnableWRP) refers to stm32f1xx_hal_flash.o(.bss) for pFlash
    stm32f1xx_hal_flash_ex.o(i.FLASH_OB_RDP_LevelConfig) refers to stm32f1xx_hal_flash.o(i.FLASH_WaitForLastOperation) for FLASH_WaitForLastOperation
    stm32f1xx_hal_flash_ex.o(i.FLASH_OB_RDP_LevelConfig) refers to stm32f1xx_hal_flash.o(.bss) for pFlash
    stm32f1xx_hal_flash_ex.o(i.FLASH_PageErase) refers to stm32f1xx_hal_flash.o(.bss) for pFlash
    stm32f1xx_hal_flash_ex.o(i.HAL_FLASHEx_Erase) refers to stm32f1xx_hal_flash.o(i.FLASH_WaitForLastOperation) for FLASH_WaitForLastOperation
    stm32f1xx_hal_flash_ex.o(i.HAL_FLASHEx_Erase) refers to stm32f1xx_hal_flash_ex.o(i.FLASH_MassErase) for FLASH_MassErase
    stm32f1xx_hal_flash_ex.o(i.HAL_FLASHEx_Erase) refers to stm32f1xx_hal_flash_ex.o(i.FLASH_PageErase) for FLASH_PageErase
    stm32f1xx_hal_flash_ex.o(i.HAL_FLASHEx_Erase) refers to stm32f1xx_hal_flash.o(.bss) for pFlash
    stm32f1xx_hal_flash_ex.o(i.HAL_FLASHEx_Erase_IT) refers to stm32f1xx_hal_flash_ex.o(i.FLASH_PageErase) for FLASH_PageErase
    stm32f1xx_hal_flash_ex.o(i.HAL_FLASHEx_Erase_IT) refers to stm32f1xx_hal_flash_ex.o(i.FLASH_MassErase) for FLASH_MassErase
    stm32f1xx_hal_flash_ex.o(i.HAL_FLASHEx_Erase_IT) refers to stm32f1xx_hal_flash.o(.bss) for pFlash
    stm32f1xx_hal_flash_ex.o(i.HAL_FLASHEx_OBErase) refers to stm32f1xx_hal_flash_ex.o(i.FLASH_OB_GetRDP) for FLASH_OB_GetRDP
    stm32f1xx_hal_flash_ex.o(i.HAL_FLASHEx_OBErase) refers to stm32f1xx_hal_flash.o(i.FLASH_WaitForLastOperation) for FLASH_WaitForLastOperation
    stm32f1xx_hal_flash_ex.o(i.HAL_FLASHEx_OBErase) refers to stm32f1xx_hal_flash_ex.o(i.FLASH_OB_RDP_LevelConfig) for FLASH_OB_RDP_LevelConfig
    stm32f1xx_hal_flash_ex.o(i.HAL_FLASHEx_OBErase) refers to stm32f1xx_hal_flash.o(.bss) for pFlash
    stm32f1xx_hal_flash_ex.o(i.HAL_FLASHEx_OBGetConfig) refers to stm32f1xx_hal_flash_ex.o(i.FLASH_OB_GetRDP) for FLASH_OB_GetRDP
    stm32f1xx_hal_flash_ex.o(i.HAL_FLASHEx_OBProgram) refers to stm32f1xx_hal_flash_ex.o(i.FLASH_OB_DisableWRP) for FLASH_OB_DisableWRP
    stm32f1xx_hal_flash_ex.o(i.HAL_FLASHEx_OBProgram) refers to stm32f1xx_hal_flash_ex.o(i.FLASH_OB_EnableWRP) for FLASH_OB_EnableWRP
    stm32f1xx_hal_flash_ex.o(i.HAL_FLASHEx_OBProgram) refers to stm32f1xx_hal_flash_ex.o(i.FLASH_OB_RDP_LevelConfig) for FLASH_OB_RDP_LevelConfig
    stm32f1xx_hal_flash_ex.o(i.HAL_FLASHEx_OBProgram) refers to stm32f1xx_hal_flash.o(i.FLASH_WaitForLastOperation) for FLASH_WaitForLastOperation
    stm32f1xx_hal_flash_ex.o(i.HAL_FLASHEx_OBProgram) refers to stm32f1xx_hal_flash.o(.bss) for pFlash
    stm32f1xx_hal_tim.o(i.HAL_TIM_Base_DeInit) refers to stm32f1xx_hal_msp.o(i.HAL_TIM_Base_MspDeInit) for HAL_TIM_Base_MspDeInit
    stm32f1xx_hal_tim.o(i.HAL_TIM_Base_Init) refers to stm32f1xx_hal_msp.o(i.HAL_TIM_Base_MspInit) for HAL_TIM_Base_MspInit
    stm32f1xx_hal_tim.o(i.HAL_TIM_Base_Init) refers to stm32f1xx_hal_tim.o(i.TIM_Base_SetConfig) for TIM_Base_SetConfig
    stm32f1xx_hal_tim.o(i.HAL_TIM_Base_Start_DMA) refers to stm32f1xx_hal_dma.o(i.HAL_DMA_Start_IT) for HAL_DMA_Start_IT
    stm32f1xx_hal_tim.o(i.HAL_TIM_Base_Start_DMA) refers to stm32f1xx_hal_tim.o(i.TIM_DMAPeriodElapsedCplt) for TIM_DMAPeriodElapsedCplt
    stm32f1xx_hal_tim.o(i.HAL_TIM_Base_Start_DMA) refers to stm32f1xx_hal_tim.o(i.TIM_DMAError) for TIM_DMAError
    stm32f1xx_hal_tim.o(i.HAL_TIM_ConfigClockSource) refers to stm32f1xx_hal_tim.o(i.TIM_ETR_SetConfig) for TIM_ETR_SetConfig
    stm32f1xx_hal_tim.o(i.HAL_TIM_ConfigClockSource) refers to stm32f1xx_hal_tim.o(i.TIM_TI1_ConfigInputStage) for TIM_TI1_ConfigInputStage
    stm32f1xx_hal_tim.o(i.HAL_TIM_ConfigClockSource) refers to stm32f1xx_hal_tim.o(i.TIM_TI2_ConfigInputStage) for TIM_TI2_ConfigInputStage
    stm32f1xx_hal_tim.o(i.HAL_TIM_ConfigClockSource) refers to stm32f1xx_hal_tim.o(i.TIM_ITRx_SetConfig) for TIM_ITRx_SetConfig
    stm32f1xx_hal_tim.o(i.HAL_TIM_ConfigOCrefClear) refers to stm32f1xx_hal_tim.o(i.TIM_ETR_SetConfig) for TIM_ETR_SetConfig
[...]
    Removing stm32f1xx_hal_tim.o(i.HAL_TIM_PWM_MspInit), (2 bytes).
    Removing stm32f1xx_hal_tim.o(i.HAL_TIM_PWM_Start), (56 bytes).
    Removing stm32f1xx_hal_tim.o(i.HAL_TIM_PWM_Start_DMA), (240 bytes).
    Removing stm32f1xx_hal_tim.o(i.HAL_TIM_PWM_Start_IT), (108 bytes).
    Removing stm32f1xx_hal_tim.o(i.HAL_TIM_PWM_Stop), (92 bytes).
    Removing stm32f1xx_hal_tim.o(i.HAL_TIM_PWM_Stop_DMA), (144 bytes).
    Removing stm32f1xx_hal_tim.o(i.HAL_TIM_PWM_Stop_IT), (136 bytes).
    Removing stm32f1xx_hal_tim.o(i.HAL_TIM_PeriodElapsedCallback), (2 bytes).
    Removing stm32f1xx_hal_tim.o(i.HAL_TIM_ReadCapturedValue), (68 bytes).
    Removing stm32f1xx_hal_tim.o(i.HAL_TIM_SlaveConfigSynchronization), (66 bytes).
    Removing stm32f1xx_hal_tim.o(i.HAL_TIM_SlaveConfigSynchronization_IT), (66 bytes).
    Removing stm32f1xx_hal_tim.o(i.TIM_CCxChannelCmd), (22 bytes).
    Removing stm32f1xx_hal_tim.o(i.TIM_DMACaptureCplt), (62 bytes).
    Removing stm32f1xx_hal_tim.o(i.TIM_DMADelayPulseCplt), (62 bytes).
    Removing stm32f1xx_hal_tim.o(i.TIM_DMAError), (16 bytes).
    Removing stm32f1xx_hal_tim.o(i.TIM_DMAPeriodElapsedCplt), (16 bytes).
    Removing stm32f1xx_hal_tim.o(i.TIM_DMATriggerCplt), (16 bytes).
    Removing stm32f1xx_hal_tim.o(i.TIM_OC1_SetConfig), (96 bytes).
    Removing stm32f1xx_hal_tim.o(i.TIM_OC2_SetConfig), (108 bytes).
    Removing stm32f1xx_hal_tim.o(i.TIM_OC3_SetConfig), (104 bytes).
    Removing stm32f1xx_hal_tim.o(i.TIM_OC4_SetConfig), (80 bytes).
    Removing stm32f1xx_hal_tim.o(i.TIM_SlaveTimer_SetConfig), (124 bytes).
    Removing stm32f1xx_hal_tim.o(i.TIM_TI1_SetConfig), (108 bytes).
    Removing stm32f1xx_hal_tim.o(i.TIM_TI2_SetConfig), (54 bytes).
    Removing stm32f1xx_hal_iwdg.o(.rev16_text), (4 bytes).
    Removing stm32f1xx_hal_iwdg.o(.revsh_text), (4 bytes).
    Removing stm32f1xx_hal_iwdg.o(.rrx_text), (6 bytes).
    Removing stm32f1xx_hal_iwdg.o(i.HAL_IWDG_Init), (82 bytes).
    Removing stm32f1xx_hal_iwdg.o(i.HAL_IWDG_Refresh), (12 bytes).
    Removing stm32f1xx_hal.o(.rev16_text), (4 bytes).
    Removing stm32f1xx_hal.o(.revsh_text), (4 bytes).
    Removing stm32f1xx_hal.o(.rrx_text), (6 bytes).
    Removing stm32f1xx_hal.o(i.HAL_DBGMCU_DisableDBGSleepMode), (16 bytes).
    Removing stm32f1xx_hal.o(i.HAL_DBGMCU_DisableDBGStandbyMode), (16 bytes).
    Removing stm32f1xx_hal.o(i.HAL_DBGMCU_DisableDBGStopMode), (16 bytes).
    Removing stm32f1xx_hal.o(i.HAL_DBGMCU_EnableDBGSleepMode), (16 bytes).
    Removing stm32f1xx_hal.o(i.HAL_DBGMCU_EnableDBGStandbyMode), (16 bytes).
    Removing stm32f1xx_hal.o(i.HAL_DBGMCU_EnableDBGStopMode), (16 bytes).
    Removing stm32f1xx_hal.o(i.HAL_DeInit), (32 bytes).
    Removing stm32f1xx_hal.o(i.HAL_GetDEVID), (16 bytes).
    Removing stm32f1xx_hal.o(i.HAL_GetHalVersion), (8 bytes).
    Removing stm32f1xx_hal.o(i.HAL_GetREVID), (12 bytes).
    Removing stm32f1xx_hal.o(i.HAL_GetUID), (28 bytes).
    Removing stm32f1xx_hal.o(i.HAL_MspDeInit), (2 bytes).
    Removing stm32f1xx_hal.o(i.HAL_MspInit), (2 bytes).
    Removing stm32f1xx_hal.o(i.HAL_ResumeTick), (14 bytes).
    Removing stm32f1xx_hal.o(i.HAL_SuspendTick), (14 bytes).
    Removing stm32f1xx_hal_adc_ex.o(.rev16_text), (4 bytes).
    Removing stm32f1xx_hal_adc_ex.o(.revsh_text), (4 bytes).
    Removing stm32f1xx_hal_adc_ex.o(.rrx_text), (6 bytes).
    Removing stm32f1xx_hal_adc_ex.o(i.HAL_ADCEx_InjectedConfigChannel), (496 bytes).
    Removing stm32f1xx_hal_adc_ex.o(i.HAL_ADCEx_InjectedConvCpltCallback), (2 bytes).
    Removing stm32f1xx_hal_adc_ex.o(i.HAL_ADCEx_InjectedGetValue), (30 bytes).
    Removing stm32f1xx_hal_adc_ex.o(i.HAL_ADCEx_InjectedPollForConversion), (292 bytes).
    Removing stm32f1xx_hal_adc_ex.o(i.HAL_ADCEx_InjectedStart), (168 bytes).
    Removing stm32f1xx_hal_adc_ex.o(i.HAL_ADCEx_InjectedStart_IT), (180 bytes).
    Removing stm32f1xx_hal_adc_ex.o(i.HAL_ADCEx_InjectedStop), (78 bytes).
    Removing stm32f1xx_hal_adc_ex.o(i.HAL_ADCEx_InjectedStop_IT), (88 bytes).
    Removing stm32f1xx_hal_adc_ex.o(i.HAL_ADCEx_MultiModeConfigChannel), (100 bytes).
    Removing stm32f1xx_hal_adc_ex.o(i.HAL_ADCEx_MultiModeGetValue), (32 bytes).
    Removing stm32f1xx_hal_adc_ex.o(i.HAL_ADCEx_MultiModeStart_DMA), (232 bytes).
    Removing stm32f1xx_hal_adc_ex.o(i.HAL_ADCEx_MultiModeStop_DMA), (116 bytes).
    Removing stm32f1xx_hal_tim_ex.o(.rev16_text), (4 bytes).
    Removing stm32f1xx_hal_tim_ex.o(.revsh_text), (4 bytes).
    Removing stm32f1xx_hal_tim_ex.o(.rrx_text), (6 bytes).
    Removing stm32f1xx_hal_tim_ex.o(i.HAL_TIMEx_ConfigBreakDeadTime), (90 bytes).
    Removing stm32f1xx_hal_tim_ex.o(i.HAL_TIMEx_ConfigCommutationEvent), (92 bytes).
    Removing stm32f1xx_hal_tim_ex.o(i.HAL_TIMEx_ConfigCommutationEvent_DMA), (124 bytes).
    Removing stm32f1xx_hal_tim_ex.o(i.HAL_TIMEx_ConfigCommutationEvent_IT), (102 bytes).
    Removing stm32f1xx_hal_tim_ex.o(i.HAL_TIMEx_HallSensor_DeInit), (56 bytes).
    Removing stm32f1xx_hal_tim_ex.o(i.HAL_TIMEx_HallSensor_GetState), (6 bytes).
    Removing stm32f1xx_hal_tim_ex.o(i.HAL_TIMEx_HallSensor_Init), (188 bytes).
    Removing stm32f1xx_hal_tim_ex.o(i.HAL_TIMEx_HallSensor_MspDeInit), (2 bytes).
    Removing stm32f1xx_hal_tim_ex.o(i.HAL_TIMEx_HallSensor_MspInit), (2 bytes).
    Removing stm32f1xx_hal_tim_ex.o(i.HAL_TIMEx_HallSensor_Start), (28 bytes).
    Removing stm32f1xx_hal_tim_ex.o(i.HAL_TIMEx_HallSensor_Start_DMA), (104 bytes).
    Removing stm32f1xx_hal_tim_ex.o(i.HAL_TIMEx_HallSensor_Start_IT), (38 bytes).
    Removing stm32f1xx_hal_tim_ex.o(i.HAL_TIMEx_HallSensor_Stop), (46 bytes).
    Removing stm32f1xx_hal_tim_ex.o(i.HAL_TIMEx_HallSensor_Stop_DMA), (56 bytes).
    Removing stm32f1xx_hal_tim_ex.o(i.HAL_TIMEx_HallSensor_Stop_IT), (56 bytes).
    Removing stm32f1xx_hal_tim_ex.o(i.HAL_TIMEx_OCN_Start), (36 bytes).
    Removing stm32f1xx_hal_tim_ex.o(i.HAL_TIMEx_OCN_Start_DMA), (220 bytes).
    Removing stm32f1xx_hal_tim_ex.o(i.HAL_TIMEx_OCN_Start_IT), (96 bytes).
    Removing stm32f1xx_hal_tim_ex.o(i.HAL_TIMEx_OCN_Stop), (68 bytes).
    Removing stm32f1xx_hal_tim_ex.o(i.HAL_TIMEx_OCN_Stop_DMA), (124 bytes).
    Removing stm32f1xx_hal_tim_ex.o(i.HAL_TIMEx_OCN_Stop_IT), (134 bytes).
    Removing stm32f1xx_hal_tim_ex.o(i.HAL_TIMEx_OnePulseN_Start), (26 bytes).
    Removing stm32f1xx_hal_tim_ex.o(i.HAL_TIMEx_OnePulseN_Start_IT), (46 bytes).
    Removing stm32f1xx_hal_tim_ex.o(i.HAL_TIMEx_OnePulseN_Stop), (68 bytes).
    Removing stm32f1xx_hal_tim_ex.o(i.HAL_TIMEx_OnePulseN_Stop_IT), (88 bytes).
    Removing stm32f1xx_hal_tim_ex.o(i.HAL_TIMEx_PWMN_Start), (36 bytes).
    Removing stm32f1xx_hal_tim_ex.o(i.HAL_TIMEx_PWMN_Start_DMA), (220 bytes).
    Removing stm32f1xx_hal_tim_ex.o(i.HAL_TIMEx_PWMN_Start_IT), (96 bytes).
    Removing stm32f1xx_hal_tim_ex.o(i.HAL_TIMEx_PWMN_Stop), (68 bytes).
    Removing stm32f1xx_hal_tim_ex.o(i.HAL_TIMEx_PWMN_Stop_DMA), (124 bytes).
    Removing stm32f1xx_hal_tim_ex.o(i.HAL_TIMEx_PWMN_Stop_IT), (134 bytes).
    Removing stm32f1xx_hal_tim_ex.o(i.TIMEx_DMACommutationCplt), (16 bytes).
    Removing stm32f1xx_hal_tim_ex.o(i.TIM_CCxNChannelCmd), (22 bytes).
    Removing stm32f1xx_hal_uart.o(.rev16_text), (4 bytes).
    Removing stm32f1xx_hal_uart.o(.revsh_text), (4 bytes).
    Removing stm32f1xx_hal_uart.o(.rrx_text), (6 bytes).
    Removing stm32f1xx_hal_uart.o(i.HAL_HalfDuplex_EnableReceiver), (50 bytes).
    Removing stm32f1xx_hal_uart.o(i.HAL_HalfDuplex_EnableTransmitter), (50 bytes).
    Removing stm32f1xx_hal_uart.o(i.HAL_HalfDuplex_Init), (108 bytes).
    Removing stm32f1xx_hal_uart.o(i.HAL_LIN_Init), (122 bytes).
    Removing stm32f1xx_hal_uart.o(i.HAL_LIN_SendBreak), (46 bytes).
    Removing stm32f1xx_hal_uart.o(i.HAL_MultiProcessor_EnterMuteMode), (46 bytes).
    Removing stm32f1xx_hal_uart.o(i.HAL_MultiProcessor_ExitMuteMode), (46 bytes).
    Removing stm32f1xx_hal_uart.o(i.HAL_MultiProcessor_Init), (130 bytes).
    Removing stm32f1xx_hal_uart.o(i.HAL_UART_Abort), (104 bytes).
    Removing stm32f1xx_hal_uart.o(i.HAL_UART_AbortCpltCallback), (2 bytes).
    Removing stm32f1xx_hal_uart.o(i.HAL_UART_AbortReceive), (68 bytes).
    Removing stm32f1xx_hal_uart.o(i.HAL_UART_AbortReceiveCpltCallback), (2 bytes).
    Removing stm32f1xx_hal_uart.o(i.HAL_UART_AbortReceive_IT), (92 bytes).
    Removing stm32f1xx_hal_uart.o(i.HAL_UART_AbortTransmit), (58 bytes).
    Removing stm32f1xx_hal_uart.o(i.HAL_UART_AbortTransmitCpltCallback), (2 bytes).
    Removing stm32f1xx_hal_uart.o(i.HAL_UART_AbortTransmit_IT), (84 bytes).
    Removing stm32f1xx_hal_uart.o(i.HAL_UART_Abort_IT), (172 bytes).
    Removing stm32f1xx_hal_uart.o(i.HAL_UART_DMAPause), (102 bytes).
    Removing stm32f1xx_hal_uart.o(i.HAL_UART_DMAResume), (94 bytes).
    Removing stm32f1xx_hal_uart.o(i.HAL_UART_DMAStop), (88 bytes).
    Removing stm32f1xx_hal_uart.o(i.HAL_UART_DeInit), (40 bytes).
    Removing stm32f1xx_hal_uart.o(i.HAL_UART_GetError), (4 bytes).
    Removing stm32f1xx_hal_uart.o(i.HAL_UART_GetState), (10 bytes).
    Removing stm32f1xx_hal_uart.o(i.HAL_UART_MspDeInit), (2 bytes).
    Removing stm32f1xx_hal_uart.o(i.HAL_UART_MspInit), (2 bytes).
    Removing stm32f1xx_hal_uart.o(i.HAL_UART_Receive), (184 bytes).
    Removing stm32f1xx_hal_uart.o(i.HAL_UART_Receive_DMA), (152 bytes).
    Removing stm32f1xx_hal_uart.o(i.HAL_UART_RxCpltCallback), (2 bytes).
    Removing stm32f1xx_hal_uart.o(i.HAL_UART_RxHalfCpltCallback), (2 bytes).
    Removing stm32f1xx_hal_uart.o(i.HAL_UART_Transmit_DMA), (128 bytes).
    Removing stm32f1xx_hal_uart.o(i.HAL_UART_Transmit_IT), (62 bytes).
    Removing stm32f1xx_hal_uart.o(i.HAL_UART_TxHalfCpltCallback), (2 bytes).
    Removing stm32f1xx_hal_uart.o(i.UART_DMAError), (74 bytes).
    Removing stm32f1xx_hal_uart.o(i.UART_DMAReceiveCplt), (60 bytes).
    Removing stm32f1xx_hal_uart.o(i.UART_DMARxAbortCallback), (42 bytes).
    Removing stm32f1xx_hal_uart.o(i.UART_DMARxHalfCplt), (10 bytes).
    Removing stm32f1xx_hal_uart.o(i.UART_DMARxOnlyAbortCallback), (20 bytes).
    Removing stm32f1xx_hal_uart.o(i.UART_DMATransmitCplt), (46 bytes).
    Removing stm32f1xx_hal_uart.o(i.UART_DMATxAbortCallback), (42 bytes).
    Removing stm32f1xx_hal_uart.o(i.UART_DMATxHalfCplt), (10 bytes).
    Removing stm32f1xx_hal_uart.o(i.UART_DMATxOnlyAbortCallback), (20 bytes).
    Removing stm32f1xx_hal_uart.o(i.UART_EndTxTransfer), (18 bytes).
    Removing stm32f1xx_hal_cortex.o(.rev16_text), (4 bytes).
    Removing stm32f1xx_hal_cortex.o(.revsh_text), (4 bytes).
    Removing stm32f1xx_hal_cortex.o(.rrx_text), (6 bytes).
    Removing stm32f1xx_hal_cortex.o(i.HAL_NVIC_ClearPendingIRQ), (22 bytes).
    Removing stm32f1xx_hal_cortex.o(i.HAL_NVIC_DisableIRQ), (22 bytes).
    Removing stm32f1xx_hal_cortex.o(i.HAL_NVIC_GetActive), (32 bytes).
    Removing stm32f1xx_hal_cortex.o(i.HAL_NVIC_GetPendingIRQ), (32 bytes).
    Removing stm32f1xx_hal_cortex.o(i.HAL_NVIC_GetPriority), (82 bytes).
    Removing stm32f1xx_hal_cortex.o(i.HAL_NVIC_GetPriorityGrouping), (16 bytes).
    Removing stm32f1xx_hal_cortex.o(i.HAL_NVIC_SetPendingIRQ), (22 bytes).
    Removing stm32f1xx_hal_cortex.o(i.HAL_NVIC_SystemReset), (36 bytes).
    Removing stm32f1xx_hal_pwr.o(.rev16_text), (4 bytes).
    Removing stm32f1xx_hal_pwr.o(.revsh_text), (4 bytes).
    Removing stm32f1xx_hal_pwr.o(.rrx_text), (6 bytes).
    Removing stm32f1xx_hal_pwr.o(i.HAL_PWR_ConfigPVD), (124 bytes).
    Removing stm32f1xx_hal_pwr.o(i.HAL_PWR_DeInit), (24 bytes).
    Removing stm32f1xx_hal_pwr.o(i.HAL_PWR_DisableBkUpAccess), (12 bytes).
    Removing stm32f1xx_hal_pwr.o(i.HAL_PWR_DisablePVD), (12 bytes).
    Removing stm32f1xx_hal_pwr.o(i.HAL_PWR_DisableSEVOnPend), (16 bytes).
    Removing stm32f1xx_hal_pwr.o(i.HAL_PWR_DisableSleepOnExit), (16 bytes).
    Removing stm32f1xx_hal_pwr.o(i.HAL_PWR_DisableWakeUpPin), (28 bytes).
    Removing stm32f1xx_hal_pwr.o(i.HAL_PWR_EnableBkUpAccess), (12 bytes).
    Removing stm32f1xx_hal_pwr.o(i.HAL_PWR_EnablePVD), (12 bytes).
    Removing stm32f1xx_hal_pwr.o(i.HAL_PWR_EnableSEVOnPend), (16 bytes).
    Removing stm32f1xx_hal_pwr.o(i.HAL_PWR_EnableSleepOnExit), (16 bytes).
    Removing stm32f1xx_hal_pwr.o(i.HAL_PWR_EnableWakeUpPin), (28 bytes).
    Removing stm32f1xx_hal_pwr.o(i.HAL_PWR_EnterSLEEPMode), (32 bytes).
    Removing stm32f1xx_hal_pwr.o(i.HAL_PWR_EnterSTANDBYMode), (32 bytes).
    Removing stm32f1xx_hal_pwr.o(i.HAL_PWR_EnterSTOPMode), (68 bytes).
    Removing stm32f1xx_hal_pwr.o(i.HAL_PWR_PVDCallback), (2 bytes).
    Removing stm32f1xx_hal_pwr.o(i.HAL_PWR_PVD_IRQHandler), (28 bytes).
    Removing stm32f1xx_hal_pwr.o(i.PWR_OverloadWfe), (6 bytes).
    Removing stm32f1xx_hal_dma.o(.rev16_text), (4 bytes).
    Removing stm32f1xx_hal_dma.o(.revsh_text), (4 bytes).
    Removing stm32f1xx_hal_dma.o(.rrx_text), (6 bytes).
    Removing stm32f1xx_hal_dma.o(i.HAL_DMA_Abort), (48 bytes).
    Removing stm32f1xx_hal_dma.o(i.HAL_DMA_DeInit), (120 bytes).
    Removing stm32f1xx_hal_dma.o(i.HAL_DMA_GetError), (4 bytes).
    Removing stm32f1xx_hal_dma.o(i.HAL_DMA_GetState), (6 bytes).
    Removing stm32f1xx_hal_dma.o(i.HAL_DMA_PollForTransfer), (988 bytes).
    Removing stm32f1xx_hal_dma.o(i.HAL_DMA_RegisterCallback), (74 bytes).
    Removing stm32f1xx_hal_dma.o(i.HAL_DMA_Start), (80 bytes).
    Removing stm32f1xx_hal_dma.o(i.HAL_DMA_UnRegisterCallback), (82 bytes).
    Removing stm32f1xx_hal_adc.o(.rev16_text), (4 bytes).
    Removing stm32f1xx_hal_adc.o(.revsh_text), (4 bytes).
    Removing stm32f1xx_hal_adc.o(.rrx_text), (6 bytes).
    Removing stm32f1xx_hal_adc.o(i.HAL_ADC_AnalogWDGConfig), (88 bytes).
    Removing stm32f1xx_hal_adc.o(i.HAL_ADC_ConvCpltCallback), (2 bytes).
    Removing stm32f1xx_hal_adc.o(i.HAL_ADC_DeInit), (228 bytes).
    Removing stm32f1xx_hal_adc.o(i.HAL_ADC_GetError), (4 bytes).
    Removing stm32f1xx_hal_adc.o(i.HAL_ADC_GetState), (4 bytes).
    Removing stm32f1xx_hal_adc.o(i.HAL_ADC_GetValue), (6 bytes).
    Removing stm32f1xx_hal_adc.o(i.HAL_ADC_IRQHandler), (230 bytes).
    Removing stm32f1xx_hal_adc.o(i.HAL_ADC_LevelOutOfWindowCallback), (2 bytes).
    Removing stm32f1xx_hal_adc.o(i.HAL_ADC_MspDeInit), (2 bytes).
    Removing stm32f1xx_hal_adc.o(i.HAL_ADC_MspInit), (2 bytes).
    Removing stm32f1xx_hal_adc.o(i.HAL_ADC_PollForConversion), (304 bytes).
    Removing stm32f1xx_hal_adc.o(i.HAL_ADC_PollForEvent), (84 bytes).
    Removing stm32f1xx_hal_adc.o(i.HAL_ADC_Start), (192 bytes).
    Removing stm32f1xx_hal_adc.o(i.HAL_ADC_Start_IT), (204 bytes).
    Removing stm32f1xx_hal_adc.o(i.HAL_ADC_Stop), (52 bytes).
    Removing stm32f1xx_hal_adc.o(i.HAL_ADC_Stop_DMA), (76 bytes).
    Removing stm32f1xx_hal_adc.o(i.HAL_ADC_Stop_IT), (62 bytes).
    Removing stm32f1xx_hal_gpio.o(.rev16_text), (4 bytes).
    Removing stm32f1xx_hal_gpio.o(.revsh_text), (4 bytes).
    Removing stm32f1xx_hal_gpio.o(.rrx_text), (6 bytes).
    Removing stm32f1xx_hal_gpio.o(i.HAL_GPIO_DeInit), (256 bytes).
    Removing stm32f1xx_hal_gpio.o(i.HAL_GPIO_EXTI_Callback), (2 bytes).
    Removing stm32f1xx_hal_gpio.o(i.HAL_GPIO_LockPin), (34 bytes).
    Removing stm32f1xx_hal_flash.o(.rev16_text), (4 bytes).
    Removing stm32f1xx_hal_flash.o(.revsh_text), (4 bytes).
    Removing stm32f1xx_hal_flash.o(.rrx_text), (6 bytes).
    Removing stm32f1xx_hal_flash.o(i.FLASH_Program_HalfWord), (28 bytes).
    Removing stm32f1xx_hal_flash.o(i.FLASH_SetErrorCode), (92 bytes).
    Removing stm32f1xx_hal_flash.o(i.FLASH_WaitForLastOperation), (84 bytes).
    Removing stm32f1xx_hal_flash.o(i.HAL_FLASH_EndOfOperationCallback), (2 bytes).
    Removing stm32f1xx_hal_flash.o(i.HAL_FLASH_GetError), (12 bytes).
    Removing stm32f1xx_hal_flash.o(i.HAL_FLASH_IRQHandler), (260 bytes).
    Removing stm32f1xx_hal_flash.o(i.HAL_FLASH_Lock), (20 bytes).
    Removing stm32f1xx_hal_flash.o(i.HAL_FLASH_OB_Launch), (4 bytes).
    Removing stm32f1xx_hal_flash.o(i.HAL_FLASH_OB_Lock), (20 bytes).
    Removing stm32f1xx_hal_flash.o(i.HAL_FLASH_OB_Unlock), (36 bytes).
    Removing stm32f1xx_hal_flash.o(i.HAL_FLASH_OperationErrorCallback), (2 bytes).
    Removing stm32f1xx_hal_flash.o(i.HAL_FLASH_Program), (128 bytes).
    Removing stm32f1xx_hal_flash.o(i.HAL_FLASH_Program_IT), (100 bytes).
    Removing stm32f1xx_hal_flash.o(i.HAL_FLASH_Unlock), (36 bytes).
    Removing stm32f1xx_hal_flash.o(.bss), (32 bytes).
    Removing stm32f1xx_hal_rcc_ex.o(.rev16_text), (4 bytes).
    Removing stm32f1xx_hal_rcc_ex.o(.revsh_text), (4 bytes).
    Removing stm32f1xx_hal_rcc_ex.o(.rrx_text), (6 bytes).
    Removing stm32f1xx_hal_rcc_ex.o(i.HAL_RCCEx_GetPeriphCLKConfig), (52 bytes).
    Removing stm32f1xx_hal_rcc.o(.rev16_text), (4 bytes).
    Removing stm32f1xx_hal_rcc.o(.revsh_text), (4 bytes).
    Removing stm32f1xx_hal_rcc.o(.rrx_text), (6 bytes).
    Removing stm32f1xx_hal_rcc.o(i.HAL_RCC_CSSCallback), (2 bytes).
    Removing stm32f1xx_hal_rcc.o(i.HAL_RCC_DeInit), (68 bytes).
    Removing stm32f1xx_hal_rcc.o(i.HAL_RCC_DisableCSS), (12 bytes).
    Removing stm32f1xx_hal_rcc.o(i.HAL_RCC_EnableCSS), (12 bytes).
    Removing stm32f1xx_hal_rcc.o(i.HAL_RCC_GetClockConfig), (64 bytes).
    Removing stm32f1xx_hal_rcc.o(i.HAL_RCC_GetOscConfig), (144 bytes).
    Removing stm32f1xx_hal_rcc.o(i.HAL_RCC_MCOConfig), (72 bytes).
    Removing stm32f1xx_hal_rcc.o(i.HAL_RCC_NMI_IRQHandler), (24 bytes).
    Removing system_stm32f1xx.o(.rev16_text), (4 bytes).
    Removing system_stm32f1xx.o(.revsh_text), (4 bytes).
    Removing system_stm32f1xx.o(.rrx_text), (6 bytes).
    Removing system_stm32f1xx.o(i.SystemCoreClockUpdate), (104 bytes).
    Removing user_flash.o(.rev16_text), (4 bytes).
    Removing user_flash.o(.revsh_text), (4 bytes).
    Removing user_flash.o(.rrx_text), (6 bytes).
    Removing user_flash.o(i.flash_read), (46 bytes).
    Removing user_flash.o(i.flash_read_user_data), (12 bytes).
    Removing user_io.o(.rev16_text), (4 bytes).
    Removing user_io.o(.revsh_text), (4 bytes).
    Removing user_io.o(.rrx_text), (6 bytes).
    Removing user_time.o(.rev16_text), (4 bytes).
    Removing user_time.o(.revsh_text), (4 bytes).
    Removing user_time.o(.rrx_text), (6 bytes).
    Removing user_uart.o(.rev16_text), (4 bytes).
    Removing user_uart.o(.revsh_text), (4 bytes).
    Removing user_uart.o(.rrx_text), (6 bytes).
    Removing user_uart.o(i.fputc), (24 bytes).
    Removing stm32f1xx_hal_msp.o(.rev16_text), (4 bytes).
    Removing stm32f1xx_hal_msp.o(.revsh_text), (4 bytes).
    Removing stm32f1xx_hal_msp.o(.rrx_text), (6 bytes).
    Removing stm32f1xx_hal_msp.o(i.HAL_ADC_MspDeInit), (56 bytes).
    Removing stm32f1xx_hal_msp.o(i.HAL_TIM_Base_MspDeInit), (76 bytes).
    Removing stm32f1xx_hal_msp.o(i.HAL_UART_MspDeInit), (88 bytes).
    Removing main.o(.rev16_text), (4 bytes).
    Removing main.o(.revsh_text), (4 bytes).
    Removing main.o(.rrx_text), (6 bytes).
    Removing main.o(i.delay_ms), (22 bytes).
    Removing main.o(i.delay_ns), (6 bytes).
    Removing main.o(i.delay_us), (16 bytes).
    Removing main.o(.bss), (12 bytes).
    Removing main.o(.data), (4 bytes).
    Removing stm32f1xx_it.o(.rev16_text), (4 bytes).
    Removing stm32f1xx_it.o(.revsh_text), (4 bytes).
    Removing stm32f1xx_it.o(.rrx_text), (6 bytes).
    Removing startup_stm32f103xe.o(HEAP), (512 bytes).

373 unused section(s) (total 21966 bytes) removed from the image.

==============================================================================

Image Symbol Table

    Local Symbols

    Symbol Name                              Value     Ov Type        Size  Object(Section)

    ../Drivers/STM32F1xx_HAL_Driver/Src/stm32f1xx_hal.c 0x00000000   Number         0  stm32f1xx_hal.o ABSOLUTE
    ../Drivers/STM32F1xx_HAL_Driver/Src/stm32f1xx_hal_adc.c 0x00000000   Number         0  stm32f1xx_hal_adc.o ABSOLUTE
    ../Drivers/STM32F1xx_HAL_Driver/Src/stm32f1xx_hal_adc_ex.c 0x00000000   Number         0  stm32f1xx_hal_adc_ex.o ABSOLUTE
    ../Drivers/STM32F1xx_HAL_Driver/Src/stm32f1xx_hal_cortex.c 0x00000000   Number         0  stm32f1xx_hal_cortex.o ABSOLUTE
    ../Drivers/STM32F1xx_HAL_Driver/Src/stm32f1xx_hal_dma.c 0x00000000   Number         0  stm32f1xx_hal_dma.o ABSOLUTE
    ../Drivers/STM32F1xx_HAL_Driver/Src/stm32f1xx_hal_flash.c 0x00000000   Number         0  stm32f1xx_hal_flash.o ABSOLUTE
    ../Drivers/STM32F1xx_HAL_Driver/Src/stm32f1xx_hal_flash_ex.c 0x00000000   Number         0  stm32f1xx_hal_flash_ex.o ABSOLUTE
    ../Drivers/STM32F1xx_HAL_Driver/Src/stm32f1xx_hal_gpio.c 0x00000000   Number         0  stm32f1xx_hal_gpio.o ABSOLUTE
    ../Drivers/STM32F1xx_HAL_Driver/Src/stm32f1xx_hal_gpio_ex.c 0x00000000   Number         0  stm32f1xx_hal_gpio_ex.o ABSOLUTE
    ../Drivers/STM32F1xx_HAL_Driver/Src/stm32f1xx_hal_iwdg.c 0x00000000   Number         0  stm32f1xx_hal_iwdg.o ABSOLUTE
    ../Drivers/STM32F1xx_HAL_Driver/Src/stm32f1xx_hal_pwr.c 0x00000000   Number         0  stm32f1xx_hal_pwr.o ABSOLUTE
    ../Drivers/STM32F1xx_HAL_Driver/Src/stm32f1xx_hal_rcc.c 0x00000000   Number         0  stm32f1xx_hal_rcc.o ABSOLUTE
    ../Drivers/STM32F1xx_HAL_Driver/Src/stm32f1xx_hal_rcc_ex.c 0x00000000   Number         0  stm32f1xx_hal_rcc_ex.o ABSOLUTE
    ../Drivers/STM32F1xx_HAL_Driver/Src/stm32f1xx_hal_tim.c 0x00000000   Number         0  stm32f1xx_hal_tim.o ABSOLUTE
    ../Drivers/STM32F1xx_HAL_Driver/Src/stm32f1xx_hal_tim_ex.c 0x00000000   Number         0  stm32f1xx_hal_tim_ex.o ABSOLUTE
    ../Drivers/STM32F1xx_HAL_Driver/Src/stm32f1xx_hal_uart.c 0x00000000   Number         0  stm32f1xx_hal_uart.o ABSOLUTE
    ../Src/main.c                            0x00000000   Number         0  main.o ABSOLUTE
    ../Src/stm32f1xx_hal_msp.c               0x00000000   Number         0  stm32f1xx_hal_msp.o ABSOLUTE
    ../Src/stm32f1xx_it.c                    0x00000000   Number         0  stm32f1xx_it.o ABSOLUTE
    ../Src/system_stm32f1xx.c                0x00000000   Number         0  system_stm32f1xx.o ABSOLUTE
    ../clib/microlib/init/entry.s            0x00000000   Number         0  entry11a.o ABSOLUTE
    ../clib/microlib/init/entry.s            0x00000000   Number         0  entry.o ABSOLUTE
    ../clib/microlib/init/entry.s            0x00000000   Number         0  entry8b.o ABSOLUTE
    ../clib/microlib/init/entry.s            0x00000000   Number         0  entry10b.o ABSOLUTE
    ../clib/microlib/init/entry.s            0x00000000   Number         0  entry10a.o ABSOLUTE
    ../clib/microlib/init/entry.s            0x00000000   Number         0  entry9b.o ABSOLUTE
    ../clib/microlib/init/entry.s            0x00000000   Number         0  entry9a.o ABSOLUTE
    ../clib/microlib/init/entry.s            0x00000000   Number         0  entry8a.o ABSOLUTE
    ../clib/microlib/init/entry.s            0x00000000   Number         0  entry2.o ABSOLUTE
    ../clib/microlib/init/entry.s            0x00000000   Number         0  entry5.o ABSOLUTE
    ../clib/microlib/init/entry.s            0x00000000   Number         0  entry7b.o ABSOLUTE
    ../clib/microlib/init/entry.s            0x00000000   Number         0  entry11b.o ABSOLUTE
    ../clib/microlib/init/entry.s            0x00000000   Number         0  entry7a.o ABSOLUTE
    ../clib/microlib/longlong.c              0x00000000   Number         0  llushr.o ABSOLUTE
    ../clib/microlib/longlong.c              0x00000000   Number         0  llshl.o ABSOLUTE
    ../clib/microlib/longlong.c              0x00000000   Number         0  llsshr.o ABSOLUTE
    ../clib/microlib/string/memset.c         0x00000000   Number         0  memseta.o ABSOLUTE
    ../clib/microlib/stubs.s                 0x00000000   Number         0  iusefp.o ABSOLUTE
    ../fplib/microlib/fpadd.c                0x00000000   Number         0  dadd.o ABSOLUTE
    ../fplib/microlib/fpepilogue.c           0x00000000   Number         0  depilogue.o ABSOLUTE
    ../fplib/microlib/fpfix.c                0x00000000   Number         0  dfixi.o ABSOLUTE
    ../fplib/microlib/fpfix.c                0x00000000   Number         0  dfixui.o ABSOLUTE
    ../fplib/microlib/fpflt.c                0x00000000   Number         0  dflti.o ABSOLUTE
    ../fplib/microlib/fpflt.c                0x00000000   Number         0  dfltui.o ABSOLUTE
    ../fplib/microlib/fpmul.c                0x00000000   Number         0  dmul.o ABSOLUTE
    ..\Drivers\STM32F1xx_HAL_Driver\Src\stm32f1xx_hal.c 0x00000000   Number         0  stm32f1xx_hal.o ABSOLUTE
    ..\Drivers\STM32F1xx_HAL_Driver\Src\stm32f1xx_hal_adc.c 0x00000000   Number         0  stm32f1xx_hal_adc.o ABSOLUTE
    ..\Drivers\STM32F1xx_HAL_Driver\Src\stm32f1xx_hal_adc_ex.c 0x00000000   Number         0  stm32f1xx_hal_adc_ex.o ABSOLUTE
    ..\Drivers\STM32F1xx_HAL_Driver\Src\stm32f1xx_hal_cortex.c 0x00000000   Number         0  stm32f1xx_hal_cortex.o ABSOLUTE
    ..\Drivers\STM32F1xx_HAL_Driver\Src\stm32f1xx_hal_dma.c 0x00000000   Number         0  stm32f1xx_hal_dma.o ABSOLUTE
    ..\Drivers\STM32F1xx_HAL_Driver\Src\stm32f1xx_hal_flash.c 0x00000000   Number         0  stm32f1xx_hal_flash.o ABSOLUTE
    ..\Drivers\STM32F1xx_HAL_Driver\Src\stm32f1xx_hal_flash_ex.c 0x00000000   Number         0  stm32f1xx_hal_flash_ex.o ABSOLUTE
    ..\Drivers\STM32F1xx_HAL_Driver\Src\stm32f1xx_hal_gpio.c 0x00000000   Number         0  stm32f1xx_hal_gpio.o ABSOLUTE
    ..\Drivers\STM32F1xx_HAL_Driver\Src\stm32f1xx_hal_gpio_ex.c 0x00000000   Number         0  stm32f1xx_hal_gpio_ex.o ABSOLUTE
    ..\Drivers\STM32F1xx_HAL_Driver\Src\stm32f1xx_hal_iwdg.c 0x00000000   Number         0  stm32f1xx_hal_iwdg.o ABSOLUTE
    ..\Drivers\STM32F1xx_HAL_Driver\Src\stm32f1xx_hal_pwr.c 0x00000000   Number         0  stm32f1xx_hal_pwr.o ABSOLUTE
    ..\Drivers\STM32F1xx_HAL_Driver\Src\stm32f1xx_hal_rcc.c 0x00000000   Number         0  stm32f1xx_hal_rcc.o ABSOLUTE
    ..\Drivers\STM32F1xx_HAL_Driver\Src\stm32f1xx_hal_rcc_ex.c 0x00000000   Number         0  stm32f1xx_hal_rcc_ex.o ABSOLUTE
    ..\Drivers\STM32F1xx_HAL_Driver\Src\stm32f1xx_hal_tim.c 0x00000000   Number         0  stm32f1xx_hal_tim.o ABSOLUTE
    ..\Drivers\STM32F1xx_HAL_Driver\Src\stm32f1xx_hal_tim_ex.c 0x00000000   Number         0  stm32f1xx_hal_tim_ex.o ABSOLUTE
    ..\Drivers\STM32F1xx_HAL_Driver\Src\stm32f1xx_hal_uart.c 0x00000000   Number         0  stm32f1xx_hal_uart.o ABSOLUTE
    ..\Src\main.c                            0x00000000   Number         0  main.o ABSOLUTE
    ..\Src\stm32f1xx_hal_msp.c               0x00000000   Number         0  stm32f1xx_hal_msp.o ABSOLUTE
    ..\Src\stm32f1xx_it.c                    0x00000000   Number         0  stm32f1xx_it.o ABSOLUTE
    ..\Src\system_stm32f1xx.c                0x00000000   Number         0  system_stm32f1xx.o ABSOLUTE
    ..\Src\user_flash.c                      0x00000000   Number         0  user_flash.o ABSOLUTE
    ..\Src\user_io.c                         0x00000000   Number         0  user_io.o ABSOLUTE
    ..\Src\user_time.c                       0x00000000   Number         0  user_time.o ABSOLUTE
    ..\Src\user_uart.c                       0x00000000   Number         0  user_uart.o ABSOLUTE
    ..\\Src\\user_flash.c                    0x00000000   Number         0  user_flash.o ABSOLUTE
    ..\\Src\\user_io.c                       0x00000000   Number         0  user_io.o ABSOLUTE
    ..\\Src\\user_time.c                     0x00000000   Number         0  user_time.o ABSOLUTE
    ..\\Src\\user_uart.c                     0x00000000   Number         0  user_uart.o ABSOLUTE
    cdcmple.s                                0x00000000   Number         0  cdcmple.o ABSOLUTE
    cdrcmple.s                               0x00000000   Number         0  cdrcmple.o ABSOLUTE
    dc.s                                     0x00000000   Number         0  dc.o ABSOLUTE
    handlers.s                               0x00000000   Number         0  handlers.o ABSOLUTE
    init.s                                   0x00000000   Number         0  init.o ABSOLUTE
    startup_stm32f103xe.s                    0x00000000   Number         0  startup_stm32f103xe.o ABSOLUTE
    RESET                                    0x08000000   Section      304  startup_stm32f103xe.o(RESET)
    .ARM.Collect$$$$00000000                 0x08000130   Section        0  entry.o(.ARM.Collect$$$$00000000)
    .ARM.Collect$$$$00000001                 0x08000130   Section        4  entry2.o(.ARM.Collect$$$$00000001)
    .ARM.Collect$$$$00000004                 0x08000134   Section        4  entry5.o(.ARM.Collect$$$$00000004)
    .ARM.Collect$$$$00000008                 0x08000138   Section        0  entry7b.o(.ARM.Collect$$$$00000008)
    .ARM.Collect$$$$0000000A                 0x08000138   Section        0  entry8b.o(.ARM.Collect$$$$0000000A)
    .ARM.Collect$$$$0000000B                 0x08000138   Section        8  entry9a.o(.ARM.Collect$$$$0000000B)
    .ARM.Collect$$$$0000000D                 0x08000140   Section        0  entry10a.o(.ARM.Collect$$$$0000000D)
    .ARM.Collect$$$$0000000F                 0x08000140   Section        0  entry11a.o(.ARM.Collect$$$$0000000F)
    .ARM.Collect$$$$00002712                 0x08000140   Section        4  entry2.o(.ARM.Collect$$$$00002712)
    __lit__00000000                          0x08000140   Data           4  entry2.o(.ARM.Collect$$$$00002712)
    .text                                    0x08000144   Section       36  startup_stm32f103xe.o(.text)
    .text                                    0x08000168   Section        0  llushr.o(.text)
    .text                                    0x08000188   Section        0  memseta.o(.text)
    .text                                    0x080001ac   Section        0  dadd.o(.text)
    .text                                    0x080002fa   Section        0  dmul.o(.text)
    .text                                    0x080003de   Section        0  dflti.o(.text)
    .text                                    0x08000400   Section        0  dfltui.o(.text)
    .text                                    0x0800041a   Section        0  dfixi.o(.text)
    .text                                    0x08000458   Section        0  dfixui.o(.text)
    .text                                    0x0800048c   Section       48  cdcmple.o(.text)
    .text                                    0x080004bc   Section       48  cdrcmple.o(.text)
    .text                                    0x080004ec   Section        0  llshl.o(.text)
    .text                                    0x0800050a   Section        0  llsshr.o(.text)
    .text                                    0x0800052e   Section        0  depilogue.o(.text)
    .text                                    0x0800052e   Section        0  iusefp.o(.text)
    .text                                    0x080005e8   Section       36  init.o(.text)
    i.ADC_ConversionStop_Disable             0x0800060c   Section        0  stm32f1xx_hal_adc.o(i.ADC_ConversionStop_Disable)
    i.ADC_DMAConvCplt                        0x08000658   Section        0  stm32f1xx_hal_adc.o(i.ADC_DMAConvCplt)
    i.ADC_DMAError                           0x080006a6   Section        0  stm32f1xx_hal_adc.o(i.ADC_DMAError)
    i.ADC_DMAHalfConvCplt                    0x080006c0   Section        0  stm32f1xx_hal_adc.o(i.ADC_DMAHalfConvCplt)
    i.ADC_Enable                             0x080006cc   Section        0  stm32f1xx_hal_adc.o(i.ADC_Enable)
    i.DMA1_Channel1_IRQHandler               0x0800073c   Section        0  stm32f1xx_it.o(i.DMA1_Channel1_IRQHandler)
    i.DMA_SetConfig                          0x08000748   Section        0  stm32f1xx_hal_dma.o(i.DMA_SetConfig)
    DMA_SetConfig                            0x08000749   Thumb Code    42  stm32f1xx_hal_dma.o(i.DMA_SetConfig)
    i.EXTI0_IRQHandler                       0x08000772   Section        0  stm32f1xx_it.o(i.EXTI0_IRQHandler)
    i.EXTI1_IRQHandler                       0x08000778   Section        0  stm32f1xx_it.o(i.EXTI1_IRQHandler)
    i.EXTI2_IRQHandler                       0x0800077e   Section        0  stm32f1xx_it.o(i.EXTI2_IRQHandler)
    i.EXTI3_IRQHandler                       0x08000784   Section        0  stm32f1xx_it.o(i.EXTI3_IRQHandler)
    i.EXTI4_IRQHandler                       0x0800078a   Section        0  stm32f1xx_it.o(i.EXTI4_IRQHandler)
    i.EXTI9_5_IRQHandler                     0x08000790   Section        0  stm32f1xx_it.o(i.EXTI9_5_IRQHandler)
    i.HAL_ADCEx_Calibration_Start            0x08000798   Section        0  stm32f1xx_hal_adc_ex.o(i.HAL_ADCEx_Calibration_Start)
    i.HAL_ADC_ConfigChannel                  0x08000860   Section        0  stm32f1xx_hal_adc.o(i.HAL_ADC_ConfigChannel)
    i.HAL_ADC_ConvCpltCallback               0x0800095c   Section        0  user_io.o(i.HAL_ADC_ConvCpltCallback)
    i.HAL_ADC_ConvHalfCpltCallback           0x08000a6c   Section        0  stm32f1xx_hal_adc.o(i.HAL_ADC_ConvHalfCpltCallback)
    i.HAL_ADC_ErrorCallback                  0x08000a6e   Section        0  stm32f1xx_hal_adc.o(i.HAL_ADC_ErrorCallback)
    i.HAL_ADC_Init                           0x08000a70   Section        0  stm32f1xx_hal_adc.o(i.HAL_ADC_Init)
    i.HAL_ADC_MspInit                        0x08000b94   Section        0  stm32f1xx_hal_msp.o(i.HAL_ADC_MspInit)
    i.HAL_ADC_Start_DMA                      0x08000c2c   Section        0  stm32f1xx_hal_adc.o(i.HAL_ADC_Start_DMA)
    i.HAL_DMA_Abort_IT                       0x08000d38   Section        0  stm32f1xx_hal_dma.o(i.HAL_DMA_Abort_IT)
    i.HAL_DMA_IRQHandler                     0x08000e68   Section        0  stm32f1xx_hal_dma.o(i.HAL_DMA_IRQHandler)
    i.HAL_DMA_Init                           0x080010b0   Section        0  stm32f1xx_hal_dma.o(i.HAL_DMA_Init)
    i.HAL_DMA_Start_IT                       0x08001134   Section        0  stm32f1xx_hal_dma.o(i.HAL_DMA_Start_IT)
    i.HAL_Delay                              0x080011a4   Section        0  stm32f1xx_hal.o(i.HAL_Delay)
    i.HAL_GPIO_EXTI_Callback                 0x080011c0   Section        0  user_io.o(i.HAL_GPIO_EXTI_Callback)
    i.HAL_GPIO_EXTI_IRQHandler               0x080011c4   Section        0  stm32f1xx_hal_gpio.o(i.HAL_GPIO_EXTI_IRQHandler)
    i.HAL_GPIO_Init                          0x080011dc   Section        0  stm32f1xx_hal_gpio.o(i.HAL_GPIO_Init)
    i.HAL_GPIO_ReadPin                       0x080013c4   Section        0  stm32f1xx_hal_gpio.o(i.HAL_GPIO_ReadPin)
    i.HAL_GPIO_TogglePin                     0x080013ce   Section        0  stm32f1xx_hal_gpio.o(i.HAL_GPIO_TogglePin)
    i.HAL_GPIO_WritePin                      0x080013d6   Section        0  stm32f1xx_hal_gpio.o(i.HAL_GPIO_WritePin)
    i.HAL_GetTick                            0x080013e0   Section        0  stm32f1xx_hal.o(i.HAL_GetTick)
    i.HAL_IncTick                            0x080013ec   Section        0  stm32f1xx_hal.o(i.HAL_IncTick)
    i.HAL_Init                               0x080013fc   Section        0  stm32f1xx_hal.o(i.HAL_Init)
    i.HAL_InitTick                           0x08001420   Section        0  stm32f1xx_hal.o(i.HAL_InitTick)
    i.HAL_MspInit                            0x08001448   Section        0  stm32f1xx_hal_msp.o(i.HAL_MspInit)
    i.HAL_NVIC_EnableIRQ                     0x080014cc   Section        0  stm32f1xx_hal_cortex.o(i.HAL_NVIC_EnableIRQ)
    i.HAL_NVIC_SetPriority                   0x080014e4   Section        0  stm32f1xx_hal_cortex.o(i.HAL_NVIC_SetPriority)
    i.HAL_NVIC_SetPriorityGrouping           0x08001524   Section        0  stm32f1xx_hal_cortex.o(i.HAL_NVIC_SetPriorityGrouping)
    i.HAL_RCCEx_GetPeriphCLKFreq             0x08001548   Section        0  stm32f1xx_hal_rcc_ex.o(i.HAL_RCCEx_GetPeriphCLKFreq)
    i.HAL_RCCEx_PeriphCLKConfig              0x0800161c   Section        0  stm32f1xx_hal_rcc_ex.o(i.HAL_RCCEx_PeriphCLKConfig)
    i.HAL_RCC_ClockConfig                    0x08001708   Section        0  stm32f1xx_hal_rcc.o(i.HAL_RCC_ClockConfig)
    i.HAL_RCC_GetHCLKFreq                    0x0800185c   Section        0  stm32f1xx_hal_rcc.o(i.HAL_RCC_GetHCLKFreq)
    i.HAL_RCC_GetPCLK1Freq                   0x08001868   Section        0  stm32f1xx_hal_rcc.o(i.HAL_RCC_GetPCLK1Freq)
    i.HAL_RCC_GetPCLK2Freq                   0x08001888   Section        0  stm32f1xx_hal_rcc.o(i.HAL_RCC_GetPCLK2Freq)
    i.HAL_RCC_GetSysClockFreq                0x080018a8   Section        0  stm32f1xx_hal_rcc.o(i.HAL_RCC_GetSysClockFreq)
    i.HAL_RCC_OscConfig                      0x08001914   Section        0  stm32f1xx_hal_rcc.o(i.HAL_RCC_OscConfig)
    i.HAL_SYSTICK_CLKSourceConfig            0x08001c18   Section        0  stm32f1xx_hal_cortex.o(i.HAL_SYSTICK_CLKSourceConfig)
    i.HAL_SYSTICK_Callback                   0x08001c30   Section        0  stm32f1xx_hal_cortex.o(i.HAL_SYSTICK_Callback)
    i.HAL_SYSTICK_Config                     0x08001c32   Section        0  stm32f1xx_hal_cortex.o(i.HAL_SYSTICK_Config)
    i.HAL_SYSTICK_IRQHandler                 0x08001c5a   Section        0  stm32f1xx_hal_cortex.o(i.HAL_SYSTICK_IRQHandler)
    i.HAL_TIMEx_BreakCallback                0x08001c62   Section        0  stm32f1xx_hal_tim_ex.o(i.HAL_TIMEx_BreakCallback)
    i.HAL_TIMEx_CommutationCallback          0x08001c64   Section        0  stm32f1xx_hal_tim_ex.o(i.HAL_TIMEx_CommutationCallback)
    i.HAL_TIMEx_MasterConfigSynchronization  0x08001c66   Section        0  stm32f1xx_hal_tim_ex.o(i.HAL_TIMEx_MasterConfigSynchronization)
    i.HAL_TIM_Base_Init                      0x08001cb6   Section        0  stm32f1xx_hal_tim.o(i.HAL_TIM_Base_Init)
    i.HAL_TIM_Base_MspInit                   0x08001cec   Section        0  stm32f1xx_hal_msp.o(i.HAL_TIM_Base_MspInit)
    i.HAL_TIM_Base_Start_IT                  0x08001d74   Section        0  stm32f1xx_hal_tim.o(i.HAL_TIM_Base_Start_IT)
    i.HAL_TIM_ConfigClockSource              0x08001d8c   Section        0  stm32f1xx_hal_tim.o(i.HAL_TIM_ConfigClockSource)
    i.HAL_TIM_IC_CaptureCallback             0x08001e7e   Section        0  stm32f1xx_hal_tim.o(i.HAL_TIM_IC_CaptureCallback)
    i.HAL_TIM_IRQHandler                     0x08001e80   Section        0  stm32f1xx_hal_tim.o(i.HAL_TIM_IRQHandler)
    i.HAL_TIM_OC_DelayElapsedCallback        0x08001fe6   Section        0  stm32f1xx_hal_tim.o(i.HAL_TIM_OC_DelayElapsedCallback)
    i.HAL_TIM_PWM_PulseFinishedCallback      0x08001fe8   Section        0  stm32f1xx_hal_tim.o(i.HAL_TIM_PWM_PulseFinishedCallback)
    i.HAL_TIM_PeriodElapsedCallback          0x08001fec   Section        0  user_time.o(i.HAL_TIM_PeriodElapsedCallback)
    i.HAL_TIM_TriggerCallback                0x08002028   Section        0  stm32f1xx_hal_tim.o(i.HAL_TIM_TriggerCallback)
    i.HAL_UART_ErrorCallback                 0x0800202a   Section        0  stm32f1xx_hal_uart.o(i.HAL_UART_ErrorCallback)
    i.HAL_UART_IRQHandler                    0x0800202c   Section        0  stm32f1xx_hal_uart.o(i.HAL_UART_IRQHandler)
    i.HAL_UART_Init                          0x0800213c   Section        0  stm32f1xx_hal_uart.o(i.HAL_UART_Init)
    i.HAL_UART_MspInit                       0x080021a0   Section        0  stm32f1xx_hal_msp.o(i.HAL_UART_MspInit)
    i.HAL_UART_Receive_IT                    0x08002278   Section        0  stm32f1xx_hal_uart.o(i.HAL_UART_Receive_IT)
    i.HAL_UART_RxCpltCallback                0x080022cc   Section        0  user_uart.o(i.HAL_UART_RxCpltCallback)
    i.HAL_UART_Transmit                      0x08002318   Section        0  stm32f1xx_hal_uart.o(i.HAL_UART_Transmit)
    i.HAL_UART_TxCpltCallback                0x080023d2   Section        0  stm32f1xx_hal_uart.o(i.HAL_UART_TxCpltCallback)
    i.MX_ADC1_Init                           0x080023d4   Section        0  main.o(i.MX_ADC1_Init)
    MX_ADC1_Init                             0x080023d5   Thumb Code   168  main.o(i.MX_ADC1_Init)
    i.MX_GPIO_Init                           0x08002484   Section        0  main.o(i.MX_GPIO_Init)
    MX_GPIO_Init                             0x08002485   Thumb Code   430  main.o(i.MX_GPIO_Init)
    i.MX_TIM1_Init                           0x08002650   Section        0  main.o(i.MX_TIM1_Init)
    MX_TIM1_Init                             0x08002651   Thumb Code    78  main.o(i.MX_TIM1_Init)
    i.MX_TIM2_Init                           0x080026a8   Section        0  main.o(i.MX_TIM2_Init)
    MX_TIM2_Init                             0x080026a9   Thumb Code    78  main.o(i.MX_TIM2_Init)
    i.MX_TIM3_Init                           0x080026fc   Section        0  main.o(i.MX_TIM3_Init)
    MX_TIM3_Init                             0x080026fd   Thumb Code    76  main.o(i.MX_TIM3_Init)
    i.NVIC_SetPriority                       0x08002750   Section        0  stm32f1xx_hal_cortex.o(i.NVIC_SetPriority)
    NVIC_SetPriority                         0x08002751   Thumb Code    32  stm32f1xx_hal_cortex.o(i.NVIC_SetPriority)
    i.SysTick_Handler                        0x08002770   Section        0  stm32f1xx_it.o(i.SysTick_Handler)
    i.SystemClock_Config                     0x0800277e   Section        0  main.o(i.SystemClock_Config)
    i.SystemInit                             0x08002800   Section        0  system_stm32f1xx.o(i.SystemInit)
    i.TIM1_UP_IRQHandler                     0x08002848   Section        0  stm32f1xx_it.o(i.TIM1_UP_IRQHandler)
    i.TIM2_IRQHandler                        0x08002854   Section        0  stm32f1xx_it.o(i.TIM2_IRQHandler)
    i.TIM3_IRQHandler                        0x08002860   Section        0  stm32f1xx_it.o(i.TIM3_IRQHandler)
    i.TIM_Base_SetConfig                     0x0800286c   Section        0  stm32f1xx_hal_tim.o(i.TIM_Base_SetConfig)
    i.TIM_ETR_SetConfig                      0x080028f8   Section        0  stm32f1xx_hal_tim.o(i.TIM_ETR_SetConfig)
    TIM_ETR_SetConfig                        0x080028f9   Thumb Code    20  stm32f1xx_hal_tim.o(i.TIM_ETR_SetConfig)
    i.TIM_ITRx_SetConfig                     0x0800290c   Section        0  stm32f1xx_hal_tim.o(i.TIM_ITRx_SetConfig)
    TIM_ITRx_SetConfig                       0x0800290d   Thumb Code    16  stm32f1xx_hal_tim.o(i.TIM_ITRx_SetConfig)
    i.TIM_TI1_ConfigInputStage               0x0800291c   Section        0  stm32f1xx_hal_tim.o(i.TIM_TI1_ConfigInputStage)
    TIM_TI1_ConfigInputStage                 0x0800291d   Thumb Code    34  stm32f1xx_hal_tim.o(i.TIM_TI1_ConfigInputStage)
    i.TIM_TI2_ConfigInputStage               0x0800293e   Section        0  stm32f1xx_hal_tim.o(i.TIM_TI2_ConfigInputStage)
    TIM_TI2_ConfigInputStage                 0x0800293f   Thumb Code    36  stm32f1xx_hal_tim.o(i.TIM_TI2_ConfigInputStage)
    i.UART_DMAAbortOnError                   0x08002962   Section        0  stm32f1xx_hal_uart.o(i.UART_DMAAbortOnError)
    UART_DMAAbortOnError                     0x08002963   Thumb Code    16  stm32f1xx_hal_uart.o(i.UART_DMAAbortOnError)
    i.UART_EndRxTransfer                     0x08002972   Section        0  stm32f1xx_hal_uart.o(i.UART_EndRxTransfer)
    UART_EndRxTransfer                       0x08002973   Thumb Code    28  stm32f1xx_hal_uart.o(i.UART_EndRxTransfer)
    i.UART_Receive_IT                        0x0800298e   Section        0  stm32f1xx_hal_uart.o(i.UART_Receive_IT)
    UART_Receive_IT                          0x0800298f   Thumb Code   150  stm32f1xx_hal_uart.o(i.UART_Receive_IT)
    i.UART_SetConfig                         0x08002a24   Section        0  stm32f1xx_hal_uart.o(i.UART_SetConfig)
    UART_SetConfig                           0x08002a25   Thumb Code   364  stm32f1xx_hal_uart.o(i.UART_SetConfig)
    i.UART_Transmit_IT                       0x08002b94   Section        0  stm32f1xx_hal_uart.o(i.UART_Transmit_IT)
    UART_Transmit_IT                         0x08002b95   Thumb Code    98  stm32f1xx_hal_uart.o(i.UART_Transmit_IT)
    i.UART_WaitOnFlagUntilTimeout            0x08002bf6   Section        0  stm32f1xx_hal_uart.o(i.UART_WaitOnFlagUntilTimeout)
    UART_WaitOnFlagUntilTimeout              0x08002bf7   Thumb Code   100  stm32f1xx_hal_uart.o(i.UART_WaitOnFlagUntilTimeout)
    i.USART1_IRQHandler                      0x08002c5c   Section        0  stm32f1xx_it.o(i.USART1_IRQHandler)
    i.USART2_IRQHandler                      0x08002c68   Section        0  stm32f1xx_it.o(i.USART2_IRQHandler)
    i._Error_Handler                         0x08002c74   Section        0  main.o(i._Error_Handler)
    i.__scatterload_copy                     0x08002c76   Section       14  handlers.o(i.__scatterload_copy)
    i.__scatterload_null                     0x08002c84   Section        2  handlers.o(i.__scatterload_null)
    i.__scatterload_zeroinit                 0x08002c86   Section       14  handlers.o(i.__scatterload_zeroinit)
    i.find_air_origin                        0x08002c94   Section        0  main.o(i.find_air_origin)
    i.main                                   0x0800308c   Section        0  main.o(i.main)
    i.orign_pwm                              0x08003468   Section        0  user_time.o(i.orign_pwm)
    i.output_pwm                             0x08003510   Section        0  user_time.o(i.output_pwm)
    i.pid_init                               0x0800367c   Section        0  user_io.o(i.pid_init)
    pid_init                                 0x0800367d   Thumb Code    50  user_io.o(i.pid_init)
    i.pid_run                                0x080036c0   Section        0  user_io.o(i.pid_run)
    pid_run                                  0x080036c1   Thumb Code   162  user_io.o(i.pid_run)
    i.speed_scan                             0x08003770   Section        0  main.o(i.speed_scan)
    i.user_get_adc_height1                   0x080037f0   Section        0  user_io.o(i.user_get_adc_height1)
    i.user_get_adc_height2                   0x080037fc   Section        0  user_io.o(i.user_get_adc_height2)
    i.user_get_adc_height3                   0x08003808   Section        0  user_io.o(i.user_get_adc_height3)
    i.user_io_init                           0x08003814   Section        0  user_io.o(i.user_io_init)
    i.user_motion_init                       0x080038b4   Section        0  main.o(i.user_motion_init)
    i.user_receive_data                      0x08003910   Section        0  user_uart.o(i.user_receive_data)
    user_receive_data                        0x08003911   Thumb Code    72  user_uart.o(i.user_receive_data)
    i.user_send_debug_info                   0x0800395c   Section        0  user_uart.o(i.user_send_debug_info)
    i.user_time_init                         0x08003998   Section        0  user_time.o(i.user_time_init)
    i.user_uart_init                         0x080039d4   Section        0  user_uart.o(i.user_uart_init)
    .constdata                               0x080039fc   Section       16  system_stm32f1xx.o(.constdata)
    .constdata                               0x08003a0c   Section        8  system_stm32f1xx.o(.constdata)
    .data                                    0x20000000   Section        4  stm32f1xx_hal.o(.data)
    .data                                    0x20000004   Section        4  system_stm32f1xx.o(.data)
    .data                                    0x20000008   Section        4  user_io.o(.data)
    .data                                    0x2000000c   Section        3  user_time.o(.data)
    status                                   0x2000000c   Data           3  user_time.o(.data)
    .data                                    0x2000000f   Section        2  user_uart.o(.data)
    uart1_receive_data                       0x2000000f   Data           1  user_uart.o(.data)
    uart2_receive_data                       0x20000010   Data           1  user_uart.o(.data)
    .data                                    0x20000014   Section       24  main.o(.data)
    air                                      0x20000017   Data           1  main.o(.data)
    send_seat                                0x20000018   Data           1  main.o(.data)
    flag_begin                               0x20000019   Data           1  main.o(.data)
    led_count                                0x20000020   Data           4  main.o(.data)
    send_buf                                 0x20000024   Data           4  main.o(.data)
    send_index                               0x20000028   Data           4  main.o(.data)
    .bss                                     0x2000002c   Section      100  user_io.o(.bss)
    delay_count                              0x2000002c   Data          16  user_io.o(.bss)
    adc_buf                                  0x2000003c   Data          70  user_io.o(.bss)
    adc_result                               0x20000082   Data          14  user_io.o(.bss)
    .bss                                     0x20000090   Section       23  user_uart.o(.bss)
    .bss                                     0x200000a8   Section      680  main.o(.bss)
    .bss                                     0x20000350   Section       68  main.o(.bss)
    STACK                                    0x20000398   Section     1024  startup_stm32f103xe.o(STACK)

    Global Symbols

    Symbol Name                              Value     Ov Type        Size  Object(Section)

    BuildAttributes$$THM_ISAv4$P$D$K$B$S$PE$A:L22UL41UL21$X:L11$S22US41US21$IEEE1$IW$USESV6$~STKCKD$USESV7$~SHL$OSPACE$ROPI$EBA8$MICROLIB$REQ8$PRES8$EABIv2 0x00000000   Number         0  anon$$obj.o ABSOLUTE
    __ARM_use_no_argv                        0x00000000   Number         0  main.o ABSOLUTE
    __cpp_initialize__aeabi_                  - Undefined Weak Reference
    __cxa_finalize                            - Undefined Weak Reference
    __decompress                              - Undefined Weak Reference
    _clock_init                               - Undefined Weak Reference
    _microlib_exit                            - Undefined Weak Reference
    __Vectors_Size                           0x00000130   Number         0  startup_stm32f103xe.o ABSOLUTE
    __Vectors                                0x08000000   Data           4  startup_stm32f103xe.o(RESET)
    __Vectors_End                            0x08000130   Data           0  startup_stm32f103xe.o(RESET)
    __main                                   0x08000131   Thumb Code     0  entry.o(.ARM.Collect$$$$00000000)
    _main_stk                                0x08000131   Thumb Code     0  entry2.o(.ARM.Collect$$$$00000001)
    _main_scatterload                        0x08000135   Thumb Code     0  entry5.o(.ARM.Collect$$$$00000004)
    __main_after_scatterload                 0x08000139   Thumb Code     0  entry5.o(.ARM.Collect$$$$00000004)
    _main_clock                              0x08000139   Thumb Code     0  entry7b.o(.ARM.Collect$$$$00000008)
    _main_cpp_init                           0x08000139   Thumb Code     0  entry8b.o(.ARM.Collect$$$$0000000A)
    _main_init                               0x08000139   Thumb Code     0  entry9a.o(.ARM.Collect$$$$0000000B)
    __rt_final_cpp                           0x08000141   Thumb Code     0  entry10a.o(.ARM.Collect$$$$0000000D)
    __rt_final_exit                          0x08000141   Thumb Code     0  entry11a.o(.ARM.Collect$$$$0000000F)
    Reset_Handler                            0x08000145   Thumb Code     8  startup_stm32f103xe.o(.text)
    NMI_Handler                              0x0800014d   Thumb Code     2  startup_stm32f103xe.o(.text)
    HardFault_Handler                        0x0800014f   Thumb Code     2  startup_stm32f103xe.o(.text)
    MemManage_Handler                        0x08000151   Thumb Code     2  startup_stm32f103xe.o(.text)
    BusFault_Handler                         0x08000153   Thumb Code     2  startup_stm32f103xe.o(.text)
    UsageFault_Handler                       0x08000155   Thumb Code     2  startup_stm32f103xe.o(.text)
    SVC_Handler                              0x08000157   Thumb Code     2  startup_stm32f103xe.o(.text)
    DebugMon_Handler                         0x08000159   Thumb Code     2  startup_stm32f103xe.o(.text)
    PendSV_Handler                           0x0800015b   Thumb Code     2  startup_stm32f103xe.o(.text)
    ADC1_2_IRQHandler                        0x0800015f   Thumb Code     0  startup_stm32f103xe.o(.text)
    ADC3_IRQHandler                          0x0800015f   Thumb Code     0  startup_stm32f103xe.o(.text)
    CAN1_RX1_IRQHandler                      0x0800015f   Thumb Code     0  startup_stm32f103xe.o(.text)
    CAN1_SCE_IRQHandler                      0x0800015f   Thumb Code     0  startup_stm32f103xe.o(.text)
    DMA1_Channel2_IRQHandler                 0x0800015f   Thumb Code     0  startup_stm32f103xe.o(.text)
    DMA1_Channel3_IRQHandler                 0x0800015f   Thumb Code     0  startup_stm32f103xe.o(.text)
    DMA1_Channel4_IRQHandler                 0x0800015f   Thumb Code     0  startup_stm32f103xe.o(.text)
    DMA1_Channel5_IRQHandler                 0x0800015f   Thumb Code     0  startup_stm32f103xe.o(.text)
    DMA1_Channel6_IRQHandler                 0x0800015f   Thumb Code     0  startup_stm32f103xe.o(.text)
    DMA1_Channel7_IRQHandler                 0x0800015f   Thumb Code     0  startup_stm32f103xe.o(.text)
    DMA2_Channel1_IRQHandler                 0x0800015f   Thumb Code     0  startup_stm32f103xe.o(.text)
    DMA2_Channel2_IRQHandler                 0x0800015f   Thumb Code     0  startup_stm32f103xe.o(.text)
    DMA2_Channel3_IRQHandler                 0x0800015f   Thumb Code     0  startup_stm32f103xe.o(.text)
    DMA2_Channel4_5_IRQHandler               0x0800015f   Thumb Code     0  startup_stm32f103xe.o(.text)
    EXTI15_10_IRQHandler                     0x0800015f   Thumb Code     0  startup_stm32f103xe.o(.text)
    FLASH_IRQHandler                         0x0800015f   Thumb Code     0  startup_stm32f103xe.o(.text)
    FSMC_IRQHandler                          0x0800015f   Thumb Code     0  startup_stm32f103xe.o(.text)
    I2C1_ER_IRQHandler                       0x0800015f   Thumb Code     0  startup_stm32f103xe.o(.text)
    I2C1_EV_IRQHandler                       0x0800015f   Thumb Code     0  startup_stm32f103xe.o(.text)
    I2C2_ER_IRQHandler                       0x0800015f   Thumb Code     0  startup_stm32f103xe.o(.text)
    I2C2_EV_IRQHandler                       0x0800015f   Thumb Code     0  startup_stm32f103xe.o(.text)
    PVD_IRQHandler                           0x0800015f   Thumb Code     0  startup_stm32f103xe.o(.text)
    RCC_IRQHandler                           0x0800015f   Thumb Code     0  startup_stm32f103xe.o(.text)
    RTC_Alarm_IRQHandler                     0x0800015f   Thumb Code     0  startup_stm32f103xe.o(.text)
    RTC_IRQHandler                           0x0800015f   Thumb Code     0  startup_stm32f103xe.o(.text)
    SDIO_IRQHandler                          0x0800015f   Thumb Code     0  startup_stm32f103xe.o(.text)
    SPI1_IRQHandler                          0x0800015f   Thumb Code     0  startup_stm32f103xe.o(.text)
    SPI2_IRQHandler                          0x0800015f   Thumb Code     0  startup_stm32f103xe.o(.text)
    SPI3_IRQHandler                          0x0800015f   Thumb Code     0  startup_stm32f103xe.o(.text)
    TAMPER_IRQHandler                        0x0800015f   Thumb Code     0  startup_stm32f103xe.o(.text)
    TIM1_BRK_IRQHandler                      0x0800015f   Thumb Code     0  startup_stm32f103xe.o(.text)
    TIM1_CC_IRQHandler                       0x0800015f   Thumb Code     0  startup_stm32f103xe.o(.text)
    TIM1_TRG_COM_IRQHandler                  0x0800015f   Thumb Code     0  startup_stm32f103xe.o(.text)
    TIM4_IRQHandler                          0x0800015f   Thumb Code     0  startup_stm32f103xe.o(.text)
    TIM5_IRQHandler                          0x0800015f   Thumb Code     0  startup_stm32f103xe.o(.text)
    TIM6_IRQHandler                          0x0800015f   Thumb Code     0  startup_stm32f103xe.o(.text)
    TIM7_IRQHandler                          0x0800015f   Thumb Code     0  startup_stm32f103xe.o(.text)
    TIM8_BRK_IRQHandler                      0x0800015f   Thumb Code     0  startup_stm32f103xe.o(.text)
    TIM8_CC_IRQHandler                       0x0800015f   Thumb Code     0  startup_stm32f103xe.o(.text)
    TIM8_TRG_COM_IRQHandler                  0x0800015f   Thumb Code     0  startup_stm32f103xe.o(.text)
    TIM8_UP_IRQHandler                       0x0800015f   Thumb Code     0  startup_stm32f103xe.o(.text)
    UART4_IRQHandler                         0x0800015f   Thumb Code     0  startup_stm32f103xe.o(.text)
    UART5_IRQHandler                         0x0800015f   Thumb Code     0  startup_stm32f103xe.o(.text)
    USART3_IRQHandler                        0x0800015f   Thumb Code     0  startup_stm32f103xe.o(.text)
    USBWakeUp_IRQHandler                     0x0800015f   Thumb Code     0  startup_stm32f103xe.o(.text)
    USB_HP_CAN1_TX_IRQHandler                0x0800015f   Thumb Code     0  startup_stm32f103xe.o(.text)
    USB_LP_CAN1_RX0_IRQHandler               0x0800015f   Thumb Code     0  startup_stm32f103xe.o(.text)
    WWDG_IRQHandler                          0x0800015f   Thumb Code     0  startup_stm32f103xe.o(.text)
    __aeabi_llsr                             0x08000169   Thumb Code    32  llushr.o(.text)
    _ll_ushift_r                             0x08000169   Thumb Code     0  llushr.o(.text)
    __aeabi_memset                           0x08000189   Thumb Code    14  memseta.o(.text)
    __aeabi_memset4                          0x08000189   Thumb Code     0  memseta.o(.text)
    __aeabi_memset8                          0x08000189   Thumb Code     0  memseta.o(.text)
    __aeabi_memclr                           0x08000197   Thumb Code     4  memseta.o(.text)
    __aeabi_memclr4                          0x08000197   Thumb Code     0  memseta.o(.text)
    __aeabi_memclr8                          0x08000197   Thumb Code     0  memseta.o(.text)
    _memset$wrapper                          0x0800019b   Thumb Code    18  memseta.o(.text)
    __aeabi_dadd                             0x080001ad   Thumb Code   322  dadd.o(.text)
    __aeabi_dsub                             0x080002ef   Thumb Code     6  dadd.o(.text)
    __aeabi_drsub                            0x080002f5   Thumb Code     6  dadd.o(.text)
    __aeabi_dmul                             0x080002fb   Thumb Code   228  dmul.o(.text)
    __aeabi_i2d                              0x080003df   Thumb Code    34  dflti.o(.text)
    __aeabi_ui2d                             0x08000401   Thumb Code    26  dfltui.o(.text)
    __aeabi_d2iz                             0x0800041b   Thumb Code    62  dfixi.o(.text)
    __aeabi_d2uiz                            0x08000459   Thumb Code    50  dfixui.o(.text)
    __aeabi_cdcmpeq                          0x0800048d   Thumb Code     0  cdcmple.o(.text)
    __aeabi_cdcmple                          0x0800048d   Thumb Code    48  cdcmple.o(.text)
    __aeabi_cdrcmple                         0x080004bd   Thumb Code    48  cdrcmple.o(.text)
    __aeabi_llsl                             0x080004ed   Thumb Code    30  llshl.o(.text)
    _ll_shift_l                              0x080004ed   Thumb Code     0  llshl.o(.text)
    __aeabi_lasr                             0x0800050b   Thumb Code    36  llsshr.o(.text)
    _ll_sshift_r                             0x0800050b   Thumb Code     0  llsshr.o(.text)
    __I$use$fp                               0x0800052f   Thumb Code     0  iusefp.o(.text)
    _double_round                            0x0800052f   Thumb Code    30  depilogue.o(.text)
    _double_epilogue                         0x0800054d   Thumb Code   156  depilogue.o(.text)
    __scatterload                            0x080005e9   Thumb Code    28  init.o(.text)
    __scatterload_rt2                        0x080005e9   Thumb Code     0  init.o(.text)
    ADC_ConversionStop_Disable               0x0800060d   Thumb Code    76  stm32f1xx_hal_adc.o(i.ADC_ConversionStop_Disable)
    ADC_DMAConvCplt                          0x08000659   Thumb Code    78  stm32f1xx_hal_adc.o(i.ADC_DMAConvCplt)
    ADC_DMAError                             0x080006a7   Thumb Code    26  stm32f1xx_hal_adc.o(i.ADC_DMAError)
    ADC_DMAHalfConvCplt                      0x080006c1   Thumb Code    10  stm32f1xx_hal_adc.o(i.ADC_DMAHalfConvCplt)
    ADC_Enable                               0x080006cd   Thumb Code   104  stm32f1xx_hal_adc.o(i.ADC_Enable)
    DMA1_Channel1_IRQHandler                 0x0800073d   Thumb Code     6  stm32f1xx_it.o(i.DMA1_Channel1_IRQHandler)
    EXTI0_IRQHandler                         0x08000773   Thumb Code     6  stm32f1xx_it.o(i.EXTI0_IRQHandler)
    EXTI1_IRQHandler                         0x08000779   Thumb Code     6  stm32f1xx_it.o(i.EXTI1_IRQHandler)
    EXTI2_IRQHandler                         0x0800077f   Thumb Code     6  stm32f1xx_it.o(i.EXTI2_IRQHandler)
    EXTI3_IRQHandler                         0x08000785   Thumb Code     6  stm32f1xx_it.o(i.EXTI3_IRQHandler)
    EXTI4_IRQHandler                         0x0800078b   Thumb Code     6  stm32f1xx_it.o(i.EXTI4_IRQHandler)
    EXTI9_5_IRQHandler                       0x08000791   Thumb Code     6  stm32f1xx_it.o(i.EXTI9_5_IRQHandler)
    HAL_ADCEx_Calibration_Start              0x08000799   Thumb Code   194  stm32f1xx_hal_adc_ex.o(i.HAL_ADCEx_Calibration_Start)
    HAL_ADC_ConfigChannel                    0x08000861   Thumb Code   240  stm32f1xx_hal_adc.o(i.HAL_ADC_ConfigChannel)
    HAL_ADC_ConvCpltCallback                 0x0800095d   Thumb Code   250  user_io.o(i.HAL_ADC_ConvCpltCallback)
    HAL_ADC_ConvHalfCpltCallback             0x08000a6d   Thumb Code     2  stm32f1xx_hal_adc.o(i.HAL_ADC_ConvHalfCpltCallback)
    HAL_ADC_ErrorCallback                    0x08000a6f   Thumb Code     2  stm32f1xx_hal_adc.o(i.HAL_ADC_ErrorCallback)
    HAL_ADC_Init                             0x08000a71   Thumb Code   276  stm32f1xx_hal_adc.o(i.HAL_ADC_Init)
    HAL_ADC_MspInit                          0x08000b95   Thumb Code   102  stm32f1xx_hal_msp.o(i.HAL_ADC_MspInit)
    HAL_ADC_Start_DMA                        0x08000c2d   Thumb Code   246  stm32f1xx_hal_adc.o(i.HAL_ADC_Start_DMA)
    HAL_DMA_Abort_IT                         0x08000d39   Thumb Code   296  stm32f1xx_hal_dma.o(i.HAL_DMA_Abort_IT)
    HAL_DMA_IRQHandler                       0x08000e69   Thumb Code   552  stm32f1xx_hal_dma.o(i.HAL_DMA_IRQHandler)
    HAL_DMA_Init                             0x080010b1   Thumb Code   120  stm32f1xx_hal_dma.o(i.HAL_DMA_Init)
    HAL_DMA_Start_IT                         0x08001135   Thumb Code   112  stm32f1xx_hal_dma.o(i.HAL_DMA_Start_IT)
    HAL_Delay                                0x080011a5   Thumb Code    28  stm32f1xx_hal.o(i.HAL_Delay)
    HAL_GPIO_EXTI_Callback                   0x080011c1   Thumb Code     2  user_io.o(i.HAL_GPIO_EXTI_Callback)
    HAL_GPIO_EXTI_IRQHandler                 0x080011c5   Thumb Code    18  stm32f1xx_hal_gpio.o(i.HAL_GPIO_EXTI_IRQHandler)
    HAL_GPIO_Init                            0x080011dd   Thumb Code   446  stm32f1xx_hal_gpio.o(i.HAL_GPIO_Init)
    HAL_GPIO_ReadPin                         0x080013c5   Thumb Code    10  stm32f1xx_hal_gpio.o(i.HAL_GPIO_ReadPin)
    HAL_GPIO_TogglePin                       0x080013cf   Thumb Code     8  stm32f1xx_hal_gpio.o(i.HAL_GPIO_TogglePin)
    HAL_GPIO_WritePin                        0x080013d7   Thumb Code    10  stm32f1xx_hal_gpio.o(i.HAL_GPIO_WritePin)
    HAL_GetTick                              0x080013e1   Thumb Code     6  stm32f1xx_hal.o(i.HAL_GetTick)
    HAL_IncTick                              0x080013ed   Thumb Code    10  stm32f1xx_hal.o(i.HAL_IncTick)
    HAL_Init                                 0x080013fd   Thumb Code    32  stm32f1xx_hal.o(i.HAL_Init)
    HAL_InitTick                             0x08001421   Thumb Code    34  stm32f1xx_hal.o(i.HAL_InitTick)
    HAL_MspInit                              0x08001449   Thumb Code   122  stm32f1xx_hal_msp.o(i.HAL_MspInit)
    HAL_NVIC_EnableIRQ                       0x080014cd   Thumb Code    22  stm32f1xx_hal_cortex.o(i.HAL_NVIC_EnableIRQ)
    HAL_NVIC_SetPriority                     0x080014e5   Thumb Code    60  stm32f1xx_hal_cortex.o(i.HAL_NVIC_SetPriority)
    HAL_NVIC_SetPriorityGrouping             0x08001525   Thumb Code    26  stm32f1xx_hal_cortex.o(i.HAL_NVIC_SetPriorityGrouping)
    HAL_RCCEx_GetPeriphCLKFreq               0x08001549   Thumb Code   180  stm32f1xx_hal_rcc_ex.o(i.HAL_RCCEx_GetPeriphCLKFreq)
    HAL_RCCEx_PeriphCLKConfig                0x0800161d   Thumb Code   224  stm32f1xx_hal_rcc_ex.o(i.HAL_RCCEx_PeriphCLKConfig)
    HAL_RCC_ClockConfig                      0x08001709   Thumb Code   322  stm32f1xx_hal_rcc.o(i.HAL_RCC_ClockConfig)
    HAL_RCC_GetHCLKFreq                      0x0800185d   Thumb Code     6  stm32f1xx_hal_rcc.o(i.HAL_RCC_GetHCLKFreq)
    HAL_RCC_GetPCLK1Freq                     0x08001869   Thumb Code    20  stm32f1xx_hal_rcc.o(i.HAL_RCC_GetPCLK1Freq)
    HAL_RCC_GetPCLK2Freq                     0x08001889   Thumb Code    20  stm32f1xx_hal_rcc.o(i.HAL_RCC_GetPCLK2Freq)
    HAL_RCC_GetSysClockFreq                  0x080018a9   Thumb Code    74  stm32f1xx_hal_rcc.o(i.HAL_RCC_GetSysClockFreq)
    HAL_RCC_OscConfig                        0x08001915   Thumb Code   750  stm32f1xx_hal_rcc.o(i.HAL_RCC_OscConfig)
    HAL_SYSTICK_CLKSourceConfig              0x08001c19   Thumb Code    24  stm32f1xx_hal_cortex.o(i.HAL_SYSTICK_CLKSourceConfig)
    HAL_SYSTICK_Callback                     0x08001c31   Thumb Code     2  stm32f1xx_hal_cortex.o(i.HAL_SYSTICK_Callback)
    HAL_SYSTICK_Config                       0x08001c33   Thumb Code    40  stm32f1xx_hal_cortex.o(i.HAL_SYSTICK_Config)
    HAL_SYSTICK_IRQHandler                   0x08001c5b   Thumb Code     8  stm32f1xx_hal_cortex.o(i.HAL_SYSTICK_IRQHandler)
    HAL_TIMEx_BreakCallback                  0x08001c63   Thumb Code     2  stm32f1xx_hal_tim_ex.o(i.HAL_TIMEx_BreakCallback)
    HAL_TIMEx_CommutationCallback            0x08001c65   Thumb Code     2  stm32f1xx_hal_tim_ex.o(i.HAL_TIMEx_CommutationCallback)
    HAL_TIMEx_MasterConfigSynchronization    0x08001c67   Thumb Code    80  stm32f1xx_hal_tim_ex.o(i.HAL_TIMEx_MasterConfigSynchronization)
    HAL_TIM_Base_Init                        0x08001cb7   Thumb Code    54  stm32f1xx_hal_tim.o(i.HAL_TIM_Base_Init)
    HAL_TIM_Base_MspInit                     0x08001ced   Thumb Code   122  stm32f1xx_hal_msp.o(i.HAL_TIM_Base_MspInit)
    HAL_TIM_Base_Start_IT                    0x08001d75   Thumb Code    24  stm32f1xx_hal_tim.o(i.HAL_TIM_Base_Start_IT)
    HAL_TIM_ConfigClockSource                0x08001d8d   Thumb Code   242  stm32f1xx_hal_tim.o(i.HAL_TIM_ConfigClockSource)
    HAL_TIM_IC_CaptureCallback               0x08001e7f   Thumb Code     2  stm32f1xx_hal_tim.o(i.HAL_TIM_IC_CaptureCallback)
    HAL_TIM_IRQHandler                       0x08001e81   Thumb Code   358  stm32f1xx_hal_tim.o(i.HAL_TIM_IRQHandler)
    HAL_TIM_OC_DelayElapsedCallback          0x08001fe7   Thumb Code     2  stm32f1xx_hal_tim.o(i.HAL_TIM_OC_DelayElapsedCallback)
    HAL_TIM_PWM_PulseFinishedCallback        0x08001fe9   Thumb Code     2  stm32f1xx_hal_tim.o(i.HAL_TIM_PWM_PulseFinishedCallback)
    HAL_TIM_PeriodElapsedCallback            0x08001fed   Thumb Code    46  user_time.o(i.HAL_TIM_PeriodElapsedCallback)
    HAL_TIM_TriggerCallback                  0x08002029   Thumb Code     2  stm32f1xx_hal_tim.o(i.HAL_TIM_TriggerCallback)
    HAL_UART_ErrorCallback                   0x0800202b   Thumb Code     2  stm32f1xx_hal_uart.o(i.HAL_UART_ErrorCallback)
    HAL_UART_IRQHandler                      0x0800202d   Thumb Code   266  stm32f1xx_hal_uart.o(i.HAL_UART_IRQHandler)
    HAL_UART_Init                            0x0800213d   Thumb Code    98  stm32f1xx_hal_uart.o(i.HAL_UART_Init)
    HAL_UART_MspInit                         0x080021a1   Thumb Code   190  stm32f1xx_hal_msp.o(i.HAL_UART_MspInit)
    HAL_UART_Receive_IT                      0x08002279   Thumb Code    82  stm32f1xx_hal_uart.o(i.HAL_UART_Receive_IT)
    HAL_UART_RxCpltCallback                  0x080022cd   Thumb Code    56  user_uart.o(i.HAL_UART_RxCpltCallback)
    HAL_UART_Transmit                        0x08002319   Thumb Code   186  stm32f1xx_hal_uart.o(i.HAL_UART_Transmit)
    HAL_UART_TxCpltCallback                  0x080023d3   Thumb Code     2  stm32f1xx_hal_uart.o(i.HAL_UART_TxCpltCallback)
    SysTick_Handler                          0x08002771   Thumb Code    14  stm32f1xx_it.o(i.SysTick_Handler)
    SystemClock_Config                       0x0800277f   Thumb Code   128  main.o(i.SystemClock_Config)
    SystemInit                               0x08002801   Thumb Code    56  system_stm32f1xx.o(i.SystemInit)
    TIM1_UP_IRQHandler                       0x08002849   Thumb Code     6  stm32f1xx_it.o(i.TIM1_UP_IRQHandler)
    TIM2_IRQHandler                          0x08002855   Thumb Code     6  stm32f1xx_it.o(i.TIM2_IRQHandler)
    TIM3_IRQHandler                          0x08002861   Thumb Code     6  stm32f1xx_it.o(i.TIM3_IRQHandler)
    TIM_Base_SetConfig                       0x0800286d   Thumb Code   120  stm32f1xx_hal_tim.o(i.TIM_Base_SetConfig)
    USART1_IRQHandler                        0x08002c5d   Thumb Code     6  stm32f1xx_it.o(i.USART1_IRQHandler)
    USART2_IRQHandler                        0x08002c69   Thumb Code     6  stm32f1xx_it.o(i.USART2_IRQHandler)
    _Error_Handler                           0x08002c75   Thumb Code     2  main.o(i._Error_Handler)
    __scatterload_copy                       0x08002c77   Thumb Code    14  handlers.o(i.__scatterload_copy)
    __scatterload_null                       0x08002c85   Thumb Code     2  handlers.o(i.__scatterload_null)
    __scatterload_zeroinit                   0x08002c87   Thumb Code    14  handlers.o(i.__scatterload_zeroinit)
    find_air_origin                          0x08002c95   Thumb Code  1016  main.o(i.find_air_origin)
    main                                     0x0800308d   Thumb Code   940  main.o(i.main)
    orign_pwm                                0x08003469   Thumb Code   156  user_time.o(i.orign_pwm)
    output_pwm                               0x08003511   Thumb Code   350  user_time.o(i.output_pwm)
    speed_scan                               0x08003771   Thumb Code   120  main.o(i.speed_scan)
    user_get_adc_height1                     0x080037f1   Thumb Code     6  user_io.o(i.user_get_adc_height1)
    user_get_adc_height2                     0x080037fd   Thumb Code     6  user_io.o(i.user_get_adc_height2)
    user_get_adc_height3                     0x08003809   Thumb Code     6  user_io.o(i.user_get_adc_height3)
    user_io_init                             0x08003815   Thumb Code   138  user_io.o(i.user_io_init)
    user_motion_init                         0x080038b5   Thumb Code    72  main.o(i.user_motion_init)
    user_send_debug_info                     0x0800395d   Thumb Code    56  user_uart.o(i.user_send_debug_info)
    user_time_init                           0x08003999   Thumb Code    46  user_time.o(i.user_time_init)
    user_uart_init                           0x080039d5   Thumb Code    28  user_uart.o(i.user_uart_init)
    AHBPrescTable                            0x080039fc   Data          16  system_stm32f1xx.o(.constdata)
    APBPrescTable                            0x08003a0c   Data           8  system_stm32f1xx.o(.constdata)
    Region$$Table$$Base                      0x08003a14   Number         0  anon$$obj.o(Region$$Table)
    Region$$Table$$Limit                     0x08003a34   Number         0  anon$$obj.o(Region$$Table)
    uwTick                                   0x20000000   Data           4  stm32f1xx_hal.o(.data)
    SystemCoreClock                          0x20000004   Data           4  system_stm32f1xx.o(.data)
    mark_error                               0x20000008   Data           4  user_io.o(.data)
    up_loop                                  0x20000014   Data           1  main.o(.data)
    down_loop                                0x20000015   Data           1  main.o(.data)
    mask_pid                                 0x20000016   Data           1  main.o(.data)
    intput_level                             0x2000001a   Data           1  main.o(.data)
    status                                   0x2000001b   Data           4  main.o(.data)
    frame                                    0x20000090   Data          23  user_uart.o(.bss)
    motion                                   0x200000a8   Data         312  main.o(.bss)
    hadc1                                    0x200001e0   Data          48  main.o(.bss)
    htim1                                    0x20000210   Data          64  main.o(.bss)
    htim2                                    0x20000250   Data          64  main.o(.bss)
    htim3                                    0x20000290   Data          64  main.o(.bss)
    huart1                                   0x200002d0   Data          64  main.o(.bss)
    huart2                                   0x20000310   Data          64  main.o(.bss)
    hdma_adc1                                0x20000350   Data          68  main.o(.bss)
    __initial_sp                             0x20000798   Data           0  startup_stm32f103xe.o(STACK)



==============================================================================

Memory Map of the image

  Image Entry point : 0x08000131

  Load Region LR_IROM1 (Base: 0x08000000, Size: 0x00003a60, Max: 0x00080000, ABSOLUTE)

    Execution Region ER_IROM1 (Base: 0x08000000, Size: 0x00003a34, Max: 0x00080000, ABSOLUTE)

    Base Addr    Size         Type   Attr      Idx    E Section Name        Object

    0x08000000   0x00000130   Data   RO         3027    RESET               startup_stm32f103xe.o
    0x08000130   0x00000000   Code   RO         3032  * .ARM.Collect$$$$00000000  mc_w.l(entry.o)
    0x08000130   0x00000004   Code   RO         3055    .ARM.Collect$$$$00000001  mc_w.l(entry2.o)
    0x08000134   0x00000004   Code   RO         3058    .ARM.Collect$$$$00000004  mc_w.l(entry5.o)
    0x08000138   0x00000000   Code   RO         3060    .ARM.Collect$$$$00000008  mc_w.l(entry7b.o)
    0x08000138   0x00000000   Code   RO         3062    .ARM.Collect$$$$0000000A  mc_w.l(entry8b.o)
    0x08000138   0x00000008   Code   RO         3063    .ARM.Collect$$$$0000000B  mc_w.l(entry9a.o)
    0x08000140   0x00000000   Code   RO         3065    .ARM.Collect$$$$0000000D  mc_w.l(entry10a.o)
    0x08000140   0x00000000   Code   RO         3067    .ARM.Collect$$$$0000000F  mc_w.l(entry11a.o)
    0x08000140   0x00000004   Code   RO         3056    .ARM.Collect$$$$00002712  mc_w.l(entry2.o)
    0x08000144   0x00000024   Code   RO         3028    .text               startup_stm32f103xe.o
    0x08000168   0x00000020   Code   RO         3035    .text               mc_w.l(llushr.o)
    0x08000188   0x00000024   Code   RO         3037    .text               mc_w.l(memseta.o)
    0x080001ac   0x0000014e   Code   RO         3039    .text               mf_w.l(dadd.o)
    0x080002fa   0x000000e4   Code   RO         3041    .text               mf_w.l(dmul.o)
    0x080003de   0x00000022   Code   RO         3043    .text               mf_w.l(dflti.o)
    0x08000400   0x0000001a   Code   RO         3045    .text               mf_w.l(dfltui.o)
    0x0800041a   0x0000003e   Code   RO         3047    .text               mf_w.l(dfixi.o)
    0x08000458   0x00000032   Code   RO         3049    .text               mf_w.l(dfixui.o)
    0x0800048a   0x00000002   PAD
    0x0800048c   0x00000030   Code   RO         3051    .text               mf_w.l(cdcmple.o)
    0x080004bc   0x00000030   Code   RO         3053    .text               mf_w.l(cdrcmple.o)
    0x080004ec   0x0000001e   Code   RO         3069    .text               mc_w.l(llshl.o)
    0x0800050a   0x00000024   Code   RO         3071    .text               mc_w.l(llsshr.o)
    0x0800052e   0x00000000   Code   RO         3073    .text               mc_w.l(iusefp.o)
    0x0800052e   0x000000ba   Code   RO         3074    .text               mf_w.l(depilogue.o)
    0x080005e8   0x00000024   Code   RO         3076    .text               mc_w.l(init.o)
    0x0800060c   0x0000004c   Code   RO         2012    i.ADC_ConversionStop_Disable  stm32f1xx_hal_adc.o
    0x08000658   0x0000004e   Code   RO         2013    i.ADC_DMAConvCplt   stm32f1xx_hal_adc.o
    0x080006a6   0x0000001a   Code   RO         2014    i.ADC_DMAError      stm32f1xx_hal_adc.o
    0x080006c0   0x0000000a   Code   RO         2015    i.ADC_DMAHalfConvCplt  stm32f1xx_hal_adc.o
    0x080006ca   0x00000002   PAD
    0x080006cc   0x00000070   Code   RO         2016    i.ADC_Enable        stm32f1xx_hal_adc.o
    0x0800073c   0x0000000c   Code   RO         2928    i.DMA1_Channel1_IRQHandler  stm32f1xx_it.o
    0x08000748   0x0000002a   Code   RO         1917    i.DMA_SetConfig     stm32f1xx_hal_dma.o
    0x08000772   0x00000006   Code   RO         2929    i.EXTI0_IRQHandler  stm32f1xx_it.o
    0x08000778   0x00000006   Code   RO         2930    i.EXTI1_IRQHandler  stm32f1xx_it.o
    0x0800077e   0x00000006   Code   RO         2931    i.EXTI2_IRQHandler  stm32f1xx_it.o
    0x08000784   0x00000006   Code   RO         2932    i.EXTI3_IRQHandler  stm32f1xx_it.o
    0x0800078a   0x00000006   Code   RO         2933    i.EXTI4_IRQHandler  stm32f1xx_it.o
    0x08000790   0x00000006   Code   RO         2934    i.EXTI9_5_IRQHandler  stm32f1xx_it.o
    0x08000796   0x00000002   PAD
    0x08000798   0x000000c8   Code   RO         1020    i.HAL_ADCEx_Calibration_Start  stm32f1xx_hal_adc_ex.o
    0x08000860   0x000000fc   Code   RO         2018    i.HAL_ADC_ConfigChannel  stm32f1xx_hal_adc.o
    0x0800095c   0x00000110   Code   RO         2574    i.HAL_ADC_ConvCpltCallback  user_io.o
    0x08000a6c   0x00000002   Code   RO         2020    i.HAL_ADC_ConvHalfCpltCallback  stm32f1xx_hal_adc.o
    0x08000a6e   0x00000002   Code   RO         2022    i.HAL_ADC_ErrorCallback  stm32f1xx_hal_adc.o
    0x08000a70   0x00000124   Code   RO         2027    i.HAL_ADC_Init      stm32f1xx_hal_adc.o
    0x08000b94   0x00000098   Code   RO         2752    i.HAL_ADC_MspInit   stm32f1xx_hal_msp.o
    0x08000c2c   0x0000010c   Code   RO         2034    i.HAL_ADC_Start_DMA  stm32f1xx_hal_adc.o
    0x08000d38   0x00000130   Code   RO         1919    i.HAL_DMA_Abort_IT  stm32f1xx_hal_dma.o
    0x08000e68   0x00000248   Code   RO         1923    i.HAL_DMA_IRQHandler  stm32f1xx_hal_dma.o
    0x080010b0   0x00000084   Code   RO         1924    i.HAL_DMA_Init      stm32f1xx_hal_dma.o
    0x08001134   0x00000070   Code   RO         1928    i.HAL_DMA_Start_IT  stm32f1xx_hal_dma.o
    0x080011a4   0x0000001c   Code   RO          886    i.HAL_Delay         stm32f1xx_hal.o
    0x080011c0   0x00000002   Code   RO         2575    i.HAL_GPIO_EXTI_Callback  user_io.o
    0x080011c2   0x00000002   PAD
    0x080011c4   0x00000018   Code   RO         2194    i.HAL_GPIO_EXTI_IRQHandler  stm32f1xx_hal_gpio.o
    0x080011dc   0x000001e8   Code   RO         2195    i.HAL_GPIO_Init     stm32f1xx_hal_gpio.o
    0x080013c4   0x0000000a   Code   RO         2197    i.HAL_GPIO_ReadPin  stm32f1xx_hal_gpio.o
    0x080013ce   0x00000008   Code   RO         2198    i.HAL_GPIO_TogglePin  stm32f1xx_hal_gpio.o
    0x080013d6   0x0000000a   Code   RO         2199    i.HAL_GPIO_WritePin  stm32f1xx_hal_gpio.o
    0x080013e0   0x0000000c   Code   RO          890    i.HAL_GetTick       stm32f1xx_hal.o
    0x080013ec   0x00000010   Code   RO          892    i.HAL_IncTick       stm32f1xx_hal.o
    0x080013fc   0x00000024   Code   RO          893    i.HAL_Init          stm32f1xx_hal.o
    0x08001420   0x00000028   Code   RO          894    i.HAL_InitTick      stm32f1xx_hal.o
    0x08001448   0x00000084   Code   RO         2753    i.HAL_MspInit       stm32f1xx_hal_msp.o
    0x080014cc   0x00000016   Code   RO         1677    i.HAL_NVIC_EnableIRQ  stm32f1xx_hal_cortex.o
    0x080014e2   0x00000002   PAD
    0x080014e4   0x00000040   Code   RO         1683    i.HAL_NVIC_SetPriority  stm32f1xx_hal_cortex.o
    0x08001524   0x00000024   Code   RO         1684    i.HAL_NVIC_SetPriorityGrouping  stm32f1xx_hal_cortex.o
    0x08001548   0x000000d4   Code   RO         2362    i.HAL_RCCEx_GetPeriphCLKFreq  stm32f1xx_hal_rcc_ex.o
    0x0800161c   0x000000ec   Code   RO         2363    i.HAL_RCCEx_PeriphCLKConfig  stm32f1xx_hal_rcc_ex.o
    0x08001708   0x00000154   Code   RO         2398    i.HAL_RCC_ClockConfig  stm32f1xx_hal_rcc.o
    0x0800185c   0x0000000c   Code   RO         2403    i.HAL_RCC_GetHCLKFreq  stm32f1xx_hal_rcc.o
    0x08001868   0x00000020   Code   RO         2405    i.HAL_RCC_GetPCLK1Freq  stm32f1xx_hal_rcc.o
    0x08001888   0x00000020   Code   RO         2406    i.HAL_RCC_GetPCLK2Freq  stm32f1xx_hal_rcc.o
    0x080018a8   0x0000006c   Code   RO         2407    i.HAL_RCC_GetSysClockFreq  stm32f1xx_hal_rcc.o
    0x08001914   0x00000304   Code   RO         2410    i.HAL_RCC_OscConfig  stm32f1xx_hal_rcc.o
    0x08001c18   0x00000018   Code   RO         1686    i.HAL_SYSTICK_CLKSourceConfig  stm32f1xx_hal_cortex.o
    0x08001c30   0x00000002   Code   RO         1687    i.HAL_SYSTICK_Callback  stm32f1xx_hal_cortex.o
    0x08001c32   0x00000028   Code   RO         1688    i.HAL_SYSTICK_Config  stm32f1xx_hal_cortex.o
    0x08001c5a   0x00000008   Code   RO         1689    i.HAL_SYSTICK_IRQHandler  stm32f1xx_hal_cortex.o
    0x08001c62   0x00000002   Code   RO         1116    i.HAL_TIMEx_BreakCallback  stm32f1xx_hal_tim_ex.o
    0x08001c64   0x00000002   Code   RO         1117    i.HAL_TIMEx_CommutationCallback  stm32f1xx_hal_tim_ex.o
    0x08001c66   0x00000050   Code   RO         1133    i.HAL_TIMEx_MasterConfigSynchronization  stm32f1xx_hal_tim_ex.o
    0x08001cb6   0x00000036   Code   RO          220    i.HAL_TIM_Base_Init  stm32f1xx_hal_tim.o
    0x08001cec   0x00000088   Code   RO         2755    i.HAL_TIM_Base_MspInit  stm32f1xx_hal_msp.o
    0x08001d74   0x00000018   Code   RO          225    i.HAL_TIM_Base_Start_IT  stm32f1xx_hal_tim.o
    0x08001d8c   0x000000f2   Code   RO          229    i.HAL_TIM_ConfigClockSource  stm32f1xx_hal_tim.o
    0x08001e7e   0x00000002   Code   RO          249    i.HAL_TIM_IC_CaptureCallback  stm32f1xx_hal_tim.o
    0x08001e80   0x00000166   Code   RO          262    i.HAL_TIM_IRQHandler  stm32f1xx_hal_tim.o
    0x08001fe6   0x00000002   Code   RO          265    i.HAL_TIM_OC_DelayElapsedCallback  stm32f1xx_hal_tim.o
    0x08001fe8   0x00000002   Code   RO          292    i.HAL_TIM_PWM_PulseFinishedCallback  stm32f1xx_hal_tim.o
    0x08001fea   0x00000002   PAD
    0x08001fec   0x0000003c   Code   RO         2649    i.HAL_TIM_PeriodElapsedCallback  user_time.o
    0x08002028   0x00000002   Code   RO          303    i.HAL_TIM_TriggerCallback  stm32f1xx_hal_tim.o
    0x0800202a   0x00000002   Code   RO         1370    i.HAL_UART_ErrorCallback  stm32f1xx_hal_uart.o
    0x0800202c   0x00000110   Code   RO         1373    i.HAL_UART_IRQHandler  stm32f1xx_hal_uart.o
    0x0800213c   0x00000062   Code   RO         1374    i.HAL_UART_Init     stm32f1xx_hal_uart.o
    0x0800219e   0x00000002   PAD
    0x080021a0   0x000000d8   Code   RO         2757    i.HAL_UART_MspInit  stm32f1xx_hal_msp.o
    0x08002278   0x00000052   Code   RO         1379    i.HAL_UART_Receive_IT  stm32f1xx_hal_uart.o
    0x080022ca   0x00000002   PAD
    0x080022cc   0x0000004c   Code   RO         2696    i.HAL_UART_RxCpltCallback  user_uart.o
    0x08002318   0x000000ba   Code   RO         1382    i.HAL_UART_Transmit  stm32f1xx_hal_uart.o
    0x080023d2   0x00000002   Code   RO         1385    i.HAL_UART_TxCpltCallback  stm32f1xx_hal_uart.o
    0x080023d4   0x000000b0   Code   RO         2812    i.MX_ADC1_Init      main.o
    0x08002484   0x000001cc   Code   RO         2813    i.MX_GPIO_Init      main.o
    0x08002650   0x00000058   Code   RO         2814    i.MX_TIM1_Init      main.o
    0x080026a8   0x00000054   Code   RO         2815    i.MX_TIM2_Init      main.o
    0x080026fc   0x00000054   Code   RO         2816    i.MX_TIM3_Init      main.o
    0x08002750   0x00000020   Code   RO         1690    i.NVIC_SetPriority  stm32f1xx_hal_cortex.o
    0x08002770   0x0000000e   Code   RO         2935    i.SysTick_Handler   stm32f1xx_it.o
    0x0800277e   0x00000080   Code   RO         2817    i.SystemClock_Config  main.o
    0x080027fe   0x00000002   PAD
    0x08002800   0x00000048   Code   RO         2500    i.SystemInit        system_stm32f1xx.o
    0x08002848   0x0000000c   Code   RO         2936    i.TIM1_UP_IRQHandler  stm32f1xx_it.o
    0x08002854   0x0000000c   Code   RO         2937    i.TIM2_IRQHandler   stm32f1xx_it.o
    0x08002860   0x0000000c   Code   RO         2938    i.TIM3_IRQHandler   stm32f1xx_it.o
    0x0800286c   0x0000008c   Code   RO          304    i.TIM_Base_SetConfig  stm32f1xx_hal_tim.o
    0x080028f8   0x00000014   Code   RO          311    i.TIM_ETR_SetConfig  stm32f1xx_hal_tim.o
    0x0800290c   0x00000010   Code   RO          312    i.TIM_ITRx_SetConfig  stm32f1xx_hal_tim.o
    0x0800291c   0x00000022   Code   RO          318    i.TIM_TI1_ConfigInputStage  stm32f1xx_hal_tim.o
    0x0800293e   0x00000024   Code   RO          320    i.TIM_TI2_ConfigInputStage  stm32f1xx_hal_tim.o
    0x08002962   0x00000010   Code   RO         1387    i.UART_DMAAbortOnError  stm32f1xx_hal_uart.o
    0x08002972   0x0000001c   Code   RO         1397    i.UART_EndRxTransfer  stm32f1xx_hal_uart.o
    0x0800298e   0x00000096   Code   RO         1399    i.UART_Receive_IT   stm32f1xx_hal_uart.o
    0x08002a24   0x00000170   Code   RO         1400    i.UART_SetConfig    stm32f1xx_hal_uart.o
    0x08002b94   0x00000062   Code   RO         1401    i.UART_Transmit_IT  stm32f1xx_hal_uart.o
    0x08002bf6   0x00000064   Code   RO         1402    i.UART_WaitOnFlagUntilTimeout  stm32f1xx_hal_uart.o
    0x08002c5a   0x00000002   PAD
    0x08002c5c   0x0000000c   Code   RO         2939    i.USART1_IRQHandler  stm32f1xx_it.o
    0x08002c68   0x0000000c   Code   RO         2940    i.USART2_IRQHandler  stm32f1xx_it.o
    0x08002c74   0x00000002   Code   RO         2818    i._Error_Handler    main.o
    0x08002c76   0x0000000e   Code   RO         3080    i.__scatterload_copy  mc_w.l(handlers.o)
    0x08002c84   0x00000002   Code   RO         3081    i.__scatterload_null  mc_w.l(handlers.o)
    0x08002c86   0x0000000e   Code   RO         3082    i.__scatterload_zeroinit  mc_w.l(handlers.o)
    0x08002c94   0x000003f8   Code   RO         2822    i.find_air_origin   main.o
    0x0800308c   0x000003dc   Code   RO         2823    i.main              main.o
    0x08003468   0x000000a8   Code   RO         2650    i.orign_pwm         user_time.o
    0x08003510   0x0000016c   Code   RO         2651    i.output_pwm        user_time.o
    0x0800367c   0x00000044   Code   RO         2576    i.pid_init          user_io.o
    0x080036c0   0x000000b0   Code   RO         2577    i.pid_run           user_io.o
    0x08003770   0x00000080   Code   RO         2824    i.speed_scan        main.o
    0x080037f0   0x0000000c   Code   RO         2578    i.user_get_adc_height1  user_io.o
    0x080037fc   0x0000000c   Code   RO         2579    i.user_get_adc_height2  user_io.o
    0x08003808   0x0000000c   Code   RO         2580    i.user_get_adc_height3  user_io.o
    0x08003814   0x000000a0   Code   RO         2581    i.user_io_init      user_io.o
    0x080038b4   0x0000005c   Code   RO         2825    i.user_motion_init  main.o
    0x08003910   0x0000004c   Code   RO         2698    i.user_receive_data  user_uart.o
    0x0800395c   0x0000003c   Code   RO         2699    i.user_send_debug_info  user_uart.o
    0x08003998   0x0000003c   Code   RO         2652    i.user_time_init    user_time.o
    0x080039d4   0x00000028   Code   RO         2700    i.user_uart_init    user_uart.o
    0x080039fc   0x00000010   Data   RO         2501    .constdata          system_stm32f1xx.o
    0x08003a0c   0x00000008   Data   RO         2502    .constdata          system_stm32f1xx.o
    0x08003a14   0x00000020   Data   RO         3078    Region$$Table       anon$$obj.o


    Execution Region RW_IRAM1 (Base: 0x20000000, Size: 0x00000798, Max: 0x00010000, ABSOLUTE)

    Base Addr    Size         Type   Attr      Idx    E Section Name        Object

    0x20000000   0x00000004   Data   RW          899    .data               stm32f1xx_hal.o
    0x20000004   0x00000004   Data   RW         2503    .data               system_stm32f1xx.o
    0x20000008   0x00000004   Data   RW         2583    .data               user_io.o
    0x2000000c   0x00000003   Data   RW         2653    .data               user_time.o
    0x2000000f   0x00000002   Data   RW         2702    .data               user_uart.o
    0x20000011   0x00000003   PAD
    0x20000014   0x00000018   Data   RW         2829    .data               main.o
    0x2000002c   0x00000064   Zero   RW         2582    .bss                user_io.o
    0x20000090   0x00000017   Zero   RW         2701    .bss                user_uart.o
    0x200000a7   0x00000001   PAD
    0x200000a8   0x000002a8   Zero   RW         2826    .bss                main.o
    0x20000350   0x00000044   Zero   RW         2827    .bss                main.o
    0x20000394   0x00000004   PAD
    0x20000398   0x00000400   Zero   RW         3025    STACK               startup_stm32f103xe.o


==============================================================================

Image component sizes


      Code (inc. data)   RO Data    RW Data    ZI Data      Debug   Object Name

      3246        146          0         24        748      14519   main.o
        36          8        304          0       1024        788   startup_stm32f103xe.o
       132         22          0          4          0       3779   stm32f1xx_hal.o
      1118         58          0          0          0       7487   stm32f1xx_hal_adc.o
       200          6          0          0          0       1410   stm32f1xx_hal_adc_ex.o
       228         14          0          0          0      27221   stm32f1xx_hal_cortex.o
      1174         52          0          0          0       4150   stm32f1xx_hal_dma.o
       540         48          0          0          0       4371   stm32f1xx_hal_gpio.o
         0          0          0          0          0     500828   stm32f1xx_hal_gpio_ex.o
       636        100          0          0          0       3110   stm32f1xx_hal_msp.o
      1296        104          0          0          0       5584   stm32f1xx_hal_rcc.o
       448         44          0          0          0       2473   stm32f1xx_hal_rcc_ex.o
       932         20          0          0          0       9247   stm32f1xx_hal_tim.o
        84          0          0          0          0       2370   stm32f1xx_hal_tim_ex.o
      1402         10          0          0          0       8731   stm32f1xx_hal_uart.o
       122         36          0          0          0       5870   stm32f1xx_it.o
        72         16         24          4          0       1215   system_stm32f1xx.o
         0          0          0          0          0       1602   user_flash.o
       714         94          0          4        100       7898   user_io.o
       652         54          0          3          0       2890   user_time.o
       252         40          0          2         23       3234   user_uart.o

    ----------------------------------------------------------------------
     13302        872        360         44       1900     618777   Object Totals
         0          0         32          0          0          0   (incl. Generated)
        18          0          0          3          5          0   (incl. Padding)

    ----------------------------------------------------------------------

      Code (inc. data)   RO Data    RW Data    ZI Data      Debug   Library Member Name

         0          0          0          0          0          0   entry.o
         0          0          0          0          0          0   entry10a.o
         0          0          0          0          0          0   entry11a.o
         8          4          0          0          0          0   entry2.o
         4          0          0          0          0          0   entry5.o
         0          0          0          0          0          0   entry7b.o
         0          0          0          0          0          0   entry8b.o
         8          4          0          0          0          0   entry9a.o
        30          0          0          0          0          0   handlers.o
        36          8          0          0          0         68   init.o
         0          0          0          0          0          0   iusefp.o
        30          0          0          0          0         68   llshl.o
        36          0          0          0          0         68   llsshr.o
        32          0          0          0          0         68   llushr.o
        36          0          0          0          0        108   memseta.o
        48          0          0          0          0         68   cdcmple.o
        48          0          0          0          0         68   cdrcmple.o
       334          0          0          0          0        148   dadd.o
       186          0          0          0          0        176   depilogue.o
        62          0          0          0          0         80   dfixi.o
        50          0          0          0          0         76   dfixui.o
        34          0          0          0          0         76   dflti.o
        26          0          0          0          0         76   dfltui.o
       228          0          0          0          0         96   dmul.o

    ----------------------------------------------------------------------
      1238         16          0          0          0       1244   Library Totals
         2          0          0          0          0          0   (incl. Padding)

    ----------------------------------------------------------------------

      Code (inc. data)   RO Data    RW Data    ZI Data      Debug   Library Name

       220         16          0          0          0        380   mc_w.l
      1016          0          0          0          0        864   mf_w.l

    ----------------------------------------------------------------------
      1238         16          0          0          0       1244   Library Totals

    ----------------------------------------------------------------------

==============================================================================


      Code (inc. data)   RO Data    RW Data    ZI Data      Debug   

     14540        888        360         44       1900     613725   Grand Totals
     14540        888        360         44       1900     613725   ELF Image Totals
     14540        888        360         44          0          0   ROM Totals

==============================================================================

    Total RO  Size (Code + RO Data)                14900 (  14.55kB)
    Total RW  Size (RW Data + ZI Data)              1944 (   1.90kB)
    Total ROM Size (Code + RO Data + RW Data)      14944 (  14.59kB)

==============================================================================

