Component: ARM Compiler 5.05 update 1 (build 106) Tool: armlink [4d0efa]

==============================================================================

Section Cross References

    stm32f1xx_hal_flash_ex.o(i.FLASH_MassErase) refers to stm32f1xx_hal_flash.o(.bss) for pFlash
    stm32f1xx_hal_flash_ex.o(i.FLASH_OB_DisableWRP) refers to stm32f1xx_hal_flash.o(i.FLASH_WaitForLastOperation) for FLASH_WaitForLastOperation
    stm32f1xx_hal_flash_ex.o(i.FLASH_OB_DisableWRP) refers to stm32f1xx_hal_flash_ex.o(i.HAL_FLASHEx_OBErase) for HAL_FLASHEx_OBErase
    stm32f1xx_hal_flash_ex.o(i.FLASH_OB_DisableWRP) refers to stm32f1xx_hal_flash.o(.bss) for pFlash
    stm32f1xx_hal_flash_ex.o(i.FLASH_OB_EnableWRP) refers to stm32f1xx_hal_flash.o(i.FLASH_WaitForLastOperation) for FLASH_WaitForLastOperation
    stm32f1xx_hal_flash_ex.o(i.FLASH_OB_EnableWRP) refers to stm32f1xx_hal_flash_ex.o(i.HAL_FLASHEx_OBErase) for HAL_FLASHEx_OBErase
    stm32f1xx_hal_flash_ex.o(i.FLASH_OB_EnableWRP) refers to stm32f1xx_hal_flash.o(.bss) for pFlash
    stm32f1xx_hal_flash_ex.o(i.FLASH_OB_RDP_LevelConfig) refers to stm32f1xx_hal_flash.o(i.FLASH_WaitForLastOperation) for FLASH_WaitForLastOperation
    stm32f1xx_hal_flash_ex.o(i.FLASH_OB_RDP_LevelConfig) refers to stm32f1xx_hal_flash.o(.bss) for pFlash
    stm32f1xx_hal_flash_ex.o(i.FLASH_PageErase) refers to stm32f1xx_hal_flash.o(.bss) for pFlash
    stm32f1xx_hal_flash_ex.o(i.HAL_FLASHEx_Erase) refers to stm32f1xx_hal_flash.o(i.FLASH_WaitForLastOperation) for FLASH_WaitForLastOperation
    stm32f1xx_hal_flash_ex.o(i.HAL_FLASHEx_Erase) refers to stm32f1xx_hal_flash_ex.o(i.FLASH_MassErase) for FLASH_MassErase
    stm32f1xx_hal_flash_ex.o(i.HAL_FLASHEx_Erase) refers to stm32f1xx_hal_flash_ex.o(i.FLASH_PageErase) for FLASH_PageErase
    stm32f1xx_hal_flash_ex.o(i.HAL_FLASHEx_Erase) refers to stm32f1xx_hal_flash.o(.bss) for pFlash
    stm32f1xx_hal_flash_ex.o(i.HAL_FLASHEx_Erase_IT) refers to stm32f1xx_hal_flash_ex.o(i.FLASH_PageErase) for FLASH_PageErase
    stm32f1xx_hal_flash_ex.o(i.HAL_FLASHEx_Erase_IT) refers to stm32f1xx_hal_flash_ex.o(i.FLASH_MassErase) for FLASH_MassErase
    stm32f1xx_hal_flash_ex.o(i.HAL_FLASHEx_Erase_IT) refers to stm32f1xx_hal_flash.o(.bss) for pFlash
    stm32f1xx_hal_flash_ex.o(i.HAL_FLASHEx_OBErase) refers to stm32f1xx_hal_flash_ex.o(i.FLASH_OB_GetRDP) for FLASH_OB_GetRDP
    stm32f1xx_hal_flash_ex.o(i.HAL_FLASHEx_OBErase) refers to stm32f1xx_hal_flash.o(i.FLASH_WaitForLastOperation) for FLASH_WaitForLastOperation
    stm32f1xx_hal_flash_ex.o(i.HAL_FLASHEx_OBErase) refers to stm32f1xx_hal_flash_ex.o(i.FLASH_OB_RDP_LevelConfig) for FLASH_OB_RDP_LevelConfig
    stm32f1xx_hal_flash_ex.o(i.HAL_FLASHEx_OBErase) refers to stm32f1xx_hal_flash.o(.bss) for pFlash
    stm32f1xx_hal_flash_ex.o(i.HAL_FLASHEx_OBGetConfig) refers to stm32f1xx_hal_flash_ex.o(i.FLASH_OB_GetRDP) for FLASH_OB_GetRDP
    stm32f1xx_hal_flash_ex.o(i.HAL_FLASHEx_OBProgram) refers to stm32f1xx_hal_flash_ex.o(i.FLASH_OB_DisableWRP) for FLASH_OB_DisableWRP
    stm32f1xx_hal_flash_ex.o(i.HAL_FLASHEx_OBProgram) refers to stm32f1xx_hal_flash_ex.o(i.FLASH_OB_EnableWRP) for FLASH_OB_EnableWRP
    stm32f1xx_hal_flash_ex.o(i.HAL_FLASHEx_OBProgram) refers to stm32f1xx_hal_flash_ex.o(i.FLASH_OB_RDP_LevelConfig) for FLASH_OB_RDP_LevelConfig
    stm32f1xx_hal_flash_ex.o(i.HAL_FLASHEx_OBProgram) refers to stm32f1xx_hal_flash.o(i.FLASH_WaitForLastOperation) for FLASH_WaitForLastOperation
    stm32f1xx_hal_flash_ex.o(i.HAL_FLASHEx_OBProgram) refers to stm32f1xx_hal_flash.o(.bss) for pFlash
    stm32f1xx_hal_tim.o(i.HAL_TIM_Base_DeInit) refers to stm32f1xx_hal_msp.o(i.HAL_TIM_Base_MspDeInit) for HAL_TIM_Base_MspDeInit
    stm32f1xx_hal_tim.o(i.HAL_TIM_Base_Init) refers to stm32f1xx_hal_msp.o(i.HAL_TIM_Base_MspInit) for HAL_TIM_Base_MspInit
    stm32f1xx_hal_tim.o(i.HAL_TIM_Base_Init) refers to stm32f1xx_hal_tim.o(i.TIM_Base_SetConfig) for TIM_Base_SetConfig
    stm32f1xx_hal_tim.o(i.HAL_TIM_Base_Start_DMA) refers to stm32f1xx_hal_dma.o(i.HAL_DMA_Start_IT) for HAL_DMA_Start_IT
    stm32f1xx_hal_tim.o(i.HAL_TIM_Base_Start_DMA) refers to stm32f1xx_hal_tim.o(i.TIM_DMAPeriodElapsedCplt) for TIM_DMAPeriodElapsedCplt
    stm32f1xx_hal_tim.o(i.HAL_TIM_Base_Start_DMA) refers to stm32f1xx_hal_tim.o(i.TIM_DMAError) for TIM_DMAError
    stm32f1xx_hal_tim.o(i.HAL_TIM_ConfigClockSource) refers to stm32f1xx_hal_tim.o(i.TIM_ETR_SetConfig) for TIM_ETR_SetConfig
    stm32f1xx_hal_tim.o(i.HAL_TIM_ConfigClockSource) refers to stm32f1xx_hal_tim.o(i.TIM_TI1_ConfigInputStage) for TIM_TI1_ConfigInputStage
    stm32f1xx_hal_tim.o(i.HAL_TIM_ConfigClockSource) refers to stm32f1xx_hal_tim.o(i.TIM_TI2_ConfigInputStage) for TIM_TI2_ConfigInputStage
    stm32f1xx_hal_tim.o(i.HAL_TIM_ConfigClockSource) refers to stm32f1xx_hal_tim.o(i.TIM_ITRx_SetConfig) for TIM_ITRx_SetConfig
    stm32f1xx_hal_tim.o(i.HAL_TIM_ConfigOCrefClear) refers to stm32f1xx_hal_tim.o(i.TIM_ETR_SetConfig) for TIM_ETR_SetConfig
[...]
    Removing stm32f1xx_hal_uart.o(i.HAL_MultiProcessor_Init), (130 bytes).
    Removing stm32f1xx_hal_uart.o(i.HAL_UART_Abort), (104 bytes).
    Removing stm32f1xx_hal_uart.o(i.HAL_UART_AbortCpltCallback), (2 bytes).
    Removing stm32f1xx_hal_uart.o(i.HAL_UART_AbortReceive), (68 bytes).
    Removing stm32f1xx_hal_uart.o(i.HAL_UART_AbortReceiveCpltCallback), (2 bytes).
    Removing stm32f1xx_hal_uart.o(i.HAL_UART_AbortReceive_IT), (92 bytes).
    Removing stm32f1xx_hal_uart.o(i.HAL_UART_AbortTransmit), (58 bytes).
    Removing stm32f1xx_hal_uart.o(i.HAL_UART_AbortTransmitCpltCallback), (2 bytes).
    Removing stm32f1xx_hal_uart.o(i.HAL_UART_AbortTransmit_IT), (84 bytes).
    Removing stm32f1xx_hal_uart.o(i.HAL_UART_Abort_IT), (172 bytes).
    Removing stm32f1xx_hal_uart.o(i.HAL_UART_DMAPause), (102 bytes).
    Removing stm32f1xx_hal_uart.o(i.HAL_UART_DMAResume), (94 bytes).
    Removing stm32f1xx_hal_uart.o(i.HAL_UART_DMAStop), (88 bytes).
    Removing stm32f1xx_hal_uart.o(i.HAL_UART_DeInit), (40 bytes).
    Removing stm32f1xx_hal_uart.o(i.HAL_UART_GetError), (4 bytes).
    Removing stm32f1xx_hal_uart.o(i.HAL_UART_GetState), (10 bytes).
    Removing stm32f1xx_hal_uart.o(i.HAL_UART_MspDeInit), (2 bytes).
    Removing stm32f1xx_hal_uart.o(i.HAL_UART_MspInit), (2 bytes).
    Removing stm32f1xx_hal_uart.o(i.HAL_UART_Receive), (184 bytes).
    Removing stm32f1xx_hal_uart.o(i.HAL_UART_Receive_DMA), (152 bytes).
    Removing stm32f1xx_hal_uart.o(i.HAL_UART_RxCpltCallback), (2 bytes).
    Removing stm32f1xx_hal_uart.o(i.HAL_UART_RxHalfCpltCallback), (2 bytes).
    Removing stm32f1xx_hal_uart.o(i.HAL_UART_Transmit), (186 bytes).
    Removing stm32f1xx_hal_uart.o(i.HAL_UART_Transmit_DMA), (128 bytes).
    Removing stm32f1xx_hal_uart.o(i.HAL_UART_Transmit_IT), (62 bytes).
    Removing stm32f1xx_hal_uart.o(i.HAL_UART_TxHalfCpltCallback), (2 bytes).
    Removing stm32f1xx_hal_uart.o(i.UART_DMAError), (74 bytes).
    Removing stm32f1xx_hal_uart.o(i.UART_DMAReceiveCplt), (60 bytes).
    Removing stm32f1xx_hal_uart.o(i.UART_DMARxAbortCallback), (42 bytes).
    Removing stm32f1xx_hal_uart.o(i.UART_DMARxHalfCplt), (10 bytes).
    Removing stm32f1xx_hal_uart.o(i.UART_DMARxOnlyAbortCallback), (20 bytes).
    Removing stm32f1xx_hal_uart.o(i.UART_DMATransmitCplt), (46 bytes).
    Removing stm32f1xx_hal_uart.o(i.UART_DMATxAbortCallback), (42 bytes).
    Removing stm32f1xx_hal_uart.o(i.UART_DMATxHalfCplt), (10 bytes).
    Removing stm32f1xx_hal_uart.o(i.UART_DMATxOnlyAbortCallback), (20 bytes).
    Removing stm32f1xx_hal_uart.o(i.UART_EndTxTransfer), (18 bytes).
    Removing stm32f1xx_hal_uart.o(i.UART_WaitOnFlagUntilTimeout), (100 bytes).
    Removing stm32f1xx_hal_cortex.o(.rev16_text), (4 bytes).
    Removing stm32f1xx_hal_cortex.o(.revsh_text), (4 bytes).
    Removing stm32f1xx_hal_cortex.o(.rrx_text), (6 bytes).
    Removing stm32f1xx_hal_cortex.o(i.HAL_NVIC_ClearPendingIRQ), (22 bytes).
    Removing stm32f1xx_hal_cortex.o(i.HAL_NVIC_DisableIRQ), (22 bytes).
    Removing stm32f1xx_hal_cortex.o(i.HAL_NVIC_GetActive), (32 bytes).
    Removing stm32f1xx_hal_cortex.o(i.HAL_NVIC_GetPendingIRQ), (32 bytes).
    Removing stm32f1xx_hal_cortex.o(i.HAL_NVIC_GetPriority), (82 bytes).
    Removing stm32f1xx_hal_cortex.o(i.HAL_NVIC_GetPriorityGrouping), (16 bytes).
    Removing stm32f1xx_hal_cortex.o(i.HAL_NVIC_SetPendingIRQ), (22 bytes).
    Removing stm32f1xx_hal_cortex.o(i.HAL_NVIC_SystemReset), (36 bytes).
    Removing stm32f1xx_hal_pwr.o(.rev16_text), (4 bytes).
    Removing stm32f1xx_hal_pwr.o(.revsh_text), (4 bytes).
    Removing stm32f1xx_hal_pwr.o(.rrx_text), (6 bytes).
    Removing stm32f1xx_hal_pwr.o(i.HAL_PWR_ConfigPVD), (124 bytes).
    Removing stm32f1xx_hal_pwr.o(i.HAL_PWR_DeInit), (24 bytes).
    Removing stm32f1xx_hal_pwr.o(i.HAL_PWR_DisableBkUpAccess), (12 bytes).
    Removing stm32f1xx_hal_pwr.o(i.HAL_PWR_DisablePVD), (12 bytes).
    Removing stm32f1xx_hal_pwr.o(i.HAL_PWR_DisableSEVOnPend), (16 bytes).
    Removing stm32f1xx_hal_pwr.o(i.HAL_PWR_DisableSleepOnExit), (16 bytes).
    Removing stm32f1xx_hal_pwr.o(i.HAL_PWR_DisableWakeUpPin), (28 bytes).
    Removing stm32f1xx_hal_pwr.o(i.HAL_PWR_EnableBkUpAccess), (12 bytes).
    Removing stm32f1xx_hal_pwr.o(i.HAL_PWR_EnablePVD), (12 bytes).
    Removing stm32f1xx_hal_pwr.o(i.HAL_PWR_EnableSEVOnPend), (16 bytes).
    Removing stm32f1xx_hal_pwr.o(i.HAL_PWR_EnableSleepOnExit), (16 bytes).
    Removing stm32f1xx_hal_pwr.o(i.HAL_PWR_EnableWakeUpPin), (28 bytes).
    Removing stm32f1xx_hal_pwr.o(i.HAL_PWR_EnterSLEEPMode), (32 bytes).
    Removing stm32f1xx_hal_pwr.o(i.HAL_PWR_EnterSTANDBYMode), (32 bytes).
    Removing stm32f1xx_hal_pwr.o(i.HAL_PWR_EnterSTOPMode), (68 bytes).
    Removing stm32f1xx_hal_pwr.o(i.HAL_PWR_PVDCallback), (2 bytes).
    Removing stm32f1xx_hal_pwr.o(i.HAL_PWR_PVD_IRQHandler), (28 bytes).
    Removing stm32f1xx_hal_pwr.o(i.PWR_OverloadWfe), (6 bytes).
    Removing stm32f1xx_hal_dma.o(.rev16_text), (4 bytes).
    Removing stm32f1xx_hal_dma.o(.revsh_text), (4 bytes).
    Removing stm32f1xx_hal_dma.o(.rrx_text), (6 bytes).
    Removing stm32f1xx_hal_dma.o(i.HAL_DMA_Abort), (48 bytes).
    Removing stm32f1xx_hal_dma.o(i.HAL_DMA_DeInit), (120 bytes).
    Removing stm32f1xx_hal_dma.o(i.HAL_DMA_GetError), (4 bytes).
    Removing stm32f1xx_hal_dma.o(i.HAL_DMA_GetState), (6 bytes).
    Removing stm32f1xx_hal_dma.o(i.HAL_DMA_PollForTransfer), (988 bytes).
    Removing stm32f1xx_hal_dma.o(i.HAL_DMA_RegisterCallback), (74 bytes).
    Removing stm32f1xx_hal_dma.o(i.HAL_DMA_Start), (80 bytes).
    Removing stm32f1xx_hal_dma.o(i.HAL_DMA_UnRegisterCallback), (82 bytes).
    Removing stm32f1xx_hal_adc.o(.rev16_text), (4 bytes).
    Removing stm32f1xx_hal_adc.o(.revsh_text), (4 bytes).
    Removing stm32f1xx_hal_adc.o(.rrx_text), (6 bytes).
    Removing stm32f1xx_hal_adc.o(i.HAL_ADC_AnalogWDGConfig), (88 bytes).
    Removing stm32f1xx_hal_adc.o(i.HAL_ADC_ConvCpltCallback), (2 bytes).
    Removing stm32f1xx_hal_adc.o(i.HAL_ADC_DeInit), (228 bytes).
    Removing stm32f1xx_hal_adc.o(i.HAL_ADC_GetError), (4 bytes).
    Removing stm32f1xx_hal_adc.o(i.HAL_ADC_GetState), (4 bytes).
    Removing stm32f1xx_hal_adc.o(i.HAL_ADC_GetValue), (6 bytes).
    Removing stm32f1xx_hal_adc.o(i.HAL_ADC_IRQHandler), (230 bytes).
    Removing stm32f1xx_hal_adc.o(i.HAL_ADC_LevelOutOfWindowCallback), (2 bytes).
    Removing stm32f1xx_hal_adc.o(i.HAL_ADC_MspDeInit), (2 bytes).
    Removing stm32f1xx_hal_adc.o(i.HAL_ADC_MspInit), (2 bytes).
    Removing stm32f1xx_hal_adc.o(i.HAL_ADC_PollForConversion), (304 bytes).
    Removing stm32f1xx_hal_adc.o(i.HAL_ADC_PollForEvent), (84 bytes).
    Removing stm32f1xx_hal_adc.o(i.HAL_ADC_Start), (192 bytes).
    Removing stm32f1xx_hal_adc.o(i.HAL_ADC_Start_IT), (204 bytes).
    Removing stm32f1xx_hal_adc.o(i.HAL_ADC_Stop), (52 bytes).
    Removing stm32f1xx_hal_adc.o(i.HAL_ADC_Stop_DMA), (76 bytes).
    Removing stm32f1xx_hal_adc.o(i.HAL_ADC_Stop_IT), (62 bytes).
    Removing stm32f1xx_hal_gpio.o(.rev16_text), (4 bytes).
    Removing stm32f1xx_hal_gpio.o(.revsh_text), (4 bytes).
    Removing stm32f1xx_hal_gpio.o(.rrx_text), (6 bytes).
    Removing stm32f1xx_hal_gpio.o(i.HAL_GPIO_DeInit), (256 bytes).
    Removing stm32f1xx_hal_gpio.o(i.HAL_GPIO_EXTI_Callback), (2 bytes).
    Removing stm32f1xx_hal_gpio.o(i.HAL_GPIO_LockPin), (34 bytes).
    Removing stm32f1xx_hal_flash.o(.rev16_text), (4 bytes).
    Removing stm32f1xx_hal_flash.o(.revsh_text), (4 bytes).
    Removing stm32f1xx_hal_flash.o(.rrx_text), (6 bytes).
    Removing stm32f1xx_hal_flash.o(i.FLASH_Program_HalfWord), (28 bytes).
    Removing stm32f1xx_hal_flash.o(i.FLASH_SetErrorCode), (92 bytes).
    Removing stm32f1xx_hal_flash.o(i.FLASH_WaitForLastOperation), (84 bytes).
    Removing stm32f1xx_hal_flash.o(i.HAL_FLASH_EndOfOperationCallback), (2 bytes).
    Removing stm32f1xx_hal_flash.o(i.HAL_FLASH_GetError), (12 bytes).
    Removing stm32f1xx_hal_flash.o(i.HAL_FLASH_IRQHandler), (260 bytes).
    Removing stm32f1xx_hal_flash.o(i.HAL_FLASH_Lock), (20 bytes).
    Removing stm32f1xx_hal_flash.o(i.HAL_FLASH_OB_Launch), (4 bytes).
    Removing stm32f1xx_hal_flash.o(i.HAL_FLASH_OB_Lock), (20 bytes).
    Removing stm32f1xx_hal_flash.o(i.HAL_FLASH_OB_Unlock), (36 bytes).
    Removing stm32f1xx_hal_flash.o(i.HAL_FLASH_OperationErrorCallback), (2 bytes).
    Removing stm32f1xx_hal_flash.o(i.HAL_FLASH_Program), (128 bytes).
    Removing stm32f1xx_hal_flash.o(i.HAL_FLASH_Program_IT), (100 bytes).
    Removing stm32f1xx_hal_flash.o(i.HAL_FLASH_Unlock), (36 bytes).
    Removing stm32f1xx_hal_flash.o(.bss), (32 bytes).
    Removing stm32f1xx_hal_rcc_ex.o(.rev16_text), (4 bytes).
    Removing stm32f1xx_hal_rcc_ex.o(.revsh_text), (4 bytes).
    Removing stm32f1xx_hal_rcc_ex.o(.rrx_text), (6 bytes).
    Removing stm32f1xx_hal_rcc_ex.o(i.HAL_RCCEx_GetPeriphCLKConfig), (52 bytes).
    Removing stm32f1xx_hal_rcc.o(.rev16_text), (4 bytes).
    Removing stm32f1xx_hal_rcc.o(.revsh_text), (4 bytes).
    Removing stm32f1xx_hal_rcc.o(.rrx_text), (6 bytes).
    Removing stm32f1xx_hal_rcc.o(i.HAL_RCC_CSSCallback), (2 bytes).
    Removing stm32f1xx_hal_rcc.o(i.HAL_RCC_DeInit), (68 bytes).
    Removing stm32f1xx_hal_rcc.o(i.HAL_RCC_DisableCSS), (12 bytes).
    Removing stm32f1xx_hal_rcc.o(i.HAL_RCC_EnableCSS), (12 bytes).
    Removing stm32f1xx_hal_rcc.o(i.HAL_RCC_GetClockConfig), (64 bytes).
    Removing stm32f1xx_hal_rcc.o(i.HAL_RCC_GetOscConfig), (144 bytes).
    Removing stm32f1xx_hal_rcc.o(i.HAL_RCC_MCOConfig), (72 bytes).
    Removing stm32f1xx_hal_rcc.o(i.HAL_RCC_NMI_IRQHandler), (24 bytes).
    Removing stm32f1xx_hal_can.o(.rev16_text), (4 bytes).
    Removing stm32f1xx_hal_can.o(.revsh_text), (4 bytes).
    Removing stm32f1xx_hal_can.o(.rrx_text), (6 bytes).
    Removing stm32f1xx_hal_can.o(i.HAL_CAN_DeInit), (32 bytes).
    Removing stm32f1xx_hal_can.o(i.HAL_CAN_GetError), (4 bytes).
    Removing stm32f1xx_hal_can.o(i.HAL_CAN_GetState), (6 bytes).
    Removing stm32f1xx_hal_can.o(i.HAL_CAN_MspDeInit), (2 bytes).
    Removing stm32f1xx_hal_can.o(i.HAL_CAN_MspInit), (2 bytes).
    Removing stm32f1xx_hal_can.o(i.HAL_CAN_Receive), (470 bytes).
    Removing stm32f1xx_hal_can.o(i.HAL_CAN_RxCpltCallback), (2 bytes).
    Removing stm32f1xx_hal_can.o(i.HAL_CAN_Sleep), (122 bytes).
    Removing stm32f1xx_hal_can.o(i.HAL_CAN_Transmit), (460 bytes).
    Removing stm32f1xx_hal_can.o(i.HAL_CAN_Transmit_IT), (292 bytes).
    Removing stm32f1xx_hal_can.o(i.HAL_CAN_WakeUp), (106 bytes).
    Removing system_stm32f1xx.o(.rev16_text), (4 bytes).
    Removing system_stm32f1xx.o(.revsh_text), (4 bytes).
    Removing system_stm32f1xx.o(.rrx_text), (6 bytes).
    Removing system_stm32f1xx.o(i.SystemCoreClockUpdate), (104 bytes).
    Removing user_flash.o(.rev16_text), (4 bytes).
    Removing user_flash.o(.revsh_text), (4 bytes).
    Removing user_flash.o(.rrx_text), (6 bytes).
    Removing user_flash.o(i.flash_read), (46 bytes).
    Removing user_flash.o(i.flash_read_user_data), (12 bytes).
    Removing user_io.o(.rev16_text), (4 bytes).
    Removing user_io.o(.revsh_text), (4 bytes).
    Removing user_io.o(.rrx_text), (6 bytes).
    Removing user_io.o(i.user_get_adc_height1), (12 bytes).
    Removing user_io.o(i.user_get_adc_height2), (12 bytes).
    Removing user_io.o(i.user_get_adc_height3), (12 bytes).
    Removing user_io.o(.constdata), (240 bytes).
    Removing user_time.o(.rev16_text), (4 bytes).
    Removing user_time.o(.revsh_text), (4 bytes).
    Removing user_time.o(.rrx_text), (6 bytes).
    Removing user_uart.o(.rev16_text), (4 bytes).
    Removing user_uart.o(.revsh_text), (4 bytes).
    Removing user_uart.o(.rrx_text), (6 bytes).
    Removing user_uart.o(i.fputc), (24 bytes).
    Removing user_uart.o(i.user_send_debug_info), (60 bytes).
    Removing user_uart.o(.data), (1 bytes).
    Removing stm32f1xx_hal_msp.o(.rev16_text), (4 bytes).
    Removing stm32f1xx_hal_msp.o(.revsh_text), (4 bytes).
    Removing stm32f1xx_hal_msp.o(.rrx_text), (6 bytes).
    Removing stm32f1xx_hal_msp.o(i.HAL_ADC_MspDeInit), (56 bytes).
    Removing stm32f1xx_hal_msp.o(i.HAL_CAN_MspDeInit), (56 bytes).
    Removing stm32f1xx_hal_msp.o(i.HAL_TIM_Base_MspDeInit), (76 bytes).
    Removing stm32f1xx_hal_msp.o(i.HAL_UART_MspDeInit), (88 bytes).
    Removing main.o(.rev16_text), (4 bytes).
    Removing main.o(.revsh_text), (4 bytes).
    Removing main.o(.rrx_text), (6 bytes).
    Removing main.o(i.delay_ms), (22 bytes).
    Removing main.o(i.delay_ns), (6 bytes).
    Removing main.o(i.delay_us), (16 bytes).
    Removing main.o(.bss), (12 bytes).
    Removing main.o(.data), (4 bytes).
    Removing main.o(.data), (1 bytes).
    Removing main.o(.data), (1 bytes).
    Removing main.o(.data), (1 bytes).
    Removing stm32f1xx_it.o(.rev16_text), (4 bytes).
    Removing stm32f1xx_it.o(.revsh_text), (4 bytes).
    Removing stm32f1xx_it.o(.rrx_text), (6 bytes).
    Removing can_tx_server.o(.rev16_text), (4 bytes).
    Removing can_tx_server.o(.revsh_text), (4 bytes).
    Removing can_tx_server.o(.rrx_text), (6 bytes).
    Removing can_tx_server.o(i.get_high_speed_date), (52 bytes).
    Removing can_tx_server.o(i.set_can_rx_flag), (56 bytes).
    Removing can_tx_server.o(i.set_nm_msg), (16 bytes).
    Removing can_tx_server.o(i.set_status_msg), (16 bytes).
    Removing can_tx_server.o(.data), (4 bytes).
    Removing can_tx_server.o(.data), (8 bytes).
    Removing can_tx_server.o(.data), (8 bytes).
    Removing sw_timer.o(.rev16_text), (4 bytes).
    Removing sw_timer.o(.revsh_text), (4 bytes).
    Removing sw_timer.o(.rrx_text), (6 bytes).
    Removing user_can.o(.rev16_text), (4 bytes).
    Removing user_can.o(.revsh_text), (4 bytes).
    Removing user_can.o(.rrx_text), (6 bytes).
    Removing user_can.o(i.can_send), (112 bytes).
    Removing startup_stm32f103xe.o(HEAP), (512 bytes).

417 unused section(s) (total 24502 bytes) removed from the image.

==============================================================================

Image Symbol Table

    Local Symbols

    Symbol Name                              Value     Ov Type        Size  Object(Section)

    ../Drivers/STM32F1xx_HAL_Driver/Src/stm32f1xx_hal.c 0x00000000   Number         0  stm32f1xx_hal.o ABSOLUTE
    ../Drivers/STM32F1xx_HAL_Driver/Src/stm32f1xx_hal_adc.c 0x00000000   Number         0  stm32f1xx_hal_adc.o ABSOLUTE
    ../Drivers/STM32F1xx_HAL_Driver/Src/stm32f1xx_hal_adc_ex.c 0x00000000   Number         0  stm32f1xx_hal_adc_ex.o ABSOLUTE
    ../Drivers/STM32F1xx_HAL_Driver/Src/stm32f1xx_hal_can.c 0x00000000   Number         0  stm32f1xx_hal_can.o ABSOLUTE
    ../Drivers/STM32F1xx_HAL_Driver/Src/stm32f1xx_hal_cortex.c 0x00000000   Number         0  stm32f1xx_hal_cortex.o ABSOLUTE
    ../Drivers/STM32F1xx_HAL_Driver/Src/stm32f1xx_hal_dma.c 0x00000000   Number         0  stm32f1xx_hal_dma.o ABSOLUTE
    ../Drivers/STM32F1xx_HAL_Driver/Src/stm32f1xx_hal_flash.c 0x00000000   Number         0  stm32f1xx_hal_flash.o ABSOLUTE
    ../Drivers/STM32F1xx_HAL_Driver/Src/stm32f1xx_hal_flash_ex.c 0x00000000   Number         0  stm32f1xx_hal_flash_ex.o ABSOLUTE
    ../Drivers/STM32F1xx_HAL_Driver/Src/stm32f1xx_hal_gpio.c 0x00000000   Number         0  stm32f1xx_hal_gpio.o ABSOLUTE
    ../Drivers/STM32F1xx_HAL_Driver/Src/stm32f1xx_hal_gpio_ex.c 0x00000000   Number         0  stm32f1xx_hal_gpio_ex.o ABSOLUTE
    ../Drivers/STM32F1xx_HAL_Driver/Src/stm32f1xx_hal_iwdg.c 0x00000000   Number         0  stm32f1xx_hal_iwdg.o ABSOLUTE
    ../Drivers/STM32F1xx_HAL_Driver/Src/stm32f1xx_hal_pwr.c 0x00000000   Number         0  stm32f1xx_hal_pwr.o ABSOLUTE
    ../Drivers/STM32F1xx_HAL_Driver/Src/stm32f1xx_hal_rcc.c 0x00000000   Number         0  stm32f1xx_hal_rcc.o ABSOLUTE
    ../Drivers/STM32F1xx_HAL_Driver/Src/stm32f1xx_hal_rcc_ex.c 0x00000000   Number         0  stm32f1xx_hal_rcc_ex.o ABSOLUTE
    ../Drivers/STM32F1xx_HAL_Driver/Src/stm32f1xx_hal_tim.c 0x00000000   Number         0  stm32f1xx_hal_tim.o ABSOLUTE
    ../Drivers/STM32F1xx_HAL_Driver/Src/stm32f1xx_hal_tim_ex.c 0x00000000   Number         0  stm32f1xx_hal_tim_ex.o ABSOLUTE
    ../Drivers/STM32F1xx_HAL_Driver/Src/stm32f1xx_hal_uart.c 0x00000000   Number         0  stm32f1xx_hal_uart.o ABSOLUTE
    ../Src/main.c                            0x00000000   Number         0  main.o ABSOLUTE
    ../Src/stm32f1xx_hal_msp.c               0x00000000   Number         0  stm32f1xx_hal_msp.o ABSOLUTE
    ../Src/stm32f1xx_it.c                    0x00000000   Number         0  stm32f1xx_it.o ABSOLUTE
    ../Src/system_stm32f1xx.c                0x00000000   Number         0  system_stm32f1xx.o ABSOLUTE
    ../clib/microlib/init/entry.s            0x00000000   Number         0  entry7a.o ABSOLUTE
    ../clib/microlib/init/entry.s            0x00000000   Number         0  entry5.o ABSOLUTE
    ../clib/microlib/init/entry.s            0x00000000   Number         0  entry2.o ABSOLUTE
    ../clib/microlib/init/entry.s            0x00000000   Number         0  entry.o ABSOLUTE
    ../clib/microlib/init/entry.s            0x00000000   Number         0  entry11b.o ABSOLUTE
    ../clib/microlib/init/entry.s            0x00000000   Number         0  entry11a.o ABSOLUTE
    ../clib/microlib/init/entry.s            0x00000000   Number         0  entry10b.o ABSOLUTE
    ../clib/microlib/init/entry.s            0x00000000   Number         0  entry10a.o ABSOLUTE
    ../clib/microlib/init/entry.s            0x00000000   Number         0  entry9a.o ABSOLUTE
    ../clib/microlib/init/entry.s            0x00000000   Number         0  entry8b.o ABSOLUTE
    ../clib/microlib/init/entry.s            0x00000000   Number         0  entry8a.o ABSOLUTE
    ../clib/microlib/init/entry.s            0x00000000   Number         0  entry7b.o ABSOLUTE
    ../clib/microlib/init/entry.s            0x00000000   Number         0  entry9b.o ABSOLUTE
    ../clib/microlib/longlong.c              0x00000000   Number         0  llushr.o ABSOLUTE
    ../clib/microlib/string/memset.c         0x00000000   Number         0  memseta.o ABSOLUTE
    ../clib/microlib/stubs.s                 0x00000000   Number         0  iusefp.o ABSOLUTE
    ../fplib/microlib/fpfix.c                0x00000000   Number         0  dfixui.o ABSOLUTE
    ..\Drivers\STM32F1xx_HAL_Driver\Src\stm32f1xx_hal.c 0x00000000   Number         0  stm32f1xx_hal.o ABSOLUTE
    ..\Drivers\STM32F1xx_HAL_Driver\Src\stm32f1xx_hal_adc.c 0x00000000   Number         0  stm32f1xx_hal_adc.o ABSOLUTE
    ..\Drivers\STM32F1xx_HAL_Driver\Src\stm32f1xx_hal_adc_ex.c 0x00000000   Number         0  stm32f1xx_hal_adc_ex.o ABSOLUTE
    ..\Drivers\STM32F1xx_HAL_Driver\Src\stm32f1xx_hal_can.c 0x00000000   Number         0  stm32f1xx_hal_can.o ABSOLUTE
    ..\Drivers\STM32F1xx_HAL_Driver\Src\stm32f1xx_hal_cortex.c 0x00000000   Number         0  stm32f1xx_hal_cortex.o ABSOLUTE
    ..\Drivers\STM32F1xx_HAL_Driver\Src\stm32f1xx_hal_dma.c 0x00000000   Number         0  stm32f1xx_hal_dma.o ABSOLUTE
    ..\Drivers\STM32F1xx_HAL_Driver\Src\stm32f1xx_hal_flash.c 0x00000000   Number         0  stm32f1xx_hal_flash.o ABSOLUTE
    ..\Drivers\STM32F1xx_HAL_Driver\Src\stm32f1xx_hal_flash_ex.c 0x00000000   Number         0  stm32f1xx_hal_flash_ex.o ABSOLUTE
    ..\Drivers\STM32F1xx_HAL_Driver\Src\stm32f1xx_hal_gpio.c 0x00000000   Number         0  stm32f1xx_hal_gpio.o ABSOLUTE
    ..\Drivers\STM32F1xx_HAL_Driver\Src\stm32f1xx_hal_gpio_ex.c 0x00000000   Number         0  stm32f1xx_hal_gpio_ex.o ABSOLUTE
    ..\Drivers\STM32F1xx_HAL_Driver\Src\stm32f1xx_hal_iwdg.c 0x00000000   Number         0  stm32f1xx_hal_iwdg.o ABSOLUTE
    ..\Drivers\STM32F1xx_HAL_Driver\Src\stm32f1xx_hal_pwr.c 0x00000000   Number         0  stm32f1xx_hal_pwr.o ABSOLUTE
    ..\Drivers\STM32F1xx_HAL_Driver\Src\stm32f1xx_hal_rcc.c 0x00000000   Number         0  stm32f1xx_hal_rcc.o ABSOLUTE
    ..\Drivers\STM32F1xx_HAL_Driver\Src\stm32f1xx_hal_rcc_ex.c 0x00000000   Number         0  stm32f1xx_hal_rcc_ex.o ABSOLUTE
    ..\Drivers\STM32F1xx_HAL_Driver\Src\stm32f1xx_hal_tim.c 0x00000000   Number         0  stm32f1xx_hal_tim.o ABSOLUTE
    ..\Drivers\STM32F1xx_HAL_Driver\Src\stm32f1xx_hal_tim_ex.c 0x00000000   Number         0  stm32f1xx_hal_tim_ex.o ABSOLUTE
    ..\Drivers\STM32F1xx_HAL_Driver\Src\stm32f1xx_hal_uart.c 0x00000000   Number         0  stm32f1xx_hal_uart.o ABSOLUTE
    ..\Src\main.c                            0x00000000   Number         0  main.o ABSOLUTE
    ..\Src\stm32f1xx_hal_msp.c               0x00000000   Number         0  stm32f1xx_hal_msp.o ABSOLUTE
    ..\Src\stm32f1xx_it.c                    0x00000000   Number         0  stm32f1xx_it.o ABSOLUTE
    ..\Src\system_stm32f1xx.c                0x00000000   Number         0  system_stm32f1xx.o ABSOLUTE
    ..\Src\user_flash.c                      0x00000000   Number         0  user_flash.o ABSOLUTE
    ..\Src\user_io.c                         0x00000000   Number         0  user_io.o ABSOLUTE
    ..\Src\user_time.c                       0x00000000   Number         0  user_time.o ABSOLUTE
    ..\Src\user_uart.c                       0x00000000   Number         0  user_uart.o ABSOLUTE
    ..\\Src\\user_flash.c                    0x00000000   Number         0  user_flash.o ABSOLUTE
    ..\\Src\\user_io.c                       0x00000000   Number         0  user_io.o ABSOLUTE
    ..\\Src\\user_time.c                     0x00000000   Number         0  user_time.o ABSOLUTE
    ..\\Src\\user_uart.c                     0x00000000   Number         0  user_uart.o ABSOLUTE
    dc.s                                     0x00000000   Number         0  dc.o ABSOLUTE
    handlers.s                               0x00000000   Number         0  handlers.o ABSOLUTE
    init.s                                   0x00000000   Number         0  init.o ABSOLUTE
    startup_stm32f103xe.s                    0x00000000   Number         0  startup_stm32f103xe.o ABSOLUTE
    user_file\\can_tx_server.c               0x00000000   Number         0  can_tx_server.o ABSOLUTE
    user_file\\sw_timer.c                    0x00000000   Number         0  sw_timer.o ABSOLUTE
    user_file\\user_can.c                    0x00000000   Number         0  user_can.o ABSOLUTE
    user_file\can_tx_server.c                0x00000000   Number         0  can_tx_server.o ABSOLUTE
    user_file\sw_timer.c                     0x00000000   Number         0  sw_timer.o ABSOLUTE
    user_file\user_can.c                     0x00000000   Number         0  user_can.o ABSOLUTE
    RESET                                    0x08000000   Section      304  startup_stm32f103xe.o(RESET)
    .ARM.Collect$$$$00000000                 0x08000130   Section        0  entry.o(.ARM.Collect$$$$00000000)
    .ARM.Collect$$$$00000001                 0x08000130   Section        4  entry2.o(.ARM.Collect$$$$00000001)
    .ARM.Collect$$$$00000004                 0x08000134   Section        4  entry5.o(.ARM.Collect$$$$00000004)
    .ARM.Collect$$$$00000008                 0x08000138   Section        0  entry7b.o(.ARM.Collect$$$$00000008)
    .ARM.Collect$$$$0000000A                 0x08000138   Section        0  entry8b.o(.ARM.Collect$$$$0000000A)
    .ARM.Collect$$$$0000000B                 0x08000138   Section        8  entry9a.o(.ARM.Collect$$$$0000000B)
    .ARM.Collect$$$$0000000D                 0x08000140   Section        0  entry10a.o(.ARM.Collect$$$$0000000D)
    .ARM.Collect$$$$0000000F                 0x08000140   Section        0  entry11a.o(.ARM.Collect$$$$0000000F)
    .ARM.Collect$$$$00002712                 0x08000140   Section        4  entry2.o(.ARM.Collect$$$$00002712)
    __lit__00000000                          0x08000140   Data           4  entry2.o(.ARM.Collect$$$$00002712)
    .text                                    0x08000144   Section       36  startup_stm32f103xe.o(.text)
    .text                                    0x08000168   Section        0  llushr.o(.text)
    .text                                    0x08000188   Section        0  memseta.o(.text)
    .text                                    0x080001ac   Section        0  dfixui.o(.text)
    .text                                    0x080001de   Section        0  iusefp.o(.text)
    .text                                    0x080001e0   Section       36  init.o(.text)
    i.ADC_ConversionStop_Disable             0x08000204   Section        0  stm32f1xx_hal_adc.o(i.ADC_ConversionStop_Disable)
    i.ADC_DMAConvCplt                        0x08000250   Section        0  stm32f1xx_hal_adc.o(i.ADC_DMAConvCplt)
    i.ADC_DMAError                           0x0800029e   Section        0  stm32f1xx_hal_adc.o(i.ADC_DMAError)
    i.ADC_DMAHalfConvCplt                    0x080002b8   Section        0  stm32f1xx_hal_adc.o(i.ADC_DMAHalfConvCplt)
    i.ADC_Enable                             0x080002c4   Section        0  stm32f1xx_hal_adc.o(i.ADC_Enable)
    i.CAN_Receive_IT                         0x08000334   Section        0  stm32f1xx_hal_can.o(i.CAN_Receive_IT)
    CAN_Receive_IT                           0x08000335   Thumb Code   294  stm32f1xx_hal_can.o(i.CAN_Receive_IT)
    i.DMA1_Channel1_IRQHandler               0x0800045c   Section        0  stm32f1xx_it.o(i.DMA1_Channel1_IRQHandler)
    i.DMA_SetConfig                          0x08000468   Section        0  stm32f1xx_hal_dma.o(i.DMA_SetConfig)
    DMA_SetConfig                            0x08000469   Thumb Code    42  stm32f1xx_hal_dma.o(i.DMA_SetConfig)
    i.EXTI0_IRQHandler                       0x08000492   Section        0  stm32f1xx_it.o(i.EXTI0_IRQHandler)
    i.EXTI1_IRQHandler                       0x08000498   Section        0  stm32f1xx_it.o(i.EXTI1_IRQHandler)
    i.EXTI2_IRQHandler                       0x0800049e   Section        0  stm32f1xx_it.o(i.EXTI2_IRQHandler)
    i.EXTI3_IRQHandler                       0x080004a4   Section        0  stm32f1xx_it.o(i.EXTI3_IRQHandler)
    i.EXTI4_IRQHandler                       0x080004aa   Section        0  stm32f1xx_it.o(i.EXTI4_IRQHandler)
    i.EXTI9_5_IRQHandler                     0x080004b0   Section        0  stm32f1xx_it.o(i.EXTI9_5_IRQHandler)
    i.HAL_ADCEx_Calibration_Start            0x080004b8   Section        0  stm32f1xx_hal_adc_ex.o(i.HAL_ADCEx_Calibration_Start)
    i.HAL_ADC_ConfigChannel                  0x08000580   Section        0  stm32f1xx_hal_adc.o(i.HAL_ADC_ConfigChannel)
    i.HAL_ADC_ConvCpltCallback               0x0800067c   Section        0  user_io.o(i.HAL_ADC_ConvCpltCallback)
    i.HAL_ADC_ConvHalfCpltCallback           0x0800076c   Section        0  stm32f1xx_hal_adc.o(i.HAL_ADC_ConvHalfCpltCallback)
    i.HAL_ADC_ErrorCallback                  0x0800076e   Section        0  stm32f1xx_hal_adc.o(i.HAL_ADC_ErrorCallback)
    i.HAL_ADC_Init                           0x08000770   Section        0  stm32f1xx_hal_adc.o(i.HAL_ADC_Init)
    i.HAL_ADC_MspInit                        0x08000894   Section        0  stm32f1xx_hal_msp.o(i.HAL_ADC_MspInit)
    i.HAL_ADC_Start_DMA                      0x0800092c   Section        0  stm32f1xx_hal_adc.o(i.HAL_ADC_Start_DMA)
    i.HAL_CAN_ConfigFilter                   0x08000a38   Section        0  stm32f1xx_hal_can.o(i.HAL_CAN_ConfigFilter)
    i.HAL_CAN_ErrorCallback                  0x08000b2a   Section        0  stm32f1xx_hal_can.o(i.HAL_CAN_ErrorCallback)
    i.HAL_CAN_IRQHandler                     0x08000b2c   Section        0  stm32f1xx_hal_can.o(i.HAL_CAN_IRQHandler)
    i.HAL_CAN_Init                           0x08000d60   Section        0  stm32f1xx_hal_can.o(i.HAL_CAN_Init)
    i.HAL_CAN_MspInit                        0x08000e8c   Section        0  stm32f1xx_hal_msp.o(i.HAL_CAN_MspInit)
    i.HAL_CAN_Receive_IT                     0x08000ef4   Section        0  stm32f1xx_hal_can.o(i.HAL_CAN_Receive_IT)
    i.HAL_CAN_RxCpltCallback                 0x08000fa8   Section        0  user_can.o(i.HAL_CAN_RxCpltCallback)
    i.HAL_CAN_TxCpltCallback                 0x08000fd4   Section        0  stm32f1xx_hal_can.o(i.HAL_CAN_TxCpltCallback)
    i.HAL_DMA_Abort_IT                       0x08000fd8   Section        0  stm32f1xx_hal_dma.o(i.HAL_DMA_Abort_IT)
    i.HAL_DMA_IRQHandler                     0x08001108   Section        0  stm32f1xx_hal_dma.o(i.HAL_DMA_IRQHandler)
    i.HAL_DMA_Init                           0x08001350   Section        0  stm32f1xx_hal_dma.o(i.HAL_DMA_Init)
    i.HAL_DMA_Start_IT                       0x080013d4   Section        0  stm32f1xx_hal_dma.o(i.HAL_DMA_Start_IT)
    i.HAL_GPIO_EXTI_Callback                 0x08001444   Section        0  user_io.o(i.HAL_GPIO_EXTI_Callback)
    i.HAL_GPIO_EXTI_IRQHandler               0x08001448   Section        0  stm32f1xx_hal_gpio.o(i.HAL_GPIO_EXTI_IRQHandler)
    i.HAL_GPIO_Init                          0x08001460   Section        0  stm32f1xx_hal_gpio.o(i.HAL_GPIO_Init)
    i.HAL_GPIO_ReadPin                       0x08001648   Section        0  stm32f1xx_hal_gpio.o(i.HAL_GPIO_ReadPin)
    i.HAL_GPIO_TogglePin                     0x08001652   Section        0  stm32f1xx_hal_gpio.o(i.HAL_GPIO_TogglePin)
    i.HAL_GPIO_WritePin                      0x0800165a   Section        0  stm32f1xx_hal_gpio.o(i.HAL_GPIO_WritePin)
    i.HAL_GetTick                            0x08001664   Section        0  stm32f1xx_hal.o(i.HAL_GetTick)
    i.HAL_IncTick                            0x08001670   Section        0  stm32f1xx_hal.o(i.HAL_IncTick)
    i.HAL_Init                               0x08001680   Section        0  stm32f1xx_hal.o(i.HAL_Init)
    i.HAL_InitTick                           0x080016a4   Section        0  stm32f1xx_hal.o(i.HAL_InitTick)
    i.HAL_MspInit                            0x080016cc   Section        0  stm32f1xx_hal_msp.o(i.HAL_MspInit)
    i.HAL_NVIC_EnableIRQ                     0x08001750   Section        0  stm32f1xx_hal_cortex.o(i.HAL_NVIC_EnableIRQ)
    i.HAL_NVIC_SetPriority                   0x08001768   Section        0  stm32f1xx_hal_cortex.o(i.HAL_NVIC_SetPriority)
    i.HAL_NVIC_SetPriorityGrouping           0x080017a8   Section        0  stm32f1xx_hal_cortex.o(i.HAL_NVIC_SetPriorityGrouping)
    i.HAL_RCCEx_GetPeriphCLKFreq             0x080017cc   Section        0  stm32f1xx_hal_rcc_ex.o(i.HAL_RCCEx_GetPeriphCLKFreq)
    i.HAL_RCCEx_PeriphCLKConfig              0x080018a0   Section        0  stm32f1xx_hal_rcc_ex.o(i.HAL_RCCEx_PeriphCLKConfig)
    i.HAL_RCC_ClockConfig                    0x0800198c   Section        0  stm32f1xx_hal_rcc.o(i.HAL_RCC_ClockConfig)
    i.HAL_RCC_GetHCLKFreq                    0x08001ae0   Section        0  stm32f1xx_hal_rcc.o(i.HAL_RCC_GetHCLKFreq)
    i.HAL_RCC_GetPCLK1Freq                   0x08001aec   Section        0  stm32f1xx_hal_rcc.o(i.HAL_RCC_GetPCLK1Freq)
    i.HAL_RCC_GetPCLK2Freq                   0x08001b0c   Section        0  stm32f1xx_hal_rcc.o(i.HAL_RCC_GetPCLK2Freq)
    i.HAL_RCC_GetSysClockFreq                0x08001b2c   Section        0  stm32f1xx_hal_rcc.o(i.HAL_RCC_GetSysClockFreq)
    i.HAL_RCC_OscConfig                      0x08001b98   Section        0  stm32f1xx_hal_rcc.o(i.HAL_RCC_OscConfig)
    i.HAL_SYSTICK_CLKSourceConfig            0x08001e9c   Section        0  stm32f1xx_hal_cortex.o(i.HAL_SYSTICK_CLKSourceConfig)
    i.HAL_SYSTICK_Callback                   0x08001eb4   Section        0  stm32f1xx_hal_cortex.o(i.HAL_SYSTICK_Callback)
    i.HAL_SYSTICK_Config                     0x08001eb6   Section        0  stm32f1xx_hal_cortex.o(i.HAL_SYSTICK_Config)
    i.HAL_SYSTICK_IRQHandler                 0x08001ede   Section        0  stm32f1xx_hal_cortex.o(i.HAL_SYSTICK_IRQHandler)
    i.HAL_TIMEx_BreakCallback                0x08001ee6   Section        0  stm32f1xx_hal_tim_ex.o(i.HAL_TIMEx_BreakCallback)
    i.HAL_TIMEx_CommutationCallback          0x08001ee8   Section        0  stm32f1xx_hal_tim_ex.o(i.HAL_TIMEx_CommutationCallback)
    i.HAL_TIMEx_MasterConfigSynchronization  0x08001eea   Section        0  stm32f1xx_hal_tim_ex.o(i.HAL_TIMEx_MasterConfigSynchronization)
    i.HAL_TIM_Base_Init                      0x08001f3a   Section        0  stm32f1xx_hal_tim.o(i.HAL_TIM_Base_Init)
    i.HAL_TIM_Base_MspInit                   0x08001f70   Section        0  stm32f1xx_hal_msp.o(i.HAL_TIM_Base_MspInit)
    i.HAL_TIM_Base_Start_IT                  0x08001ff8   Section        0  stm32f1xx_hal_tim.o(i.HAL_TIM_Base_Start_IT)
    i.HAL_TIM_ConfigClockSource              0x08002010   Section        0  stm32f1xx_hal_tim.o(i.HAL_TIM_ConfigClockSource)
    i.HAL_TIM_IC_CaptureCallback             0x08002102   Section        0  stm32f1xx_hal_tim.o(i.HAL_TIM_IC_CaptureCallback)
    i.HAL_TIM_IRQHandler                     0x08002104   Section        0  stm32f1xx_hal_tim.o(i.HAL_TIM_IRQHandler)
    i.HAL_TIM_OC_DelayElapsedCallback        0x0800226a   Section        0  stm32f1xx_hal_tim.o(i.HAL_TIM_OC_DelayElapsedCallback)
    i.HAL_TIM_PWM_PulseFinishedCallback      0x0800226c   Section        0  stm32f1xx_hal_tim.o(i.HAL_TIM_PWM_PulseFinishedCallback)
    i.HAL_TIM_PeriodElapsedCallback          0x08002270   Section        0  user_time.o(i.HAL_TIM_PeriodElapsedCallback)
    i.HAL_TIM_TriggerCallback                0x0800229c   Section        0  stm32f1xx_hal_tim.o(i.HAL_TIM_TriggerCallback)
    i.HAL_UART_ErrorCallback                 0x0800229e   Section        0  stm32f1xx_hal_uart.o(i.HAL_UART_ErrorCallback)
    i.HAL_UART_IRQHandler                    0x080022a0   Section        0  stm32f1xx_hal_uart.o(i.HAL_UART_IRQHandler)
    i.HAL_UART_Init                          0x080023b0   Section        0  stm32f1xx_hal_uart.o(i.HAL_UART_Init)
    i.HAL_UART_MspInit                       0x08002414   Section        0  stm32f1xx_hal_msp.o(i.HAL_UART_MspInit)
    i.HAL_UART_Receive_IT                    0x080024ec   Section        0  stm32f1xx_hal_uart.o(i.HAL_UART_Receive_IT)
    i.HAL_UART_RxCpltCallback                0x08002540   Section        0  user_uart.o(i.HAL_UART_RxCpltCallback)
    i.HAL_UART_TxCpltCallback                0x0800258c   Section        0  stm32f1xx_hal_uart.o(i.HAL_UART_TxCpltCallback)
    i.MX_ADC1_Init                           0x08002590   Section        0  main.o(i.MX_ADC1_Init)
    MX_ADC1_Init                             0x08002591   Thumb Code   168  main.o(i.MX_ADC1_Init)
    i.MX_CAN_Init                            0x08002640   Section        0  main.o(i.MX_CAN_Init)
    MX_CAN_Init                              0x08002641   Thumb Code    54  main.o(i.MX_CAN_Init)
    i.MX_GPIO_Init                           0x08002680   Section        0  main.o(i.MX_GPIO_Init)
    MX_GPIO_Init                             0x08002681   Thumb Code   456  main.o(i.MX_GPIO_Init)
    i.MX_TIM1_Init                           0x08002864   Section        0  main.o(i.MX_TIM1_Init)
    MX_TIM1_Init                             0x08002865   Thumb Code    78  main.o(i.MX_TIM1_Init)
    i.MX_TIM2_Init                           0x080028bc   Section        0  main.o(i.MX_TIM2_Init)
    MX_TIM2_Init                             0x080028bd   Thumb Code    78  main.o(i.MX_TIM2_Init)
    i.MX_TIM3_Init                           0x08002910   Section        0  main.o(i.MX_TIM3_Init)
    MX_TIM3_Init                             0x08002911   Thumb Code    76  main.o(i.MX_TIM3_Init)
    i.NVIC_SetPriority                       0x08002964   Section        0  stm32f1xx_hal_cortex.o(i.NVIC_SetPriority)
    NVIC_SetPriority                         0x08002965   Thumb Code    32  stm32f1xx_hal_cortex.o(i.NVIC_SetPriority)
    i.SysTick_Handler                        0x08002984   Section        0  stm32f1xx_it.o(i.SysTick_Handler)
    i.SystemClock_Config                     0x08002992   Section        0  main.o(i.SystemClock_Config)
    i.SystemInit                             0x08002a14   Section        0  system_stm32f1xx.o(i.SystemInit)
    i.TIM1_UP_IRQHandler                     0x08002a5c   Section        0  stm32f1xx_it.o(i.TIM1_UP_IRQHandler)
    i.TIM2_IRQHandler                        0x08002a68   Section        0  stm32f1xx_it.o(i.TIM2_IRQHandler)
    i.TIM3_IRQHandler                        0x08002a74   Section        0  stm32f1xx_it.o(i.TIM3_IRQHandler)
    i.TIM_Base_SetConfig                     0x08002a80   Section        0  stm32f1xx_hal_tim.o(i.TIM_Base_SetConfig)
    i.TIM_ETR_SetConfig                      0x08002b0c   Section        0  stm32f1xx_hal_tim.o(i.TIM_ETR_SetConfig)
    TIM_ETR_SetConfig                        0x08002b0d   Thumb Code    20  stm32f1xx_hal_tim.o(i.TIM_ETR_SetConfig)
    i.TIM_ITRx_SetConfig                     0x08002b20   Section        0  stm32f1xx_hal_tim.o(i.TIM_ITRx_SetConfig)
    TIM_ITRx_SetConfig                       0x08002b21   Thumb Code    16  stm32f1xx_hal_tim.o(i.TIM_ITRx_SetConfig)
    i.TIM_TI1_ConfigInputStage               0x08002b30   Section        0  stm32f1xx_hal_tim.o(i.TIM_TI1_ConfigInputStage)
    TIM_TI1_ConfigInputStage                 0x08002b31   Thumb Code    34  stm32f1xx_hal_tim.o(i.TIM_TI1_ConfigInputStage)
    i.TIM_TI2_ConfigInputStage               0x08002b52   Section        0  stm32f1xx_hal_tim.o(i.TIM_TI2_ConfigInputStage)
    TIM_TI2_ConfigInputStage                 0x08002b53   Thumb Code    36  stm32f1xx_hal_tim.o(i.TIM_TI2_ConfigInputStage)
    i.UART_DMAAbortOnError                   0x08002b76   Section        0  stm32f1xx_hal_uart.o(i.UART_DMAAbortOnError)
    UART_DMAAbortOnError                     0x08002b77   Thumb Code    16  stm32f1xx_hal_uart.o(i.UART_DMAAbortOnError)
    i.UART_EndRxTransfer                     0x08002b86   Section        0  stm32f1xx_hal_uart.o(i.UART_EndRxTransfer)
    UART_EndRxTransfer                       0x08002b87   Thumb Code    28  stm32f1xx_hal_uart.o(i.UART_EndRxTransfer)
    i.UART_Receive_IT                        0x08002ba2   Section        0  stm32f1xx_hal_uart.o(i.UART_Receive_IT)
    UART_Receive_IT                          0x08002ba3   Thumb Code   150  stm32f1xx_hal_uart.o(i.UART_Receive_IT)
    i.UART_SetConfig                         0x08002c38   Section        0  stm32f1xx_hal_uart.o(i.UART_SetConfig)
    UART_SetConfig                           0x08002c39   Thumb Code   364  stm32f1xx_hal_uart.o(i.UART_SetConfig)
    i.UART_Transmit_IT                       0x08002da8   Section        0  stm32f1xx_hal_uart.o(i.UART_Transmit_IT)
    UART_Transmit_IT                         0x08002da9   Thumb Code    98  stm32f1xx_hal_uart.o(i.UART_Transmit_IT)
    i.USART1_IRQHandler                      0x08002e0c   Section        0  stm32f1xx_it.o(i.USART1_IRQHandler)
    i.USART2_IRQHandler                      0x08002e18   Section        0  stm32f1xx_it.o(i.USART2_IRQHandler)
    i.USB_LP_CAN1_RX0_IRQHandler             0x08002e24   Section        0  stm32f1xx_it.o(i.USB_LP_CAN1_RX0_IRQHandler)
    i._Error_Handler                         0x08002e30   Section        0  main.o(i._Error_Handler)
    i.__scatterload_copy                     0x08002e32   Section       14  handlers.o(i.__scatterload_copy)
    i.__scatterload_null                     0x08002e40   Section        2  handlers.o(i.__scatterload_null)
    i.__scatterload_zeroinit                 0x08002e42   Section       14  handlers.o(i.__scatterload_zeroinit)
    i.can_rx_handle                          0x08002e50   Section        0  can_tx_server.o(i.can_rx_handle)
    i.can_rx_hb                              0x08002ecc   Section        0  can_tx_server.o(i.can_rx_hb)
    can_rx_hb                                0x08002ecd   Thumb Code     2  can_tx_server.o(i.can_rx_hb)
    i.can_rx_hb_ot                           0x08002ece   Section        0  can_tx_server.o(i.can_rx_hb_ot)
    can_rx_hb_ot                             0x08002ecf   Thumb Code     2  can_tx_server.o(i.can_rx_hb_ot)
    i.can_rx_hight                           0x08002ed0   Section        0  can_tx_server.o(i.can_rx_hight)
    can_rx_hight                             0x08002ed1   Thumb Code     2  can_tx_server.o(i.can_rx_hight)
    i.can_rx_hight_ot                        0x08002ed2   Section        0  can_tx_server.o(i.can_rx_hight_ot)
    can_rx_hight_ot                          0x08002ed3   Thumb Code     2  can_tx_server.o(i.can_rx_hight_ot)
    i.can_rx_init                            0x08002ed4   Section        0  can_tx_server.o(i.can_rx_init)
    i.can_rx_sp                              0x08002f28   Section        0  can_tx_server.o(i.can_rx_sp)
    can_rx_sp                                0x08002f29   Thumb Code     2  can_tx_server.o(i.can_rx_sp)
    i.can_rx_sp_ot                           0x08002f2a   Section        0  can_tx_server.o(i.can_rx_sp_ot)
    can_rx_sp_ot                             0x08002f2b   Thumb Code     2  can_tx_server.o(i.can_rx_sp_ot)
    i.can_rx_speed                           0x08002f2c   Section        0  can_tx_server.o(i.can_rx_speed)
    can_rx_speed                             0x08002f2d   Thumb Code     2  can_tx_server.o(i.can_rx_speed)
    i.can_rx_speed_ot                        0x08002f2e   Section        0  can_tx_server.o(i.can_rx_speed_ot)
    can_rx_speed_ot                          0x08002f2f   Thumb Code     2  can_tx_server.o(i.can_rx_speed_ot)
    i.can_scale32_idmask                     0x08002f30   Section        0  user_can.o(i.can_scale32_idmask)
    can_scale32_idmask                       0x08002f31   Thumb Code   122  user_can.o(i.can_scale32_idmask)
    i.can_tx_handle                          0x08002fcc   Section        0  can_tx_server.o(i.can_tx_handle)
    i.can_tx_nm                              0x08002ffc   Section        0  can_tx_server.o(i.can_tx_nm)
    can_tx_nm                                0x08002ffd   Thumb Code     2  can_tx_server.o(i.can_tx_nm)
    i.can_tx_servet_init                     0x08003000   Section        0  can_tx_server.o(i.can_tx_servet_init)
    i.can_tx_status                          0x0800303c   Section        0  can_tx_server.o(i.can_tx_status)
    can_tx_status                            0x0800303d   Thumb Code     2  can_tx_server.o(i.can_tx_status)
    i.can_txconfig                           0x08003040   Section        0  user_can.o(i.can_txconfig)
    can_txconfig                             0x08003041   Thumb Code    76  user_can.o(i.can_txconfig)
    i.clr_update_flag                        0x08003094   Section        0  can_tx_server.o(i.clr_update_flag)
    i.get_update_flag                        0x080030ac   Section        0  can_tx_server.o(i.get_update_flag)
    i.main                                   0x080030c4   Section        0  main.o(i.main)
    i.output_pwm                             0x080034e4   Section        0  user_time.o(i.output_pwm)
    i.pid_run                                0x080035dc   Section        0  user_io.o(i.pid_run)
    pid_run                                  0x080035dd   Thumb Code   436  user_io.o(i.pid_run)
    i.speed_scan                             0x08003850   Section        0  main.o(i.speed_scan)
    i.sw_timer_handle                        0x0800392c   Section        0  sw_timer.o(i.sw_timer_handle)
    i.sw_timer_init                          0x0800397c   Section        0  sw_timer.o(i.sw_timer_init)
    i.task_can_tx                            0x080039a8   Section        0  can_tx_server.o(i.task_can_tx)
    i.user_can_init                          0x080039bc   Section        0  user_can.o(i.user_can_init)
    i.user_io_init                           0x08003a24   Section        0  user_io.o(i.user_io_init)
    i.user_motion_init                       0x08003ad0   Section        0  main.o(i.user_motion_init)
    i.user_receive_data                      0x08003b28   Section        0  user_uart.o(i.user_receive_data)
    user_receive_data                        0x08003b29   Thumb Code    72  user_uart.o(i.user_receive_data)
    i.user_time_init                         0x08003b74   Section        0  user_time.o(i.user_time_init)
    i.user_uart_init                         0x08003bb0   Section        0  user_uart.o(i.user_uart_init)
    .constdata                               0x08003bd8   Section       16  system_stm32f1xx.o(.constdata)
    .constdata                               0x08003be8   Section        8  system_stm32f1xx.o(.constdata)
    .constdata                               0x08003bf0   Section       12  user_can.o(.constdata)
    .data                                    0x20000000   Section        4  stm32f1xx_hal.o(.data)
    .data                                    0x20000004   Section        4  system_stm32f1xx.o(.data)
    .data                                    0x20000008   Section        3  user_time.o(.data)
    status                                   0x20000008   Data           3  user_time.o(.data)
    .data                                    0x2000000b   Section        2  user_uart.o(.data)
    uart1_receive_data                       0x2000000b   Data           1  user_uart.o(.data)
    uart2_receive_data                       0x2000000c   Data           1  user_uart.o(.data)
    .data                                    0x20000010   Section       20  main.o(.data)
    send_seat                                0x20000010   Data           1  main.o(.data)
    led_count                                0x20000018   Data           4  main.o(.data)
    send_buf                                 0x2000001c   Data           4  main.o(.data)
    send_index                               0x20000020   Data           4  main.o(.data)
    .data                                    0x20000024   Section       72  can_tx_server.o(.data)
    update_flag                              0x20000024   Data           1  can_tx_server.o(.data)
    .data                                    0x2000006c   Section       16  sw_timer.o(.data)
    .bss                                     0x2000007c   Section      100  user_io.o(.bss)
    delay_count                              0x2000007c   Data          16  user_io.o(.bss)
    adc_buf                                  0x2000008c   Data          70  user_io.o(.bss)
    adc_result                               0x200000d2   Data          14  user_io.o(.bss)
    .bss                                     0x200000e0   Section       23  user_uart.o(.bss)
    .bss                                     0x200000f8   Section      628  main.o(.bss)
    .bss                                     0x2000036c   Section       68  main.o(.bss)
    .bss                                     0x200003b0   Section       96  can_tx_server.o(.bss)
    .bss                                     0x20000410   Section       96  user_can.o(.bss)
    STACK                                    0x20000470   Section     1024  startup_stm32f103xe.o(STACK)

    Global Symbols

    Symbol Name                              Value     Ov Type        Size  Object(Section)

    BuildAttributes$$THM_ISAv4$P$D$K$B$S$PE$A:L22UL41UL21$X:L11$S22US41US21$IEEE1$IW$USESV6$~STKCKD$USESV7$~SHL$OSPACE$ROPI$EBA8$MICROLIB$REQ8$PRES8$EABIv2 0x00000000   Number         0  anon$$obj.o ABSOLUTE
    __ARM_use_no_argv                        0x00000000   Number         0  main.o ABSOLUTE
    __cpp_initialize__aeabi_                  - Undefined Weak Reference
    __cxa_finalize                            - Undefined Weak Reference
    __decompress                              - Undefined Weak Reference
    _clock_init                               - Undefined Weak Reference
    _microlib_exit                            - Undefined Weak Reference
    __Vectors_Size                           0x00000130   Number         0  startup_stm32f103xe.o ABSOLUTE
    __Vectors                                0x08000000   Data           4  startup_stm32f103xe.o(RESET)
    __Vectors_End                            0x08000130   Data           0  startup_stm32f103xe.o(RESET)
    __main                                   0x08000131   Thumb Code     0  entry.o(.ARM.Collect$$$$00000000)
    _main_stk                                0x08000131   Thumb Code     0  entry2.o(.ARM.Collect$$$$00000001)
    _main_scatterload                        0x08000135   Thumb Code     0  entry5.o(.ARM.Collect$$$$00000004)
    __main_after_scatterload                 0x08000139   Thumb Code     0  entry5.o(.ARM.Collect$$$$00000004)
    _main_clock                              0x08000139   Thumb Code     0  entry7b.o(.ARM.Collect$$$$00000008)
    _main_cpp_init                           0x08000139   Thumb Code     0  entry8b.o(.ARM.Collect$$$$0000000A)
    _main_init                               0x08000139   Thumb Code     0  entry9a.o(.ARM.Collect$$$$0000000B)
    __rt_final_cpp                           0x08000141   Thumb Code     0  entry10a.o(.ARM.Collect$$$$0000000D)
    __rt_final_exit                          0x08000141   Thumb Code     0  entry11a.o(.ARM.Collect$$$$0000000F)
    Reset_Handler                            0x08000145   Thumb Code     8  startup_stm32f103xe.o(.text)
    NMI_Handler                              0x0800014d   Thumb Code     2  startup_stm32f103xe.o(.text)
    HardFault_Handler                        0x0800014f   Thumb Code     2  startup_stm32f103xe.o(.text)
    MemManage_Handler                        0x08000151   Thumb Code     2  startup_stm32f103xe.o(.text)
    BusFault_Handler                         0x08000153   Thumb Code     2  startup_stm32f103xe.o(.text)
    UsageFault_Handler                       0x08000155   Thumb Code     2  startup_stm32f103xe.o(.text)
    SVC_Handler                              0x08000157   Thumb Code     2  startup_stm32f103xe.o(.text)
    DebugMon_Handler                         0x08000159   Thumb Code     2  startup_stm32f103xe.o(.text)
    PendSV_Handler                           0x0800015b   Thumb Code     2  startup_stm32f103xe.o(.text)
    ADC1_2_IRQHandler                        0x0800015f   Thumb Code     0  startup_stm32f103xe.o(.text)
    ADC3_IRQHandler                          0x0800015f   Thumb Code     0  startup_stm32f103xe.o(.text)
    CAN1_RX1_IRQHandler                      0x0800015f   Thumb Code     0  startup_stm32f103xe.o(.text)
    CAN1_SCE_IRQHandler                      0x0800015f   Thumb Code     0  startup_stm32f103xe.o(.text)
    DMA1_Channel2_IRQHandler                 0x0800015f   Thumb Code     0  startup_stm32f103xe.o(.text)
    DMA1_Channel3_IRQHandler                 0x0800015f   Thumb Code     0  startup_stm32f103xe.o(.text)
    DMA1_Channel4_IRQHandler                 0x0800015f   Thumb Code     0  startup_stm32f103xe.o(.text)
    DMA1_Channel5_IRQHandler                 0x0800015f   Thumb Code     0  startup_stm32f103xe.o(.text)
    DMA1_Channel6_IRQHandler                 0x0800015f   Thumb Code     0  startup_stm32f103xe.o(.text)
    DMA1_Channel7_IRQHandler                 0x0800015f   Thumb Code     0  startup_stm32f103xe.o(.text)
    DMA2_Channel1_IRQHandler                 0x0800015f   Thumb Code     0  startup_stm32f103xe.o(.text)
    DMA2_Channel2_IRQHandler                 0x0800015f   Thumb Code     0  startup_stm32f103xe.o(.text)
    DMA2_Channel3_IRQHandler                 0x0800015f   Thumb Code     0  startup_stm32f103xe.o(.text)
    DMA2_Channel4_5_IRQHandler               0x0800015f   Thumb Code     0  startup_stm32f103xe.o(.text)
    EXTI15_10_IRQHandler                     0x0800015f   Thumb Code     0  startup_stm32f103xe.o(.text)
    FLASH_IRQHandler                         0x0800015f   Thumb Code     0  startup_stm32f103xe.o(.text)
    FSMC_IRQHandler                          0x0800015f   Thumb Code     0  startup_stm32f103xe.o(.text)
    I2C1_ER_IRQHandler                       0x0800015f   Thumb Code     0  startup_stm32f103xe.o(.text)
    I2C1_EV_IRQHandler                       0x0800015f   Thumb Code     0  startup_stm32f103xe.o(.text)
    I2C2_ER_IRQHandler                       0x0800015f   Thumb Code     0  startup_stm32f103xe.o(.text)
    I2C2_EV_IRQHandler                       0x0800015f   Thumb Code     0  startup_stm32f103xe.o(.text)
    PVD_IRQHandler                           0x0800015f   Thumb Code     0  startup_stm32f103xe.o(.text)
    RCC_IRQHandler                           0x0800015f   Thumb Code     0  startup_stm32f103xe.o(.text)
    RTC_Alarm_IRQHandler                     0x0800015f   Thumb Code     0  startup_stm32f103xe.o(.text)
    RTC_IRQHandler                           0x0800015f   Thumb Code     0  startup_stm32f103xe.o(.text)
    SDIO_IRQHandler                          0x0800015f   Thumb Code     0  startup_stm32f103xe.o(.text)
    SPI1_IRQHandler                          0x0800015f   Thumb Code     0  startup_stm32f103xe.o(.text)
    SPI2_IRQHandler                          0x0800015f   Thumb Code     0  startup_stm32f103xe.o(.text)
    SPI3_IRQHandler                          0x0800015f   Thumb Code     0  startup_stm32f103xe.o(.text)
    TAMPER_IRQHandler                        0x0800015f   Thumb Code     0  startup_stm32f103xe.o(.text)
    TIM1_BRK_IRQHandler                      0x0800015f   Thumb Code     0  startup_stm32f103xe.o(.text)
    TIM1_CC_IRQHandler                       0x0800015f   Thumb Code     0  startup_stm32f103xe.o(.text)
    TIM1_TRG_COM_IRQHandler                  0x0800015f   Thumb Code     0  startup_stm32f103xe.o(.text)
    TIM4_IRQHandler                          0x0800015f   Thumb Code     0  startup_stm32f103xe.o(.text)
    TIM5_IRQHandler                          0x0800015f   Thumb Code     0  startup_stm32f103xe.o(.text)
    TIM6_IRQHandler                          0x0800015f   Thumb Code     0  startup_stm32f103xe.o(.text)
    TIM7_IRQHandler                          0x0800015f   Thumb Code     0  startup_stm32f103xe.o(.text)
    TIM8_BRK_IRQHandler                      0x0800015f   Thumb Code     0  startup_stm32f103xe.o(.text)
    TIM8_CC_IRQHandler                       0x0800015f   Thumb Code     0  startup_stm32f103xe.o(.text)
    TIM8_TRG_COM_IRQHandler                  0x0800015f   Thumb Code     0  startup_stm32f103xe.o(.text)
    TIM8_UP_IRQHandler                       0x0800015f   Thumb Code     0  startup_stm32f103xe.o(.text)
    UART4_IRQHandler                         0x0800015f   Thumb Code     0  startup_stm32f103xe.o(.text)
    UART5_IRQHandler                         0x0800015f   Thumb Code     0  startup_stm32f103xe.o(.text)
    USART3_IRQHandler                        0x0800015f   Thumb Code     0  startup_stm32f103xe.o(.text)
    USBWakeUp_IRQHandler                     0x0800015f   Thumb Code     0  startup_stm32f103xe.o(.text)
    USB_HP_CAN1_TX_IRQHandler                0x0800015f   Thumb Code     0  startup_stm32f103xe.o(.text)
    WWDG_IRQHandler                          0x0800015f   Thumb Code     0  startup_stm32f103xe.o(.text)
    __aeabi_llsr                             0x08000169   Thumb Code    32  llushr.o(.text)
    _ll_ushift_r                             0x08000169   Thumb Code     0  llushr.o(.text)
    __aeabi_memset                           0x08000189   Thumb Code    14  memseta.o(.text)
    __aeabi_memset4                          0x08000189   Thumb Code     0  memseta.o(.text)
    __aeabi_memset8                          0x08000189   Thumb Code     0  memseta.o(.text)
    __aeabi_memclr                           0x08000197   Thumb Code     4  memseta.o(.text)
    __aeabi_memclr4                          0x08000197   Thumb Code     0  memseta.o(.text)
    __aeabi_memclr8                          0x08000197   Thumb Code     0  memseta.o(.text)
    _memset$wrapper                          0x0800019b   Thumb Code    18  memseta.o(.text)
    __aeabi_d2uiz                            0x080001ad   Thumb Code    50  dfixui.o(.text)
    __I$use$fp                               0x080001df   Thumb Code     0  iusefp.o(.text)
    __scatterload                            0x080001e1   Thumb Code    28  init.o(.text)
    __scatterload_rt2                        0x080001e1   Thumb Code     0  init.o(.text)
    ADC_ConversionStop_Disable               0x08000205   Thumb Code    76  stm32f1xx_hal_adc.o(i.ADC_ConversionStop_Disable)
    ADC_DMAConvCplt                          0x08000251   Thumb Code    78  stm32f1xx_hal_adc.o(i.ADC_DMAConvCplt)
    ADC_DMAError                             0x0800029f   Thumb Code    26  stm32f1xx_hal_adc.o(i.ADC_DMAError)
    ADC_DMAHalfConvCplt                      0x080002b9   Thumb Code    10  stm32f1xx_hal_adc.o(i.ADC_DMAHalfConvCplt)
    ADC_Enable                               0x080002c5   Thumb Code   104  stm32f1xx_hal_adc.o(i.ADC_Enable)
    DMA1_Channel1_IRQHandler                 0x0800045d   Thumb Code     6  stm32f1xx_it.o(i.DMA1_Channel1_IRQHandler)
    EXTI0_IRQHandler                         0x08000493   Thumb Code     6  stm32f1xx_it.o(i.EXTI0_IRQHandler)
    EXTI1_IRQHandler                         0x08000499   Thumb Code     6  stm32f1xx_it.o(i.EXTI1_IRQHandler)
    EXTI2_IRQHandler                         0x0800049f   Thumb Code     6  stm32f1xx_it.o(i.EXTI2_IRQHandler)
    EXTI3_IRQHandler                         0x080004a5   Thumb Code     6  stm32f1xx_it.o(i.EXTI3_IRQHandler)
    EXTI4_IRQHandler                         0x080004ab   Thumb Code     6  stm32f1xx_it.o(i.EXTI4_IRQHandler)
    EXTI9_5_IRQHandler                       0x080004b1   Thumb Code     6  stm32f1xx_it.o(i.EXTI9_5_IRQHandler)
    HAL_ADCEx_Calibration_Start              0x080004b9   Thumb Code   194  stm32f1xx_hal_adc_ex.o(i.HAL_ADCEx_Calibration_Start)
    HAL_ADC_ConfigChannel                    0x08000581   Thumb Code   240  stm32f1xx_hal_adc.o(i.HAL_ADC_ConfigChannel)
    HAL_ADC_ConvCpltCallback                 0x0800067d   Thumb Code   222  user_io.o(i.HAL_ADC_ConvCpltCallback)
    HAL_ADC_ConvHalfCpltCallback             0x0800076d   Thumb Code     2  stm32f1xx_hal_adc.o(i.HAL_ADC_ConvHalfCpltCallback)
    HAL_ADC_ErrorCallback                    0x0800076f   Thumb Code     2  stm32f1xx_hal_adc.o(i.HAL_ADC_ErrorCallback)
    HAL_ADC_Init                             0x08000771   Thumb Code   276  stm32f1xx_hal_adc.o(i.HAL_ADC_Init)
    HAL_ADC_MspInit                          0x08000895   Thumb Code   102  stm32f1xx_hal_msp.o(i.HAL_ADC_MspInit)
    HAL_ADC_Start_DMA                        0x0800092d   Thumb Code   246  stm32f1xx_hal_adc.o(i.HAL_ADC_Start_DMA)
    HAL_CAN_ConfigFilter                     0x08000a39   Thumb Code   242  stm32f1xx_hal_can.o(i.HAL_CAN_ConfigFilter)
    HAL_CAN_ErrorCallback                    0x08000b2b   Thumb Code     2  stm32f1xx_hal_can.o(i.HAL_CAN_ErrorCallback)
    HAL_CAN_IRQHandler                       0x08000b2d   Thumb Code   548  stm32f1xx_hal_can.o(i.HAL_CAN_IRQHandler)
    HAL_CAN_Init                             0x08000d61   Thumb Code   300  stm32f1xx_hal_can.o(i.HAL_CAN_Init)
    HAL_CAN_MspInit                          0x08000e8d   Thumb Code    92  stm32f1xx_hal_msp.o(i.HAL_CAN_MspInit)
    HAL_CAN_Receive_IT                       0x08000ef5   Thumb Code   180  stm32f1xx_hal_can.o(i.HAL_CAN_Receive_IT)
    HAL_CAN_RxCpltCallback                   0x08000fa9   Thumb Code    40  user_can.o(i.HAL_CAN_RxCpltCallback)
    HAL_CAN_TxCpltCallback                   0x08000fd5   Thumb Code     2  stm32f1xx_hal_can.o(i.HAL_CAN_TxCpltCallback)
    HAL_DMA_Abort_IT                         0x08000fd9   Thumb Code   296  stm32f1xx_hal_dma.o(i.HAL_DMA_Abort_IT)
    HAL_DMA_IRQHandler                       0x08001109   Thumb Code   552  stm32f1xx_hal_dma.o(i.HAL_DMA_IRQHandler)
    HAL_DMA_Init                             0x08001351   Thumb Code   120  stm32f1xx_hal_dma.o(i.HAL_DMA_Init)
    HAL_DMA_Start_IT                         0x080013d5   Thumb Code   112  stm32f1xx_hal_dma.o(i.HAL_DMA_Start_IT)
    HAL_GPIO_EXTI_Callback                   0x08001445   Thumb Code     2  user_io.o(i.HAL_GPIO_EXTI_Callback)
    HAL_GPIO_EXTI_IRQHandler                 0x08001449   Thumb Code    18  stm32f1xx_hal_gpio.o(i.HAL_GPIO_EXTI_IRQHandler)
    HAL_GPIO_Init                            0x08001461   Thumb Code   446  stm32f1xx_hal_gpio.o(i.HAL_GPIO_Init)
    HAL_GPIO_ReadPin                         0x08001649   Thumb Code    10  stm32f1xx_hal_gpio.o(i.HAL_GPIO_ReadPin)
    HAL_GPIO_TogglePin                       0x08001653   Thumb Code     8  stm32f1xx_hal_gpio.o(i.HAL_GPIO_TogglePin)
    HAL_GPIO_WritePin                        0x0800165b   Thumb Code    10  stm32f1xx_hal_gpio.o(i.HAL_GPIO_WritePin)
    HAL_GetTick                              0x08001665   Thumb Code     6  stm32f1xx_hal.o(i.HAL_GetTick)
    HAL_IncTick                              0x08001671   Thumb Code    10  stm32f1xx_hal.o(i.HAL_IncTick)
    HAL_Init                                 0x08001681   Thumb Code    32  stm32f1xx_hal.o(i.HAL_Init)
    HAL_InitTick                             0x080016a5   Thumb Code    34  stm32f1xx_hal.o(i.HAL_InitTick)
    HAL_MspInit                              0x080016cd   Thumb Code   122  stm32f1xx_hal_msp.o(i.HAL_MspInit)
    HAL_NVIC_EnableIRQ                       0x08001751   Thumb Code    22  stm32f1xx_hal_cortex.o(i.HAL_NVIC_EnableIRQ)
    HAL_NVIC_SetPriority                     0x08001769   Thumb Code    60  stm32f1xx_hal_cortex.o(i.HAL_NVIC_SetPriority)
    HAL_NVIC_SetPriorityGrouping             0x080017a9   Thumb Code    26  stm32f1xx_hal_cortex.o(i.HAL_NVIC_SetPriorityGrouping)
    HAL_RCCEx_GetPeriphCLKFreq               0x080017cd   Thumb Code   180  stm32f1xx_hal_rcc_ex.o(i.HAL_RCCEx_GetPeriphCLKFreq)
    HAL_RCCEx_PeriphCLKConfig                0x080018a1   Thumb Code   224  stm32f1xx_hal_rcc_ex.o(i.HAL_RCCEx_PeriphCLKConfig)
    HAL_RCC_ClockConfig                      0x0800198d   Thumb Code   322  stm32f1xx_hal_rcc.o(i.HAL_RCC_ClockConfig)
    HAL_RCC_GetHCLKFreq                      0x08001ae1   Thumb Code     6  stm32f1xx_hal_rcc.o(i.HAL_RCC_GetHCLKFreq)
    HAL_RCC_GetPCLK1Freq                     0x08001aed   Thumb Code    20  stm32f1xx_hal_rcc.o(i.HAL_RCC_GetPCLK1Freq)
    HAL_RCC_GetPCLK2Freq                     0x08001b0d   Thumb Code    20  stm32f1xx_hal_rcc.o(i.HAL_RCC_GetPCLK2Freq)
    HAL_RCC_GetSysClockFreq                  0x08001b2d   Thumb Code    74  stm32f1xx_hal_rcc.o(i.HAL_RCC_GetSysClockFreq)
    HAL_RCC_OscConfig                        0x08001b99   Thumb Code   750  stm32f1xx_hal_rcc.o(i.HAL_RCC_OscConfig)
    HAL_SYSTICK_CLKSourceConfig              0x08001e9d   Thumb Code    24  stm32f1xx_hal_cortex.o(i.HAL_SYSTICK_CLKSourceConfig)
    HAL_SYSTICK_Callback                     0x08001eb5   Thumb Code     2  stm32f1xx_hal_cortex.o(i.HAL_SYSTICK_Callback)
    HAL_SYSTICK_Config                       0x08001eb7   Thumb Code    40  stm32f1xx_hal_cortex.o(i.HAL_SYSTICK_Config)
    HAL_SYSTICK_IRQHandler                   0x08001edf   Thumb Code     8  stm32f1xx_hal_cortex.o(i.HAL_SYSTICK_IRQHandler)
    HAL_TIMEx_BreakCallback                  0x08001ee7   Thumb Code     2  stm32f1xx_hal_tim_ex.o(i.HAL_TIMEx_BreakCallback)
    HAL_TIMEx_CommutationCallback            0x08001ee9   Thumb Code     2  stm32f1xx_hal_tim_ex.o(i.HAL_TIMEx_CommutationCallback)
    HAL_TIMEx_MasterConfigSynchronization    0x08001eeb   Thumb Code    80  stm32f1xx_hal_tim_ex.o(i.HAL_TIMEx_MasterConfigSynchronization)
    HAL_TIM_Base_Init                        0x08001f3b   Thumb Code    54  stm32f1xx_hal_tim.o(i.HAL_TIM_Base_Init)
    HAL_TIM_Base_MspInit                     0x08001f71   Thumb Code   122  stm32f1xx_hal_msp.o(i.HAL_TIM_Base_MspInit)
    HAL_TIM_Base_Start_IT                    0x08001ff9   Thumb Code    24  stm32f1xx_hal_tim.o(i.HAL_TIM_Base_Start_IT)
    HAL_TIM_ConfigClockSource                0x08002011   Thumb Code   242  stm32f1xx_hal_tim.o(i.HAL_TIM_ConfigClockSource)
    HAL_TIM_IC_CaptureCallback               0x08002103   Thumb Code     2  stm32f1xx_hal_tim.o(i.HAL_TIM_IC_CaptureCallback)
    HAL_TIM_IRQHandler                       0x08002105   Thumb Code   358  stm32f1xx_hal_tim.o(i.HAL_TIM_IRQHandler)
    HAL_TIM_OC_DelayElapsedCallback          0x0800226b   Thumb Code     2  stm32f1xx_hal_tim.o(i.HAL_TIM_OC_DelayElapsedCallback)
    HAL_TIM_PWM_PulseFinishedCallback        0x0800226d   Thumb Code     2  stm32f1xx_hal_tim.o(i.HAL_TIM_PWM_PulseFinishedCallback)
    HAL_TIM_PeriodElapsedCallback            0x08002271   Thumb Code    36  user_time.o(i.HAL_TIM_PeriodElapsedCallback)
    HAL_TIM_TriggerCallback                  0x0800229d   Thumb Code     2  stm32f1xx_hal_tim.o(i.HAL_TIM_TriggerCallback)
    HAL_UART_ErrorCallback                   0x0800229f   Thumb Code     2  stm32f1xx_hal_uart.o(i.HAL_UART_ErrorCallback)
    HAL_UART_IRQHandler                      0x080022a1   Thumb Code   266  stm32f1xx_hal_uart.o(i.HAL_UART_IRQHandler)
    HAL_UART_Init                            0x080023b1   Thumb Code    98  stm32f1xx_hal_uart.o(i.HAL_UART_Init)
    HAL_UART_MspInit                         0x08002415   Thumb Code   190  stm32f1xx_hal_msp.o(i.HAL_UART_MspInit)
    HAL_UART_Receive_IT                      0x080024ed   Thumb Code    82  stm32f1xx_hal_uart.o(i.HAL_UART_Receive_IT)
    HAL_UART_RxCpltCallback                  0x08002541   Thumb Code    56  user_uart.o(i.HAL_UART_RxCpltCallback)
    HAL_UART_TxCpltCallback                  0x0800258d   Thumb Code     2  stm32f1xx_hal_uart.o(i.HAL_UART_TxCpltCallback)
    SysTick_Handler                          0x08002985   Thumb Code    14  stm32f1xx_it.o(i.SysTick_Handler)
    SystemClock_Config                       0x08002993   Thumb Code   128  main.o(i.SystemClock_Config)
    SystemInit                               0x08002a15   Thumb Code    56  system_stm32f1xx.o(i.SystemInit)
    TIM1_UP_IRQHandler                       0x08002a5d   Thumb Code     6  stm32f1xx_it.o(i.TIM1_UP_IRQHandler)
    TIM2_IRQHandler                          0x08002a69   Thumb Code     6  stm32f1xx_it.o(i.TIM2_IRQHandler)
    TIM3_IRQHandler                          0x08002a75   Thumb Code     6  stm32f1xx_it.o(i.TIM3_IRQHandler)
    TIM_Base_SetConfig                       0x08002a81   Thumb Code   120  stm32f1xx_hal_tim.o(i.TIM_Base_SetConfig)
    USART1_IRQHandler                        0x08002e0d   Thumb Code     6  stm32f1xx_it.o(i.USART1_IRQHandler)
    USART2_IRQHandler                        0x08002e19   Thumb Code     6  stm32f1xx_it.o(i.USART2_IRQHandler)
    USB_LP_CAN1_RX0_IRQHandler               0x08002e25   Thumb Code     6  stm32f1xx_it.o(i.USB_LP_CAN1_RX0_IRQHandler)
    _Error_Handler                           0x08002e31   Thumb Code     2  main.o(i._Error_Handler)
    __scatterload_copy                       0x08002e33   Thumb Code    14  handlers.o(i.__scatterload_copy)
    __scatterload_null                       0x08002e41   Thumb Code     2  handlers.o(i.__scatterload_null)
    __scatterload_zeroinit                   0x08002e43   Thumb Code    14  handlers.o(i.__scatterload_zeroinit)
    can_rx_handle                            0x08002e51   Thumb Code   112  can_tx_server.o(i.can_rx_handle)
    can_rx_init                              0x08002ed5   Thumb Code    74  can_tx_server.o(i.can_rx_init)
    can_tx_handle                            0x08002fcd   Thumb Code    44  can_tx_server.o(i.can_tx_handle)
    can_tx_servet_init                       0x08003001   Thumb Code    50  can_tx_server.o(i.can_tx_servet_init)
    clr_update_flag                          0x08003095   Thumb Code    18  can_tx_server.o(i.clr_update_flag)
    get_update_flag                          0x080030ad   Thumb Code    18  can_tx_server.o(i.get_update_flag)
    main                                     0x080030c5   Thumb Code  1056  main.o(i.main)
    output_pwm                               0x080034e5   Thumb Code   236  user_time.o(i.output_pwm)
    speed_scan                               0x08003851   Thumb Code   210  main.o(i.speed_scan)
    sw_timer_handle                          0x0800392d   Thumb Code    76  sw_timer.o(i.sw_timer_handle)
    sw_timer_init                            0x0800397d   Thumb Code    38  sw_timer.o(i.sw_timer_init)
    task_can_tx                              0x080039a9   Thumb Code    14  can_tx_server.o(i.task_can_tx)
    user_can_init                            0x080039bd   Thumb Code    90  user_can.o(i.user_can_init)
    user_io_init                             0x08003a25   Thumb Code   146  user_io.o(i.user_io_init)
    user_motion_init                         0x08003ad1   Thumb Code    68  main.o(i.user_motion_init)
    user_time_init                           0x08003b75   Thumb Code    46  user_time.o(i.user_time_init)
    user_uart_init                           0x08003bb1   Thumb Code    28  user_uart.o(i.user_uart_init)
    AHBPrescTable                            0x08003bd8   Data          16  system_stm32f1xx.o(.constdata)
    APBPrescTable                            0x08003be8   Data           8  system_stm32f1xx.o(.constdata)
    Region$$Table$$Base                      0x08003bfc   Number         0  anon$$obj.o(Region$$Table)
    Region$$Table$$Limit                     0x08003c1c   Number         0  anon$$obj.o(Region$$Table)
    uwTick                                   0x20000000   Data           4  stm32f1xx_hal.o(.data)
    SystemCoreClock                          0x20000004   Data           4  system_stm32f1xx.o(.data)
    intput_level                             0x20000011   Data           1  main.o(.data)
    offset_data                              0x20000012   Data           1  main.o(.data)
    status                                   0x20000013   Data           4  main.o(.data)
    tx_msg_cycle_init                        0x20000025   Data           2  can_tx_server.o(.data)
    tx_msg_id_maping                         0x20000028   Data           4  can_tx_server.o(.data)
    can_tx_fun_init                          0x2000002c   Data           8  can_tx_server.o(.data)
    msg_id_mapping                           0x20000034   Data           8  can_tx_server.o(.data)
    can_rx_timeout_init                      0x2000003c   Data           8  can_tx_server.o(.data)
    msg_buff_l                               0x20000044   Data           8  can_tx_server.o(.data)
    can_rx_fun_init                          0x2000004c   Data          16  can_tx_server.o(.data)
    can_rx_ot_process                        0x2000005c   Data          16  can_tx_server.o(.data)
    task_timer_table                         0x2000006c   Data          16  sw_timer.o(.data)
    frame                                    0x200000e0   Data          23  user_uart.o(.bss)
    motion                                   0x200000f8   Data         192  main.o(.bss)
    hadc1                                    0x200001b8   Data          48  main.o(.bss)
    hcan                                     0x200001e8   Data          68  main.o(.bss)
    htim1                                    0x2000022c   Data          64  main.o(.bss)
    htim2                                    0x2000026c   Data          64  main.o(.bss)
    htim3                                    0x200002ac   Data          64  main.o(.bss)
    huart1                                   0x200002ec   Data          64  main.o(.bss)
    huart2                                   0x2000032c   Data          64  main.o(.bss)
    hdma_adc1                                0x2000036c   Data          68  main.o(.bss)
    can_tx_buf                               0x200003b0   Data          16  can_tx_server.o(.bss)
    can_rx_table                             0x200003c0   Data          64  can_tx_server.o(.bss)
    can_tx_table                             0x20000400   Data          16  can_tx_server.o(.bss)
    can_rx_buff                              0x20000410   Data          32  user_can.o(.bss)
    txmessage                                0x20000430   Data          28  user_can.o(.bss)
    rxmessage                                0x2000044c   Data          36  user_can.o(.bss)
    __initial_sp                             0x20000870   Data           0  startup_stm32f103xe.o(STACK)



==============================================================================

Memory Map of the image

  Image Entry point : 0x08000131

  Load Region LR_IROM1 (Base: 0x08000000, Size: 0x00003c98, Max: 0x00080000, ABSOLUTE)

    Execution Region ER_IROM1 (Base: 0x08000000, Size: 0x00003c1c, Max: 0x00080000, ABSOLUTE)

    Base Addr    Size         Type   Attr      Idx    E Section Name        Object

    0x08000000   0x00000130   Data   RO         3413    RESET               startup_stm32f103xe.o
    0x08000130   0x00000000   Code   RO         3418  * .ARM.Collect$$$$00000000  mc_w.l(entry.o)
    0x08000130   0x00000004   Code   RO         3427    .ARM.Collect$$$$00000001  mc_w.l(entry2.o)
    0x08000134   0x00000004   Code   RO         3430    .ARM.Collect$$$$00000004  mc_w.l(entry5.o)
    0x08000138   0x00000000   Code   RO         3432    .ARM.Collect$$$$00000008  mc_w.l(entry7b.o)
    0x08000138   0x00000000   Code   RO         3434    .ARM.Collect$$$$0000000A  mc_w.l(entry8b.o)
    0x08000138   0x00000008   Code   RO         3435    .ARM.Collect$$$$0000000B  mc_w.l(entry9a.o)
    0x08000140   0x00000000   Code   RO         3437    .ARM.Collect$$$$0000000D  mc_w.l(entry10a.o)
    0x08000140   0x00000000   Code   RO         3439    .ARM.Collect$$$$0000000F  mc_w.l(entry11a.o)
    0x08000140   0x00000004   Code   RO         3428    .ARM.Collect$$$$00002712  mc_w.l(entry2.o)
    0x08000144   0x00000024   Code   RO         3414    .text               startup_stm32f103xe.o
    0x08000168   0x00000020   Code   RO         3421    .text               mc_w.l(llushr.o)
    0x08000188   0x00000024   Code   RO         3423    .text               mc_w.l(memseta.o)
    0x080001ac   0x00000032   Code   RO         3425    .text               mf_w.l(dfixui.o)
    0x080001de   0x00000000   Code   RO         3441    .text               mc_w.l(iusefp.o)
    0x080001de   0x00000002   PAD
    0x080001e0   0x00000024   Code   RO         3442    .text               mc_w.l(init.o)
    0x08000204   0x0000004c   Code   RO         2018    i.ADC_ConversionStop_Disable  stm32f1xx_hal_adc.o
    0x08000250   0x0000004e   Code   RO         2019    i.ADC_DMAConvCplt   stm32f1xx_hal_adc.o
    0x0800029e   0x0000001a   Code   RO         2020    i.ADC_DMAError      stm32f1xx_hal_adc.o
    0x080002b8   0x0000000a   Code   RO         2021    i.ADC_DMAHalfConvCplt  stm32f1xx_hal_adc.o
    0x080002c2   0x00000002   PAD
    0x080002c4   0x00000070   Code   RO         2022    i.ADC_Enable        stm32f1xx_hal_adc.o
    0x08000334   0x00000126   Code   RO         2505    i.CAN_Receive_IT    stm32f1xx_hal_can.o
    0x0800045a   0x00000002   PAD
    0x0800045c   0x0000000c   Code   RO         3074    i.DMA1_Channel1_IRQHandler  stm32f1xx_it.o
    0x08000468   0x0000002a   Code   RO         1923    i.DMA_SetConfig     stm32f1xx_hal_dma.o
    0x08000492   0x00000006   Code   RO         3075    i.EXTI0_IRQHandler  stm32f1xx_it.o
    0x08000498   0x00000006   Code   RO         3076    i.EXTI1_IRQHandler  stm32f1xx_it.o
    0x0800049e   0x00000006   Code   RO         3077    i.EXTI2_IRQHandler  stm32f1xx_it.o
    0x080004a4   0x00000006   Code   RO         3078    i.EXTI3_IRQHandler  stm32f1xx_it.o
    0x080004aa   0x00000006   Code   RO         3079    i.EXTI4_IRQHandler  stm32f1xx_it.o
    0x080004b0   0x00000006   Code   RO         3080    i.EXTI9_5_IRQHandler  stm32f1xx_it.o
    0x080004b6   0x00000002   PAD
    0x080004b8   0x000000c8   Code   RO         1026    i.HAL_ADCEx_Calibration_Start  stm32f1xx_hal_adc_ex.o
    0x08000580   0x000000fc   Code   RO         2024    i.HAL_ADC_ConfigChannel  stm32f1xx_hal_adc.o
    0x0800067c   0x000000f0   Code   RO         2705    i.HAL_ADC_ConvCpltCallback  user_io.o
    0x0800076c   0x00000002   Code   RO         2026    i.HAL_ADC_ConvHalfCpltCallback  stm32f1xx_hal_adc.o
    0x0800076e   0x00000002   Code   RO         2028    i.HAL_ADC_ErrorCallback  stm32f1xx_hal_adc.o
    0x08000770   0x00000124   Code   RO         2033    i.HAL_ADC_Init      stm32f1xx_hal_adc.o
    0x08000894   0x00000098   Code   RO         2877    i.HAL_ADC_MspInit   stm32f1xx_hal_msp.o
    0x0800092c   0x0000010c   Code   RO         2040    i.HAL_ADC_Start_DMA  stm32f1xx_hal_adc.o
    0x08000a38   0x000000f2   Code   RO         2506    i.HAL_CAN_ConfigFilter  stm32f1xx_hal_can.o
    0x08000b2a   0x00000002   Code   RO         2508    i.HAL_CAN_ErrorCallback  stm32f1xx_hal_can.o
    0x08000b2c   0x00000234   Code   RO         2511    i.HAL_CAN_IRQHandler  stm32f1xx_hal_can.o
    0x08000d60   0x0000012c   Code   RO         2512    i.HAL_CAN_Init      stm32f1xx_hal_can.o
    0x08000e8c   0x00000068   Code   RO         2879    i.HAL_CAN_MspInit   stm32f1xx_hal_msp.o
    0x08000ef4   0x000000b4   Code   RO         2516    i.HAL_CAN_Receive_IT  stm32f1xx_hal_can.o
    0x08000fa8   0x0000002c   Code   RO         3361    i.HAL_CAN_RxCpltCallback  user_can.o
    0x08000fd4   0x00000002   Code   RO         2521    i.HAL_CAN_TxCpltCallback  stm32f1xx_hal_can.o
    0x08000fd6   0x00000002   PAD
    0x08000fd8   0x00000130   Code   RO         1925    i.HAL_DMA_Abort_IT  stm32f1xx_hal_dma.o
    0x08001108   0x00000248   Code   RO         1929    i.HAL_DMA_IRQHandler  stm32f1xx_hal_dma.o
    0x08001350   0x00000084   Code   RO         1930    i.HAL_DMA_Init      stm32f1xx_hal_dma.o
    0x080013d4   0x00000070   Code   RO         1934    i.HAL_DMA_Start_IT  stm32f1xx_hal_dma.o
    0x08001444   0x00000002   Code   RO         2706    i.HAL_GPIO_EXTI_Callback  user_io.o
    0x08001446   0x00000002   PAD
    0x08001448   0x00000018   Code   RO         2200    i.HAL_GPIO_EXTI_IRQHandler  stm32f1xx_hal_gpio.o
    0x08001460   0x000001e8   Code   RO         2201    i.HAL_GPIO_Init     stm32f1xx_hal_gpio.o
    0x08001648   0x0000000a   Code   RO         2203    i.HAL_GPIO_ReadPin  stm32f1xx_hal_gpio.o
    0x08001652   0x00000008   Code   RO         2204    i.HAL_GPIO_TogglePin  stm32f1xx_hal_gpio.o
    0x0800165a   0x0000000a   Code   RO         2205    i.HAL_GPIO_WritePin  stm32f1xx_hal_gpio.o
    0x08001664   0x0000000c   Code   RO          896    i.HAL_GetTick       stm32f1xx_hal.o
    0x08001670   0x00000010   Code   RO          898    i.HAL_IncTick       stm32f1xx_hal.o
    0x08001680   0x00000024   Code   RO          899    i.HAL_Init          stm32f1xx_hal.o
    0x080016a4   0x00000028   Code   RO          900    i.HAL_InitTick      stm32f1xx_hal.o
    0x080016cc   0x00000084   Code   RO         2880    i.HAL_MspInit       stm32f1xx_hal_msp.o
    0x08001750   0x00000016   Code   RO         1683    i.HAL_NVIC_EnableIRQ  stm32f1xx_hal_cortex.o
    0x08001766   0x00000002   PAD
    0x08001768   0x00000040   Code   RO         1689    i.HAL_NVIC_SetPriority  stm32f1xx_hal_cortex.o
    0x080017a8   0x00000024   Code   RO         1690    i.HAL_NVIC_SetPriorityGrouping  stm32f1xx_hal_cortex.o
    0x080017cc   0x000000d4   Code   RO         2368    i.HAL_RCCEx_GetPeriphCLKFreq  stm32f1xx_hal_rcc_ex.o
    0x080018a0   0x000000ec   Code   RO         2369    i.HAL_RCCEx_PeriphCLKConfig  stm32f1xx_hal_rcc_ex.o
    0x0800198c   0x00000154   Code   RO         2404    i.HAL_RCC_ClockConfig  stm32f1xx_hal_rcc.o
    0x08001ae0   0x0000000c   Code   RO         2409    i.HAL_RCC_GetHCLKFreq  stm32f1xx_hal_rcc.o
    0x08001aec   0x00000020   Code   RO         2411    i.HAL_RCC_GetPCLK1Freq  stm32f1xx_hal_rcc.o
    0x08001b0c   0x00000020   Code   RO         2412    i.HAL_RCC_GetPCLK2Freq  stm32f1xx_hal_rcc.o
    0x08001b2c   0x0000006c   Code   RO         2413    i.HAL_RCC_GetSysClockFreq  stm32f1xx_hal_rcc.o
    0x08001b98   0x00000304   Code   RO         2416    i.HAL_RCC_OscConfig  stm32f1xx_hal_rcc.o
    0x08001e9c   0x00000018   Code   RO         1692    i.HAL_SYSTICK_CLKSourceConfig  stm32f1xx_hal_cortex.o
    0x08001eb4   0x00000002   Code   RO         1693    i.HAL_SYSTICK_Callback  stm32f1xx_hal_cortex.o
    0x08001eb6   0x00000028   Code   RO         1694    i.HAL_SYSTICK_Config  stm32f1xx_hal_cortex.o
    0x08001ede   0x00000008   Code   RO         1695    i.HAL_SYSTICK_IRQHandler  stm32f1xx_hal_cortex.o
    0x08001ee6   0x00000002   Code   RO         1122    i.HAL_TIMEx_BreakCallback  stm32f1xx_hal_tim_ex.o
    0x08001ee8   0x00000002   Code   RO         1123    i.HAL_TIMEx_CommutationCallback  stm32f1xx_hal_tim_ex.o
    0x08001eea   0x00000050   Code   RO         1139    i.HAL_TIMEx_MasterConfigSynchronization  stm32f1xx_hal_tim_ex.o
    0x08001f3a   0x00000036   Code   RO          226    i.HAL_TIM_Base_Init  stm32f1xx_hal_tim.o
    0x08001f70   0x00000088   Code   RO         2882    i.HAL_TIM_Base_MspInit  stm32f1xx_hal_msp.o
    0x08001ff8   0x00000018   Code   RO          231    i.HAL_TIM_Base_Start_IT  stm32f1xx_hal_tim.o
    0x08002010   0x000000f2   Code   RO          235    i.HAL_TIM_ConfigClockSource  stm32f1xx_hal_tim.o
    0x08002102   0x00000002   Code   RO          255    i.HAL_TIM_IC_CaptureCallback  stm32f1xx_hal_tim.o
    0x08002104   0x00000166   Code   RO          268    i.HAL_TIM_IRQHandler  stm32f1xx_hal_tim.o
    0x0800226a   0x00000002   Code   RO          271    i.HAL_TIM_OC_DelayElapsedCallback  stm32f1xx_hal_tim.o
    0x0800226c   0x00000002   Code   RO          298    i.HAL_TIM_PWM_PulseFinishedCallback  stm32f1xx_hal_tim.o
    0x0800226e   0x00000002   PAD
    0x08002270   0x0000002c   Code   RO         2779    i.HAL_TIM_PeriodElapsedCallback  user_time.o
    0x0800229c   0x00000002   Code   RO          309    i.HAL_TIM_TriggerCallback  stm32f1xx_hal_tim.o
    0x0800229e   0x00000002   Code   RO         1376    i.HAL_UART_ErrorCallback  stm32f1xx_hal_uart.o
    0x080022a0   0x00000110   Code   RO         1379    i.HAL_UART_IRQHandler  stm32f1xx_hal_uart.o
    0x080023b0   0x00000062   Code   RO         1380    i.HAL_UART_Init     stm32f1xx_hal_uart.o
    0x08002412   0x00000002   PAD
    0x08002414   0x000000d8   Code   RO         2884    i.HAL_UART_MspInit  stm32f1xx_hal_msp.o
    0x080024ec   0x00000052   Code   RO         1385    i.HAL_UART_Receive_IT  stm32f1xx_hal_uart.o
    0x0800253e   0x00000002   PAD
    0x08002540   0x0000004c   Code   RO         2820    i.HAL_UART_RxCpltCallback  user_uart.o
    0x0800258c   0x00000002   Code   RO         1391    i.HAL_UART_TxCpltCallback  stm32f1xx_hal_uart.o
    0x0800258e   0x00000002   PAD
    0x08002590   0x000000b0   Code   RO         2949    i.MX_ADC1_Init      main.o
    0x08002640   0x00000040   Code   RO         2950    i.MX_CAN_Init       main.o
    0x08002680   0x000001e4   Code   RO         2951    i.MX_GPIO_Init      main.o
    0x08002864   0x00000058   Code   RO         2952    i.MX_TIM1_Init      main.o
    0x080028bc   0x00000054   Code   RO         2953    i.MX_TIM2_Init      main.o
    0x08002910   0x00000054   Code   RO         2954    i.MX_TIM3_Init      main.o
    0x08002964   0x00000020   Code   RO         1696    i.NVIC_SetPriority  stm32f1xx_hal_cortex.o
    0x08002984   0x0000000e   Code   RO         3081    i.SysTick_Handler   stm32f1xx_it.o
    0x08002992   0x00000080   Code   RO         2955    i.SystemClock_Config  main.o
    0x08002a12   0x00000002   PAD
    0x08002a14   0x00000048   Code   RO         2631    i.SystemInit        system_stm32f1xx.o
    0x08002a5c   0x0000000c   Code   RO         3082    i.TIM1_UP_IRQHandler  stm32f1xx_it.o
    0x08002a68   0x0000000c   Code   RO         3083    i.TIM2_IRQHandler   stm32f1xx_it.o
    0x08002a74   0x0000000c   Code   RO         3084    i.TIM3_IRQHandler   stm32f1xx_it.o
    0x08002a80   0x0000008c   Code   RO          310    i.TIM_Base_SetConfig  stm32f1xx_hal_tim.o
    0x08002b0c   0x00000014   Code   RO          317    i.TIM_ETR_SetConfig  stm32f1xx_hal_tim.o
    0x08002b20   0x00000010   Code   RO          318    i.TIM_ITRx_SetConfig  stm32f1xx_hal_tim.o
    0x08002b30   0x00000022   Code   RO          324    i.TIM_TI1_ConfigInputStage  stm32f1xx_hal_tim.o
    0x08002b52   0x00000024   Code   RO          326    i.TIM_TI2_ConfigInputStage  stm32f1xx_hal_tim.o
    0x08002b76   0x00000010   Code   RO         1393    i.UART_DMAAbortOnError  stm32f1xx_hal_uart.o
    0x08002b86   0x0000001c   Code   RO         1403    i.UART_EndRxTransfer  stm32f1xx_hal_uart.o
    0x08002ba2   0x00000096   Code   RO         1405    i.UART_Receive_IT   stm32f1xx_hal_uart.o
    0x08002c38   0x00000170   Code   RO         1406    i.UART_SetConfig    stm32f1xx_hal_uart.o
    0x08002da8   0x00000062   Code   RO         1407    i.UART_Transmit_IT  stm32f1xx_hal_uart.o
    0x08002e0a   0x00000002   PAD
    0x08002e0c   0x0000000c   Code   RO         3085    i.USART1_IRQHandler  stm32f1xx_it.o
    0x08002e18   0x0000000c   Code   RO         3086    i.USART2_IRQHandler  stm32f1xx_it.o
    0x08002e24   0x0000000c   Code   RO         3087    i.USB_LP_CAN1_RX0_IRQHandler  stm32f1xx_it.o
    0x08002e30   0x00000002   Code   RO         2956    i._Error_Handler    main.o
    0x08002e32   0x0000000e   Code   RO         3446    i.__scatterload_copy  mc_w.l(handlers.o)
    0x08002e40   0x00000002   Code   RO         3447    i.__scatterload_null  mc_w.l(handlers.o)
    0x08002e42   0x0000000e   Code   RO         3448    i.__scatterload_zeroinit  mc_w.l(handlers.o)
    0x08002e50   0x0000007c   Code   RO         3180    i.can_rx_handle     can_tx_server.o
    0x08002ecc   0x00000002   Code   RO         3181    i.can_rx_hb         can_tx_server.o
    0x08002ece   0x00000002   Code   RO         3182    i.can_rx_hb_ot      can_tx_server.o
    0x08002ed0   0x00000002   Code   RO         3183    i.can_rx_hight      can_tx_server.o
    0x08002ed2   0x00000002   Code   RO         3184    i.can_rx_hight_ot   can_tx_server.o
    0x08002ed4   0x00000054   Code   RO         3185    i.can_rx_init       can_tx_server.o
    0x08002f28   0x00000002   Code   RO         3186    i.can_rx_sp         can_tx_server.o
    0x08002f2a   0x00000002   Code   RO         3187    i.can_rx_sp_ot      can_tx_server.o
    0x08002f2c   0x00000002   Code   RO         3188    i.can_rx_speed      can_tx_server.o
    0x08002f2e   0x00000002   Code   RO         3189    i.can_rx_speed_ot   can_tx_server.o
    0x08002f30   0x0000009c   Code   RO         3362    i.can_scale32_idmask  user_can.o
    0x08002fcc   0x00000030   Code   RO         3190    i.can_tx_handle     can_tx_server.o
    0x08002ffc   0x00000002   Code   RO         3191    i.can_tx_nm         can_tx_server.o
    0x08002ffe   0x00000002   PAD
    0x08003000   0x0000003c   Code   RO         3192    i.can_tx_servet_init  can_tx_server.o
    0x0800303c   0x00000002   Code   RO         3193    i.can_tx_status     can_tx_server.o
    0x0800303e   0x00000002   PAD
    0x08003040   0x00000054   Code   RO         3364    i.can_txconfig      user_can.o
    0x08003094   0x00000018   Code   RO         3194    i.clr_update_flag   can_tx_server.o
    0x080030ac   0x00000018   Code   RO         3196    i.get_update_flag   can_tx_server.o
    0x080030c4   0x00000420   Code   RO         2960    i.main              main.o
    0x080034e4   0x000000f8   Code   RO         2780    i.output_pwm        user_time.o
    0x080035dc   0x00000274   Code   RO         2707    i.pid_run           user_io.o
    0x08003850   0x000000dc   Code   RO         2961    i.speed_scan        main.o
    0x0800392c   0x00000050   Code   RO         3325    i.sw_timer_handle   sw_timer.o
    0x0800397c   0x0000002c   Code   RO         3326    i.sw_timer_init     sw_timer.o
    0x080039a8   0x00000014   Code   RO         3200    i.task_can_tx       can_tx_server.o
    0x080039bc   0x00000068   Code   RO         3365    i.user_can_init     user_can.o
    0x08003a24   0x000000ac   Code   RO         2711    i.user_io_init      user_io.o
    0x08003ad0   0x00000058   Code   RO         2962    i.user_motion_init  main.o
    0x08003b28   0x0000004c   Code   RO         2822    i.user_receive_data  user_uart.o
    0x08003b74   0x0000003c   Code   RO         2781    i.user_time_init    user_time.o
    0x08003bb0   0x00000028   Code   RO         2824    i.user_uart_init    user_uart.o
    0x08003bd8   0x00000010   Data   RO         2632    .constdata          system_stm32f1xx.o
    0x08003be8   0x00000008   Data   RO         2633    .constdata          system_stm32f1xx.o
    0x08003bf0   0x0000000c   Data   RO         3367    .constdata          user_can.o
    0x08003bfc   0x00000020   Data   RO         3444    Region$$Table       anon$$obj.o


    Execution Region RW_IRAM1 (Base: 0x20000000, Size: 0x00000870, Max: 0x00010000, ABSOLUTE)

    Base Addr    Size         Type   Attr      Idx    E Section Name        Object

    0x20000000   0x00000004   Data   RW          905    .data               stm32f1xx_hal.o
    0x20000004   0x00000004   Data   RW         2634    .data               system_stm32f1xx.o
    0x20000008   0x00000003   Data   RW         2782    .data               user_time.o
    0x2000000b   0x00000002   Data   RW         2826    .data               user_uart.o
    0x2000000d   0x00000003   PAD
    0x20000010   0x00000014   Data   RW         2966    .data               main.o
    0x20000024   0x00000048   Data   RW         3202    .data               can_tx_server.o
    0x2000006c   0x00000010   Data   RW         3327    .data               sw_timer.o
    0x2000007c   0x00000064   Zero   RW         2712    .bss                user_io.o
    0x200000e0   0x00000017   Zero   RW         2825    .bss                user_uart.o
    0x200000f7   0x00000001   PAD
    0x200000f8   0x00000274   Zero   RW         2963    .bss                main.o
    0x2000036c   0x00000044   Zero   RW         2964    .bss                main.o
    0x200003b0   0x00000060   Zero   RW         3201    .bss                can_tx_server.o
    0x20000410   0x00000060   Zero   RW         3366    .bss                user_can.o
    0x20000470   0x00000400   Zero   RW         3411    STACK               startup_stm32f103xe.o


==============================================================================

Image component sizes


      Code (inc. data)   RO Data    RW Data    ZI Data      Debug   Object Name

       404         54          0         72         96      11100   can_tx_server.o
      2474        164          0         20        696      12585   main.o
        36          8        304          0       1024        784   startup_stm32f103xe.o
       104         22          0          4          0       3175   stm32f1xx_hal.o
      1118         58          0          0          0       7459   stm32f1xx_hal_adc.o
       200          6          0          0          0       1402   stm32f1xx_hal_adc_ex.o
      1584         16          0          0          0       6037   stm32f1xx_hal_can.o
       228         14          0          0          0      27185   stm32f1xx_hal_cortex.o
      1174         52          0          0          0       4130   stm32f1xx_hal_dma.o
       540         48          0          0          0       4355   stm32f1xx_hal_gpio.o
         0          0          0          0          0     512960   stm32f1xx_hal_gpio_ex.o
       740        112          0          0          0       3752   stm32f1xx_hal_msp.o
      1296        104          0          0          0       5556   stm32f1xx_hal_rcc.o
       448         44          0          0          0       2465   stm32f1xx_hal_rcc_ex.o
       932         20          0          0          0       9211   stm32f1xx_hal_tim.o
        84          0          0          0          0       2354   stm32f1xx_hal_tim_ex.o
      1116         10          0          0          0       7067   stm32f1xx_hal_uart.o
       134         42          0          0          0       6295   stm32f1xx_it.o
       124         10          0         16          0       1813   sw_timer.o
        72         16         24          4          0       1211   system_stm32f1xx.o
       388         60         12          0         96       3863   user_can.o
         0          0          0          0          0       1499   user_flash.o
      1042        296          0          0        100       6243   user_io.o
       352         34          0          3          0       2234   user_time.o
       192         36          0          2         23       2702   user_uart.o

    ----------------------------------------------------------------------
     14810       1226        372        124       2036     647437   Object Totals
         0          0         32          0          0          0   (incl. Generated)
        28          0          0          3          1          0   (incl. Padding)

    ----------------------------------------------------------------------

      Code (inc. data)   RO Data    RW Data    ZI Data      Debug   Library Member Name

         0          0          0          0          0          0   entry.o
         0          0          0          0          0          0   entry10a.o
         0          0          0          0          0          0   entry11a.o
         8          4          0          0          0          0   entry2.o
         4          0          0          0          0          0   entry5.o
         0          0          0          0          0          0   entry7b.o
         0          0          0          0          0          0   entry8b.o
         8          4          0          0          0          0   entry9a.o
        30          0          0          0          0          0   handlers.o
        36          8          0          0          0         68   init.o
         0          0          0          0          0          0   iusefp.o
        32          0          0          0          0         68   llushr.o
        36          0          0          0          0        108   memseta.o
        50          0          0          0          0         76   dfixui.o

    ----------------------------------------------------------------------
       206         16          0          0          0        320   Library Totals
         2          0          0          0          0          0   (incl. Padding)

    ----------------------------------------------------------------------

      Code (inc. data)   RO Data    RW Data    ZI Data      Debug   Library Name

       154         16          0          0          0        244   mc_w.l
        50          0          0          0          0         76   mf_w.l

    ----------------------------------------------------------------------
       206         16          0          0          0        320   Library Totals

    ----------------------------------------------------------------------

==============================================================================


      Code (inc. data)   RO Data    RW Data    ZI Data      Debug   

     15016       1242        372        124       2036     640837   Grand Totals
     15016       1242        372        124       2036     640837   ELF Image Totals
     15016       1242        372        124          0          0   ROM Totals

==============================================================================

    Total RO  Size (Code + RO Data)                15388 (  15.03kB)
    Total RW  Size (RW Data + ZI Data)              2160 (   2.11kB)
    Total ROM Size (Code + RO Data + RW Data)      15512 (  15.15kB)

==============================================================================

